../Drivers/CMSIS/Include/core_cm4.h:2064:26:ITM_SendChar	16	static,ignoring_inline_asm
../Core/Src/main.c:210:5:main	8	static
../Core/Src/main.c:333:6:SystemClock_Config	88	static
../Core/Src/main.c:380:13:MX_I2C1_Init	8	static
../Core/Src/main.c:414:13:MX_I2S3_Init	8	static
../Core/Src/main.c:448:13:MX_RTC_Init	8	static
../Core/Src/main.c:483:13:MX_SPI1_Init	8	static
../Core/Src/main.c:521:13:MX_TIM2_Init	32	static
../Core/Src/main.c:566:13:MX_TIM3_Init	32	static
../Core/Src/main.c:611:13:MX_TIM4_Init	32	static
../Core/Src/main.c:656:13:MX_USART2_UART_Init	8	static
../Core/Src/main.c:687:13:MX_DMA_Init	16	static
../Core/Src/main.c:705:13:MX_GPIO_Init	56	static
../Core/Src/main.c:801:6:HAL_GPIO_EXTI_Callback	16	static
../Core/Src/main.c:808:5:__io_putchar	16	static
../Core/Src/main.c:813:6:HAL_UARTEx_RxEventCallback	16	static
../Core/Src/main.c:837:6:calculate_pitch_roll	40	static
../Core/Src/main.c:860:20:moving_average_filter	88	static
../Core/Src/main.c:898:9:check_command_from_uart	32	static
../Core/Src/main.c:919:6:MY_User_Message	184	static
../Core/Src/main.c:1030:6:MY_RTC_Time	40	static
../Core/Src/main.c:1058:6:MY_Get_Acc_Data	80	static
../Core/Src/main.c:1087:6:my_Int_Task	16	static
../Core/Src/main.c:1110:6:MY_freeRTOS_Task_Manager	16	static
../Core/Src/main.c:1131:6:MY_Process_AccData	2512	static
../Core/Src/main.c:1167:6:MY_Process_CMD	48	static
../Core/Src/main.c:1191:6:HAL_TIM_PeriodElapsedCallback	16	static
../Core/Src/main.c:1214:6:Error_Handler	4	static,ignoring_inline_asm
