Archive member included to satisfy reference by file (symbol)

/opt/st/stm32cubeide_1.15.0/plugins/com.st.stm32cube.ide.mcu.externaltools.gnu-tools-for-stm32.12.3.rel1.linux64_1.0.100.202403111256/tools/bin/../lib/gcc/arm-none-eabi/12.3.1/../../../../arm-none-eabi/lib/thumb/v7e-m+fp/hard/libc_nano.a(libc_a-exit.o)
                              /opt/st/stm32cubeide_1.15.0/plugins/com.st.stm32cube.ide.mcu.externaltools.gnu-tools-for-stm32.12.3.rel1.linux64_1.0.100.202403111256/tools/bin/../lib/gcc/arm-none-eabi/12.3.1/../../../../arm-none-eabi/lib/thumb/v7e-m+fp/hard/crt0.o (exit)
/opt/st/stm32cubeide_1.15.0/plugins/com.st.stm32cube.ide.mcu.externaltools.gnu-tools-for-stm32.12.3.rel1.linux64_1.0.100.202403111256/tools/bin/../lib/gcc/arm-none-eabi/12.3.1/../../../../arm-none-eabi/lib/thumb/v7e-m+fp/hard/libc_nano.a(libc_a-malloc.o)
                              ./Middlewares/ST/STM32_USB_Host_Library/Class/CDC/Src/usbh_cdc.o (malloc)
/opt/st/stm32cubeide_1.15.0/plugins/com.st.stm32cube.ide.mcu.externaltools.gnu-tools-for-stm32.12.3.rel1.linux64_1.0.100.202403111256/tools/bin/../lib/gcc/arm-none-eabi/12.3.1/../../../../arm-none-eabi/lib/thumb/v7e-m+fp/hard/libc_nano.a(libc_a-mallocr.o)
                              /opt/st/stm32cubeide_1.15.0/plugins/com.st.stm32cube.ide.mcu.externaltools.gnu-tools-for-stm32.12.3.rel1.linux64_1.0.100.202403111256/tools/bin/../lib/gcc/arm-none-eabi/12.3.1/../../../../arm-none-eabi/lib/thumb/v7e-m+fp/hard/libc_nano.a(libc_a-malloc.o) (_malloc_r)
/opt/st/stm32cubeide_1.15.0/plugins/com.st.stm32cube.ide.mcu.externaltools.gnu-tools-for-stm32.12.3.rel1.linux64_1.0.100.202403111256/tools/bin/../lib/gcc/arm-none-eabi/12.3.1/../../../../arm-none-eabi/lib/thumb/v7e-m+fp/hard/libc_nano.a(libc_a-mlock.o)
                              /opt/st/stm32cubeide_1.15.0/plugins/com.st.stm32cube.ide.mcu.externaltools.gnu-tools-for-stm32.12.3.rel1.linux64_1.0.100.202403111256/tools/bin/../lib/gcc/arm-none-eabi/12.3.1/../../../../arm-none-eabi/lib/thumb/v7e-m+fp/hard/libc_nano.a(libc_a-mallocr.o) (__malloc_lock)
/opt/st/stm32cubeide_1.15.0/plugins/com.st.stm32cube.ide.mcu.externaltools.gnu-tools-for-stm32.12.3.rel1.linux64_1.0.100.202403111256/tools/bin/../lib/gcc/arm-none-eabi/12.3.1/../../../../arm-none-eabi/lib/thumb/v7e-m+fp/hard/libc_nano.a(libc_a-nano-vfprintf_float.o)
                              (_printf_float)
/opt/st/stm32cubeide_1.15.0/plugins/com.st.stm32cube.ide.mcu.externaltools.gnu-tools-for-stm32.12.3.rel1.linux64_1.0.100.202403111256/tools/bin/../lib/gcc/arm-none-eabi/12.3.1/../../../../arm-none-eabi/lib/thumb/v7e-m+fp/hard/libc_nano.a(libc_a-nano-vfprintf_i.o)
                              /opt/st/stm32cubeide_1.15.0/plugins/com.st.stm32cube.ide.mcu.externaltools.gnu-tools-for-stm32.12.3.rel1.linux64_1.0.100.202403111256/tools/bin/../lib/gcc/arm-none-eabi/12.3.1/../../../../arm-none-eabi/lib/thumb/v7e-m+fp/hard/libc_nano.a(libc_a-nano-vfprintf_float.o) (_printf_common)
/opt/st/stm32cubeide_1.15.0/plugins/com.st.stm32cube.ide.mcu.externaltools.gnu-tools-for-stm32.12.3.rel1.linux64_1.0.100.202403111256/tools/bin/../lib/gcc/arm-none-eabi/12.3.1/../../../../arm-none-eabi/lib/thumb/v7e-m+fp/hard/libc_nano.a(libc_a-findfp.o)
                              ./Middlewares/Third_Party/FreeRTOS/Source/tasks.o (__sf)
/opt/st/stm32cubeide_1.15.0/plugins/com.st.stm32cube.ide.mcu.externaltools.gnu-tools-for-stm32.12.3.rel1.linux64_1.0.100.202403111256/tools/bin/../lib/gcc/arm-none-eabi/12.3.1/../../../../arm-none-eabi/lib/thumb/v7e-m+fp/hard/libc_nano.a(libc_a-fwalk.o)
                              /opt/st/stm32cubeide_1.15.0/plugins/com.st.stm32cube.ide.mcu.externaltools.gnu-tools-for-stm32.12.3.rel1.linux64_1.0.100.202403111256/tools/bin/../lib/gcc/arm-none-eabi/12.3.1/../../../../arm-none-eabi/lib/thumb/v7e-m+fp/hard/libc_nano.a(libc_a-findfp.o) (_fwalk_sglue)
/opt/st/stm32cubeide_1.15.0/plugins/com.st.stm32cube.ide.mcu.externaltools.gnu-tools-for-stm32.12.3.rel1.linux64_1.0.100.202403111256/tools/bin/../lib/gcc/arm-none-eabi/12.3.1/../../../../arm-none-eabi/lib/thumb/v7e-m+fp/hard/libc_nano.a(libc_a-printf.o)
                              ./Core/Src/main.o (printf)
/opt/st/stm32cubeide_1.15.0/plugins/com.st.stm32cube.ide.mcu.externaltools.gnu-tools-for-stm32.12.3.rel1.linux64_1.0.100.202403111256/tools/bin/../lib/gcc/arm-none-eabi/12.3.1/../../../../arm-none-eabi/lib/thumb/v7e-m+fp/hard/libc_nano.a(libc_a-sprintf.o)
                              ./Core/Src/main.o (sprintf)
/opt/st/stm32cubeide_1.15.0/plugins/com.st.stm32cube.ide.mcu.externaltools.gnu-tools-for-stm32.12.3.rel1.linux64_1.0.100.202403111256/tools/bin/../lib/gcc/arm-none-eabi/12.3.1/../../../../arm-none-eabi/lib/thumb/v7e-m+fp/hard/libc_nano.a(libc_a-stdio.o)
[...]
Memory Configuration

Name             Origin             Length             Attributes
CCMRAM           0x10000000         0x00010000         xrw
RAM              0x20000000         0x00020000         xrw
FLASH            0x08000000         0x00100000         xr
*default*        0x00000000         0xffffffff

Linker script and memory map

LOAD /opt/st/stm32cubeide_1.15.0/plugins/com.st.stm32cube.ide.mcu.externaltools.gnu-tools-for-stm32.12.3.rel1.linux64_1.0.100.202403111256/tools/bin/../lib/gcc/arm-none-eabi/12.3.1/thumb/v7e-m+fp/hard/crti.o
LOAD /opt/st/stm32cubeide_1.15.0/plugins/com.st.stm32cube.ide.mcu.externaltools.gnu-tools-for-stm32.12.3.rel1.linux64_1.0.100.202403111256/tools/bin/../lib/gcc/arm-none-eabi/12.3.1/thumb/v7e-m+fp/hard/crtbegin.o
LOAD /opt/st/stm32cubeide_1.15.0/plugins/com.st.stm32cube.ide.mcu.externaltools.gnu-tools-for-stm32.12.3.rel1.linux64_1.0.100.202403111256/tools/bin/../lib/gcc/arm-none-eabi/12.3.1/../../../../arm-none-eabi/lib/thumb/v7e-m+fp/hard/crt0.o
LOAD ./Core/Src/LIS3DSH.o
LOAD ./Core/Src/freertos.o
LOAD ./Core/Src/main.o
LOAD ./Core/Src/stm32f4xx_hal_msp.o
LOAD ./Core/Src/stm32f4xx_hal_timebase_tim.o
LOAD ./Core/Src/stm32f4xx_it.o
LOAD ./Core/Src/syscalls.o
LOAD ./Core/Src/sysmem.o
LOAD ./Core/Src/system_stm32f4xx.o
LOAD ./Core/Startup/startup_stm32f407vgtx.o
LOAD ./Drivers/STM32F4xx_HAL_Driver/Src/stm32f4xx_hal.o
LOAD ./Drivers/STM32F4xx_HAL_Driver/Src/stm32f4xx_hal_cortex.o
LOAD ./Drivers/STM32F4xx_HAL_Driver/Src/stm32f4xx_hal_dma.o
LOAD ./Drivers/STM32F4xx_HAL_Driver/Src/stm32f4xx_hal_dma_ex.o
LOAD ./Drivers/STM32F4xx_HAL_Driver/Src/stm32f4xx_hal_exti.o
LOAD ./Drivers/STM32F4xx_HAL_Driver/Src/stm32f4xx_hal_flash.o
LOAD ./Drivers/STM32F4xx_HAL_Driver/Src/stm32f4xx_hal_flash_ex.o
LOAD ./Drivers/STM32F4xx_HAL_Driver/Src/stm32f4xx_hal_flash_ramfunc.o
LOAD ./Drivers/STM32F4xx_HAL_Driver/Src/stm32f4xx_hal_gpio.o
LOAD ./Drivers/STM32F4xx_HAL_Driver/Src/stm32f4xx_hal_hcd.o
LOAD ./Drivers/STM32F4xx_HAL_Driver/Src/stm32f4xx_hal_i2c.o
LOAD ./Drivers/STM32F4xx_HAL_Driver/Src/stm32f4xx_hal_i2c_ex.o
LOAD ./Drivers/STM32F4xx_HAL_Driver/Src/stm32f4xx_hal_i2s.o
LOAD ./Drivers/STM32F4xx_HAL_Driver/Src/stm32f4xx_hal_i2s_ex.o
LOAD ./Drivers/STM32F4xx_HAL_Driver/Src/stm32f4xx_hal_pwr.o
LOAD ./Drivers/STM32F4xx_HAL_Driver/Src/stm32f4xx_hal_pwr_ex.o
LOAD ./Drivers/STM32F4xx_HAL_Driver/Src/stm32f4xx_hal_rcc.o
LOAD ./Drivers/STM32F4xx_HAL_Driver/Src/stm32f4xx_hal_rcc_ex.o
LOAD ./Drivers/STM32F4xx_HAL_Driver/Src/stm32f4xx_hal_rtc.o
LOAD ./Drivers/STM32F4xx_HAL_Driver/Src/stm32f4xx_hal_rtc_ex.o
LOAD ./Drivers/STM32F4xx_HAL_Driver/Src/stm32f4xx_hal_spi.o
LOAD ./Drivers/STM32F4xx_HAL_Driver/Src/stm32f4xx_hal_tim.o
LOAD ./Drivers/STM32F4xx_HAL_Driver/Src/stm32f4xx_hal_tim_ex.o
LOAD ./Drivers/STM32F4xx_HAL_Driver/Src/stm32f4xx_hal_uart.o
LOAD ./Drivers/STM32F4xx_HAL_Driver/Src/stm32f4xx_ll_usb.o
LOAD ./Middlewares/ST/STM32_USB_Host_Library/Class/CDC/Src/usbh_cdc.o
LOAD ./Middlewares/ST/STM32_USB_Host_Library/Core/Src/usbh_core.o
LOAD ./Middlewares/ST/STM32_USB_Host_Library/Core/Src/usbh_ctlreq.o
LOAD ./Middlewares/ST/STM32_USB_Host_Library/Core/Src/usbh_ioreq.o
LOAD ./Middlewares/ST/STM32_USB_Host_Library/Core/Src/usbh_pipes.o
LOAD ./Middlewares/Third_Party/FreeRTOS/Source/CMSIS_RTOS_V2/cmsis_os2.o
LOAD ./Middlewares/Third_Party/FreeRTOS/Source/croutine.o
LOAD ./Middlewares/Third_Party/FreeRTOS/Source/event_groups.o
LOAD ./Middlewares/Third_Party/FreeRTOS/Source/list.o
LOAD ./Middlewares/Third_Party/FreeRTOS/Source/queue.o
LOAD ./Middlewares/Third_Party/FreeRTOS/Source/stream_buffer.o
LOAD ./Middlewares/Third_Party/FreeRTOS/Source/tasks.o
LOAD ./Middlewares/Third_Party/FreeRTOS/Source/timers.o
LOAD ./Middlewares/Third_Party/FreeRTOS/Source/portable/GCC/ARM_CM4F/port.o
LOAD ./Middlewares/Third_Party/FreeRTOS/Source/portable/MemMang/heap_4.o
LOAD ./USB_HOST/App/usb_host.o
LOAD ./USB_HOST/Target/usbh_conf.o
LOAD ./USB_HOST/Target/usbh_platform.o
START GROUP
LOAD /opt/st/stm32cubeide_1.15.0/plugins/com.st.stm32cube.ide.mcu.externaltools.gnu-tools-for-stm32.12.3.rel1.linux64_1.0.100.202403111256/tools/bin/../lib/gcc/arm-none-eabi/12.3.1/../../../../arm-none-eabi/lib/thumb/v7e-m+fp/hard/libc_nano.a
LOAD /opt/st/stm32cubeide_1.15.0/plugins/com.st.stm32cube.ide.mcu.externaltools.gnu-tools-for-stm32.12.3.rel1.linux64_1.0.100.202403111256/tools/bin/../lib/gcc/arm-none-eabi/12.3.1/../../../../arm-none-eabi/lib/thumb/v7e-m+fp/hard/libm.a
END GROUP
START GROUP
LOAD /opt/st/stm32cubeide_1.15.0/plugins/com.st.stm32cube.ide.mcu.externaltools.gnu-tools-for-stm32.12.3.rel1.linux64_1.0.100.202403111256/tools/bin/../lib/gcc/arm-none-eabi/12.3.1/thumb/v7e-m+fp/hard/libgcc.a
LOAD /opt/st/stm32cubeide_1.15.0/plugins/com.st.stm32cube.ide.mcu.externaltools.gnu-tools-for-stm32.12.3.rel1.linux64_1.0.100.202403111256/tools/bin/../lib/gcc/arm-none-eabi/12.3.1/../../../../arm-none-eabi/lib/thumb/v7e-m+fp/hard/libc_nano.a
END GROUP
START GROUP
LOAD /opt/st/stm32cubeide_1.15.0/plugins/com.st.stm32cube.ide.mcu.externaltools.gnu-tools-for-stm32.12.3.rel1.linux64_1.0.100.202403111256/tools/bin/../lib/gcc/arm-none-eabi/12.3.1/thumb/v7e-m+fp/hard/libgcc.a
LOAD /opt/st/stm32cubeide_1.15.0/plugins/com.st.stm32cube.ide.mcu.externaltools.gnu-tools-for-stm32.12.3.rel1.linux64_1.0.100.202403111256/tools/bin/../lib/gcc/arm-none-eabi/12.3.1/../../../../arm-none-eabi/lib/thumb/v7e-m+fp/hard/libc_nano.a
LOAD /opt/st/stm32cubeide_1.15.0/plugins/com.st.stm32cube.ide.mcu.externaltools.gnu-tools-for-stm32.12.3.rel1.linux64_1.0.100.202403111256/tools/bin/../lib/gcc/arm-none-eabi/12.3.1/../../../../arm-none-eabi/lib/thumb/v7e-m+fp/hard/libnosys.a
END GROUP
START GROUP
LOAD /opt/st/stm32cubeide_1.15.0/plugins/com.st.stm32cube.ide.mcu.externaltools.gnu-tools-for-stm32.12.3.rel1.linux64_1.0.100.202403111256/tools/bin/../lib/gcc/arm-none-eabi/12.3.1/thumb/v7e-m+fp/hard/libgcc.a
LOAD /opt/st/stm32cubeide_1.15.0/plugins/com.st.stm32cube.ide.mcu.externaltools.gnu-tools-for-stm32.12.3.rel1.linux64_1.0.100.202403111256/tools/bin/../lib/gcc/arm-none-eabi/12.3.1/../../../../arm-none-eabi/lib/thumb/v7e-m+fp/hard/libc_nano.a
LOAD /opt/st/stm32cubeide_1.15.0/plugins/com.st.stm32cube.ide.mcu.externaltools.gnu-tools-for-stm32.12.3.rel1.linux64_1.0.100.202403111256/tools/bin/../lib/gcc/arm-none-eabi/12.3.1/../../../../arm-none-eabi/lib/thumb/v7e-m+fp/hard/libnosys.a
END GROUP
LOAD /opt/st/stm32cubeide_1.15.0/plugins/com.st.stm32cube.ide.mcu.externaltools.gnu-tools-for-stm32.12.3.rel1.linux64_1.0.100.202403111256/tools/bin/../lib/gcc/arm-none-eabi/12.3.1/thumb/v7e-m+fp/hard/crtend.o
LOAD /opt/st/stm32cubeide_1.15.0/plugins/com.st.stm32cube.ide.mcu.externaltools.gnu-tools-for-stm32.12.3.rel1.linux64_1.0.100.202403111256/tools/bin/../lib/gcc/arm-none-eabi/12.3.1/thumb/v7e-m+fp/hard/crtn.o
                0x20020000                        _estack = (ORIGIN (RAM) + LENGTH (RAM))
                0x00000200                        _Min_Heap_Size = 0x200
                0x00000400                        _Min_Stack_Size = 0x400

.isr_vector     0x08000000      0x188
                0x08000000                        . = ALIGN (0x4)
 *(.isr_vector)
 .isr_vector    0x08000000      0x188 ./Core/Startup/startup_stm32f407vgtx.o
                0x08000000                g_pfnVectors
                0x08000188                        . = ALIGN (0x4)

.text           0x08000190    0x159f8
                0x08000190                        . = ALIGN (0x4)
 *(.text)
 .text          0x08000190       0x40 /opt/st/stm32cubeide_1.15.0/plugins/com.st.stm32cube.ide.mcu.externaltools.gnu-tools-for-stm32.12.3.rel1.linux64_1.0.100.202403111256/tools/bin/../lib/gcc/arm-none-eabi/12.3.1/thumb/v7e-m+fp/hard/crtbegin.o
 .text          0x080001d0       0x14 /opt/st/stm32cubeide_1.15.0/plugins/com.st.stm32cube.ide.mcu.externaltools.gnu-tools-for-stm32.12.3.rel1.linux64_1.0.100.202403111256/tools/bin/../lib/gcc/arm-none-eabi/12.3.1/../../../../arm-none-eabi/lib/thumb/v7e-m+fp/hard/libc_nano.a(libc_a-strcmp.o)
                0x080001d0                strcmp
 *fill*         0x080001e4        0xc 
 .text          0x080001f0       0xa0 /opt/st/stm32cubeide_1.15.0/plugins/com.st.stm32cube.ide.mcu.externaltools.gnu-tools-for-stm32.12.3.rel1.linux64_1.0.100.202403111256/tools/bin/../lib/gcc/arm-none-eabi/12.3.1/../../../../arm-none-eabi/lib/thumb/v7e-m+fp/hard/libc_nano.a(libc_a-memchr.o)
                0x080001f0                memchr
 .text          0x08000290       0x10 /opt/st/stm32cubeide_1.15.0/plugins/com.st.stm32cube.ide.mcu.externaltools.gnu-tools-for-stm32.12.3.rel1.linux64_1.0.100.202403111256/tools/bin/../lib/gcc/arm-none-eabi/12.3.1/../../../../arm-none-eabi/lib/thumb/v7e-m+fp/hard/libc_nano.a(libc_a-strlen.o)
                0x08000290                strlen
 .text          0x080002a0      0x378 /opt/st/stm32cubeide_1.15.0/plugins/com.st.stm32cube.ide.mcu.externaltools.gnu-tools-for-stm32.12.3.rel1.linux64_1.0.100.202403111256/tools/bin/../lib/gcc/arm-none-eabi/12.3.1/thumb/v7e-m+fp/hard/libgcc.a(_arm_addsubdf3.o)
                0x080002a0                __aeabi_drsub
                0x080002a8                __aeabi_dsub
                0x080002a8                __subdf3
                0x080002ac                __adddf3
                0x080002ac                __aeabi_dadd
                0x08000524                __aeabi_ui2d
                0x08000524                __floatunsidf
                0x08000544                __floatsidf
                0x08000544                __aeabi_i2d
                0x08000568                __extendsfdf2
                0x08000568                __aeabi_f2d
                0x080005ac                __aeabi_ul2d
                0x080005ac                __floatundidf
                0x080005bc                __floatdidf
                0x080005bc                __aeabi_l2d
 .text          0x08000618      0x424 /opt/st/stm32cubeide_1.15.0/plugins/com.st.stm32cube.ide.mcu.externaltools.gnu-tools-for-stm32.12.3.rel1.linux64_1.0.100.202403111256/tools/bin/../lib/gcc/arm-none-eabi/12.3.1/thumb/v7e-m+fp/hard/libgcc.a(_arm_muldivdf3.o)
                0x08000618                __aeabi_dmul
                0x08000618                __muldf3
                0x0800086c                __aeabi_ddiv
                0x0800086c                __divdf3
 .text          0x08000a3c      0x110 /opt/st/stm32cubeide_1.15.0/plugins/com.st.stm32cube.ide.mcu.externaltools.gnu-tools-for-stm32.12.3.rel1.linux64_1.0.100.202403111256/tools/bin/../lib/gcc/arm-none-eabi/12.3.1/thumb/v7e-m+fp/hard/libgcc.a(_arm_cmpdf2.o)
                0x08000a3c                __gtdf2
                0x08000a3c                __gedf2
                0x08000a44                __ltdf2
                0x08000a44                __ledf2
                0x08000a4c                __cmpdf2
                0x08000a4c                __eqdf2
                0x08000a4c                __nedf2
                0x08000ac8                __aeabi_cdrcmple
                0x08000ad8                __aeabi_cdcmple
                0x08000ad8                __aeabi_cdcmpeq
                0x08000ae8                __aeabi_dcmpeq
                0x08000afc                __aeabi_dcmplt
                0x08000b10                __aeabi_dcmple
                0x08000b24                __aeabi_dcmpge
                0x08000b38                __aeabi_dcmpgt
 .text          0x08000b4c       0x2c /opt/st/stm32cubeide_1.15.0/plugins/com.st.stm32cube.ide.mcu.externaltools.gnu-tools-for-stm32.12.3.rel1.linux64_1.0.100.202403111256/tools/bin/../lib/gcc/arm-none-eabi/12.3.1/thumb/v7e-m+fp/hard/libgcc.a(_arm_unorddf2.o)
                0x08000b4c                __aeabi_dcmpun
                0x08000b4c                __unorddf2
 .text          0x08000b78       0x50 /opt/st/stm32cubeide_1.15.0/plugins/com.st.stm32cube.ide.mcu.externaltools.gnu-tools-for-stm32.12.3.rel1.linux64_1.0.100.202403111256/tools/bin/../lib/gcc/arm-none-eabi/12.3.1/thumb/v7e-m+fp/hard/libgcc.a(_arm_fixdfsi.o)
                0x08000b78                __fixdfsi
                0x08000b78                __aeabi_d2iz
 .text          0x08000bc8       0xa0 /opt/st/stm32cubeide_1.15.0/plugins/com.st.stm32cube.ide.mcu.externaltools.gnu-tools-for-stm32.12.3.rel1.linux64_1.0.100.202403111256/tools/bin/../lib/gcc/arm-none-eabi/12.3.1/thumb/v7e-m+fp/hard/libgcc.a(_arm_truncdfsf2.o)
                0x08000bc8                __aeabi_d2f
                0x08000bc8                __truncdfsf2
 .text          0x08000c68       0x30 /opt/st/stm32cubeide_1.15.0/plugins/com.st.stm32cube.ide.mcu.externaltools.gnu-tools-for-stm32.12.3.rel1.linux64_1.0.100.202403111256/tools/bin/../lib/gcc/arm-none-eabi/12.3.1/thumb/v7e-m+fp/hard/libgcc.a(_aeabi_uldivmod.o)
                0x08000c68                __aeabi_uldivmod
 .text          0x08000c98      0x2bc /opt/st/stm32cubeide_1.15.0/plugins/com.st.stm32cube.ide.mcu.externaltools.gnu-tools-for-stm32.12.3.rel1.linux64_1.0.100.202403111256/tools/bin/../lib/gcc/arm-none-eabi/12.3.1/thumb/v7e-m+fp/hard/libgcc.a(_udivmoddi4.o)
                0x08000c98                __udivmoddi4
 .text          0x08000f54        0x4 /opt/st/stm32cubeide_1.15.0/plugins/com.st.stm32cube.ide.mcu.externaltools.gnu-tools-for-stm32.12.3.rel1.linux64_1.0.100.202403111256/tools/bin/../lib/gcc/arm-none-eabi/12.3.1/thumb/v7e-m+fp/hard/libgcc.a(_dvmd_tls.o)
                0x08000f54                __aeabi_ldiv0
                0x08000f54                __aeabi_idiv0
 *(.text*)
 .text.LIS3DSH_WriteIO
                0x08000f58       0x54 ./Core/Src/LIS3DSH.o
                0x08000f58                LIS3DSH_WriteIO
 .text.LIS3DSH_ReadIO
                0x08000fac       0x88 ./Core/Src/LIS3DSH.o
                0x08000fac                LIS3DSH_ReadIO
 .text.LIS3DSH_Init
                0x08001034      0x1a0 ./Core/Src/LIS3DSH.o
                0x08001034                LIS3DSH_Init
 .text.LIS3DSH_GetDataRaw
                0x080011d4       0x7a ./Core/Src/LIS3DSH.o
                0x080011d4                LIS3DSH_GetDataRaw
 *fill*         0x0800124e        0x2 
 .text.LIS3DSH_GetDataScaled
                0x08001250       0xec ./Core/Src/LIS3DSH.o
                0x08001250                LIS3DSH_GetDataScaled
 .text.vApplicationIdleHook
                0x0800133c        0xe ./Core/Src/freertos.o
                0x0800133c                vApplicationIdleHook
 .text.ITM_SendChar
                0x0800134a       0x4e ./Core/Src/main.o
 .text.main     0x08001398      0x1a8 ./Core/Src/main.o
                0x08001398                main
 .text.SystemClock_Config
                0x08001540       0xd8 ./Core/Src/main.o
                0x08001540                SystemClock_Config
 .text.MX_I2C1_Init
                0x08001618       0x5c ./Core/Src/main.o
 .text.MX_I2S3_Init
                0x08001674       0x60 ./Core/Src/main.o
 .text.MX_RTC_Init
                0x080016d4       0x4c ./Core/Src/main.o
 .text.MX_SPI1_Init
                0x08001720       0x6c ./Core/Src/main.o
 .text.MX_TIM2_Init
                0x0800178c       0x9c ./Core/Src/main.o
 .text.MX_TIM3_Init
                0x08001828       0x98 ./Core/Src/main.o
 .text.MX_TIM4_Init
                0x080018c0       0x9c ./Core/Src/main.o
 .text.MX_USART2_UART_Init
                0x0800195c       0x54 ./Core/Src/main.o
 .text.MX_DMA_Init
                0x080019b0       0x40 ./Core/Src/main.o
 .text.MX_GPIO_Init
                0x080019f0      0x208 ./Core/Src/main.o
 .text.HAL_GPIO_EXTI_Callback
                0x08001bf8       0x38 ./Core/Src/main.o
                0x08001bf8                HAL_GPIO_EXTI_Callback
 .text.__io_putchar
                0x08001c30       0x1a ./Core/Src/main.o
                0x08001c30                __io_putchar
 *fill*         0x08001c4a        0x2 
 .text.HAL_UARTEx_RxEventCallback
                0x08001c4c       0x68 ./Core/Src/main.o
                0x08001c4c                HAL_UARTEx_RxEventCallback
 *fill*         0x08001cb4        0x4 
 .text.calculate_pitch_roll
                0x08001cb8      0x164 ./Core/Src/main.o
                0x08001cb8                calculate_pitch_roll
 .text.moving_average_filter
                0x08001e1c      0x1a0 ./Core/Src/main.o
                0x08001e1c                moving_average_filter
 .text.check_command_from_uart
                0x08001fbc       0x9c ./Core/Src/main.o
                0x08001fbc                check_command_from_uart
 .text.MY_User_Message
                0x08002058      0x768 ./Core/Src/main.o
                0x08002058                MY_User_Message
 .text.MY_RTC_Time
                0x080027c0      0x104 ./Core/Src/main.o
                0x080027c0                MY_RTC_Time
 .text.MY_Get_Acc_Data
                0x080028c4       0x84 ./Core/Src/main.o
                0x080028c4                MY_Get_Acc_Data
 .text.my_Int_Task
                0x08002948       0x10 ./Core/Src/main.o
                0x08002948                my_Int_Task
 .text.MY_freeRTOS_Task_Manager
                0x08002958       0x38 ./Core/Src/main.o
                0x08002958                MY_freeRTOS_Task_Manager
 .text.MY_Process_AccData
                0x08002990      0x170 ./Core/Src/main.o
                0x08002990                MY_Process_AccData
 .text.MY_Process_CMD
                0x08002b00       0x78 ./Core/Src/main.o
                0x08002b00                MY_Process_CMD
 .text.HAL_TIM_PeriodElapsedCallback
                0x08002b78       0x68 ./Core/Src/main.o
                0x08002b78                HAL_TIM_PeriodElapsedCallback
 .text.Error_Handler
                0x08002be0        0xc ./Core/Src/main.o
                0x08002be0                Error_Handler
 .text.HAL_MspInit
                0x08002bec       0x58 ./Core/Src/stm32f4xx_hal_msp.o
                0x08002bec                HAL_MspInit
 .text.HAL_I2C_MspInit
                0x08002c44       0x90 ./Core/Src/stm32f4xx_hal_msp.o
                0x08002c44                HAL_I2C_MspInit
 .text.HAL_I2S_MspInit
                0x08002cd4      0x100 ./Core/Src/stm32f4xx_hal_msp.o
                0x08002cd4                HAL_I2S_MspInit
 .text.HAL_RTC_MspInit
                0x08002dd4       0x54 ./Core/Src/stm32f4xx_hal_msp.o
                0x08002dd4                HAL_RTC_MspInit
 .text.HAL_SPI_MspInit
                0x08002e28       0x90 ./Core/Src/stm32f4xx_hal_msp.o
                0x08002e28                HAL_SPI_MspInit
 .text.HAL_TIM_Base_MspInit
                0x08002eb8       0xb4 ./Core/Src/stm32f4xx_hal_msp.o
                0x08002eb8                HAL_TIM_Base_MspInit
 .text.HAL_UART_MspInit
                0x08002f6c      0x104 ./Core/Src/stm32f4xx_hal_msp.o
                0x08002f6c                HAL_UART_MspInit
 .text.HAL_InitTick
                0x08003070       0xf8 ./Core/Src/stm32f4xx_hal_timebase_tim.o
                0x08003070                HAL_InitTick
 .text.NMI_Handler
                0x08003168        0x8 ./Core/Src/stm32f4xx_it.o
                0x08003168                NMI_Handler
 .text.HardFault_Handler
                0x08003170        0x8 ./Core/Src/stm32f4xx_it.o
                0x08003170                HardFault_Handler
 .text.MemManage_Handler
                0x08003178        0x8 ./Core/Src/stm32f4xx_it.o
                0x08003178                MemManage_Handler
 .text.BusFault_Handler
                0x08003180        0x8 ./Core/Src/stm32f4xx_it.o
                0x08003180                BusFault_Handler
 .text.UsageFault_Handler
                0x08003188        0x8 ./Core/Src/stm32f4xx_it.o
                0x08003188                UsageFault_Handler
 .text.DebugMon_Handler
                0x08003190        0xe ./Core/Src/stm32f4xx_it.o
                0x08003190                DebugMon_Handler
 .text.EXTI0_IRQHandler
                0x0800319e        0xe ./Core/Src/stm32f4xx_it.o
                0x0800319e                EXTI0_IRQHandler
 .text.DMA1_Stream5_IRQHandler
                0x080031ac       0x14 ./Core/Src/stm32f4xx_it.o
                0x080031ac                DMA1_Stream5_IRQHandler
 .text.TIM2_IRQHandler
                0x080031c0       0x14 ./Core/Src/stm32f4xx_it.o
                0x080031c0                TIM2_IRQHandler
 .text.TIM3_IRQHandler
                0x080031d4       0x14 ./Core/Src/stm32f4xx_it.o
                0x080031d4                TIM3_IRQHandler
 .text.USART2_IRQHandler
                0x080031e8       0x14 ./Core/Src/stm32f4xx_it.o
                0x080031e8                USART2_IRQHandler
 .text.TIM6_DAC_IRQHandler
                0x080031fc       0x14 ./Core/Src/stm32f4xx_it.o
                0x080031fc                TIM6_DAC_IRQHandler
 .text.OTG_FS_IRQHandler
                0x08003210       0x14 ./Core/Src/stm32f4xx_it.o
                0x08003210                OTG_FS_IRQHandler
 .text._getpid  0x08003224       0x10 ./Core/Src/syscalls.o
                0x08003224                _getpid
 .text._kill    0x08003234       0x20 ./Core/Src/syscalls.o
                0x08003234                _kill
 .text._exit    0x08003254       0x16 ./Core/Src/syscalls.o
                0x08003254                _exit
 .text._read    0x0800326a       0x3a ./Core/Src/syscalls.o
                0x0800326a                _read
 .text._write   0x080032a4       0x38 ./Core/Src/syscalls.o
                0x080032a4                _write
 .text._close   0x080032dc       0x18 ./Core/Src/syscalls.o
                0x080032dc                _close
 .text._fstat   0x080032f4       0x20 ./Core/Src/syscalls.o
                0x080032f4                _fstat
 .text._isatty  0x08003314       0x16 ./Core/Src/syscalls.o
                0x08003314                _isatty
 .text._lseek   0x0800332a       0x1a ./Core/Src/syscalls.o
                0x0800332a                _lseek
 .text._sbrk    0x08003344       0x6c ./Core/Src/sysmem.o
                0x08003344                _sbrk
 .text.SystemInit
                0x080033b0       0x24 ./Core/Src/system_stm32f4xx.o
                0x080033b0                SystemInit
 .text.Reset_Handler
                0x080033d4       0x50 ./Core/Startup/startup_stm32f407vgtx.o
                0x080033d4                Reset_Handler
 .text.Default_Handler
                0x08003424        0x2 ./Core/Startup/startup_stm32f407vgtx.o
                0x08003424                RTC_Alarm_IRQHandler
                0x08003424                HASH_RNG_IRQHandler
                0x08003424                EXTI2_IRQHandler
                0x08003424                TIM8_CC_IRQHandler
                0x08003424                TIM1_CC_IRQHandler
                0x08003424                DMA2_Stream5_IRQHandler
                0x08003424                PVD_IRQHandler
                0x08003424                SDIO_IRQHandler
                0x08003424                TAMP_STAMP_IRQHandler
                0x08003424                CAN2_RX1_IRQHandler
                0x08003424                EXTI3_IRQHandler
                0x08003424                TIM8_TRG_COM_TIM14_IRQHandler
                0x08003424                TIM1_UP_TIM10_IRQHandler
                0x08003424                TIM8_UP_TIM13_IRQHandler
                0x08003424                I2C3_ER_IRQHandler
                0x08003424                I2C2_EV_IRQHandler
                0x08003424                DMA1_Stream2_IRQHandler
                0x08003424                CAN1_RX0_IRQHandler
                0x08003424                FPU_IRQHandler
                0x08003424                OTG_HS_WKUP_IRQHandler
                0x08003424                CAN2_SCE_IRQHandler
                0x08003424                DMA2_Stream2_IRQHandler
                0x08003424                SPI1_IRQHandler
                0x08003424                TIM1_BRK_TIM9_IRQHandler
                0x08003424                DCMI_IRQHandler
                0x08003424                CAN2_RX0_IRQHandler
                0x08003424                DMA2_Stream3_IRQHandler
                0x08003424                USART6_IRQHandler
                0x08003424                USART3_IRQHandler
                0x08003424                CAN1_RX1_IRQHandler
                0x08003424                UART5_IRQHandler
                0x08003424                DMA2_Stream0_IRQHandler
                0x08003424                TIM4_IRQHandler
                0x08003424                I2C1_EV_IRQHandler
                0x08003424                DMA1_Stream6_IRQHandler
                0x08003424                DMA1_Stream1_IRQHandler
                0x08003424                UART4_IRQHandler
                0x08003424                RCC_IRQHandler
                0x08003424                TIM8_BRK_TIM12_IRQHandler
                0x08003424                Default_Handler
                0x08003424                EXTI15_10_IRQHandler
                0x08003424                ADC_IRQHandler
                0x08003424                DMA1_Stream7_IRQHandler
                0x08003424                TIM7_IRQHandler
                0x08003424                CAN2_TX_IRQHandler
                0x08003424                TIM5_IRQHandler
                0x08003424                DMA2_Stream7_IRQHandler
                0x08003424                I2C3_EV_IRQHandler
                0x08003424                EXTI9_5_IRQHandler
                0x08003424                RTC_WKUP_IRQHandler
                0x08003424                ETH_WKUP_IRQHandler
                0x08003424                SPI2_IRQHandler
                0x08003424                OTG_HS_EP1_IN_IRQHandler
                0x08003424                DMA1_Stream0_IRQHandler
                0x08003424                CAN1_TX_IRQHandler
                0x08003424                EXTI4_IRQHandler
                0x08003424                FSMC_IRQHandler
                0x08003424                ETH_IRQHandler
                0x08003424                OTG_HS_EP1_OUT_IRQHandler
                0x08003424                WWDG_IRQHandler
                0x08003424                OTG_FS_WKUP_IRQHandler
                0x08003424                TIM1_TRG_COM_TIM11_IRQHandler
                0x08003424                OTG_HS_IRQHandler
                0x08003424                EXTI1_IRQHandler
                0x08003424                I2C2_ER_IRQHandler
                0x08003424                DMA2_Stream1_IRQHandler
                0x08003424                CAN1_SCE_IRQHandler
                0x08003424                FLASH_IRQHandler
                0x08003424                DMA2_Stream4_IRQHandler
                0x08003424                USART1_IRQHandler
                0x08003424                SPI3_IRQHandler
                0x08003424                DMA1_Stream4_IRQHandler
                0x08003424                I2C1_ER_IRQHandler
                0x08003424                DMA2_Stream6_IRQHandler
                0x08003424                DMA1_Stream3_IRQHandler
 *fill*         0x08003426        0x2 
 .text.HAL_Init
                0x08003428       0x44 ./Drivers/STM32F4xx_HAL_Driver/Src/stm32f4xx_hal.o
                0x08003428                HAL_Init
 .text.HAL_IncTick
                0x0800346c       0x28 ./Drivers/STM32F4xx_HAL_Driver/Src/stm32f4xx_hal.o
                0x0800346c                HAL_IncTick
 .text.HAL_GetTick
                0x08003494       0x18 ./Drivers/STM32F4xx_HAL_Driver/Src/stm32f4xx_hal.o
                0x08003494                HAL_GetTick
 .text.HAL_Delay
                0x080034ac       0x48 ./Drivers/STM32F4xx_HAL_Driver/Src/stm32f4xx_hal.o
                0x080034ac                HAL_Delay
 .text.__NVIC_SetPriorityGrouping
                0x080034f4       0x48 ./Drivers/STM32F4xx_HAL_Driver/Src/stm32f4xx_hal_cortex.o
 .text.__NVIC_GetPriorityGrouping
                0x0800353c       0x1c ./Drivers/STM32F4xx_HAL_Driver/Src/stm32f4xx_hal_cortex.o
 .text.__NVIC_EnableIRQ
                0x08003558       0x3c ./Drivers/STM32F4xx_HAL_Driver/Src/stm32f4xx_hal_cortex.o
 .text.__NVIC_SetPriority
                0x08003594       0x54 ./Drivers/STM32F4xx_HAL_Driver/Src/stm32f4xx_hal_cortex.o
 .text.NVIC_EncodePriority
                0x080035e8       0x66 ./Drivers/STM32F4xx_HAL_Driver/Src/stm32f4xx_hal_cortex.o
 .text.HAL_NVIC_SetPriorityGrouping
                0x0800364e       0x16 ./Drivers/STM32F4xx_HAL_Driver/Src/stm32f4xx_hal_cortex.o
                0x0800364e                HAL_NVIC_SetPriorityGrouping
 .text.HAL_NVIC_SetPriority
                0x08003664       0x38 ./Drivers/STM32F4xx_HAL_Driver/Src/stm32f4xx_hal_cortex.o
                0x08003664                HAL_NVIC_SetPriority
 .text.HAL_NVIC_EnableIRQ
                0x0800369c       0x1c ./Drivers/STM32F4xx_HAL_Driver/Src/stm32f4xx_hal_cortex.o
                0x0800369c                HAL_NVIC_EnableIRQ
 .text.HAL_DMA_Init
                0x080036b8      0x15c ./Drivers/STM32F4xx_HAL_Driver/Src/stm32f4xx_hal_dma.o
                0x080036b8                HAL_DMA_Init
 .text.HAL_DMA_Start_IT
                0x08003814       0xb0 ./Drivers/STM32F4xx_HAL_Driver/Src/stm32f4xx_hal_dma.o
                0x08003814                HAL_DMA_Start_IT
 .text.HAL_DMA_Abort
                0x080038c4       0xe0 ./Drivers/STM32F4xx_HAL_Driver/Src/stm32f4xx_hal_dma.o
                0x080038c4                HAL_DMA_Abort
 .text.HAL_DMA_Abort_IT
                0x080039a4       0x44 ./Drivers/STM32F4xx_HAL_Driver/Src/stm32f4xx_hal_dma.o
                0x080039a4                HAL_DMA_Abort_IT
 .text.HAL_DMA_IRQHandler
                0x080039e8      0x314 ./Drivers/STM32F4xx_HAL_Driver/Src/stm32f4xx_hal_dma.o
                0x080039e8                HAL_DMA_IRQHandler
 .text.DMA_SetConfig
                0x08003cfc       0x5c ./Drivers/STM32F4xx_HAL_Driver/Src/stm32f4xx_hal_dma.o
 .text.DMA_CalcBaseAndBitshift
                0x08003d58       0x6c ./Drivers/STM32F4xx_HAL_Driver/Src/stm32f4xx_hal_dma.o
 .text.DMA_CheckFifoParam
                0x08003dc4       0xf8 ./Drivers/STM32F4xx_HAL_Driver/Src/stm32f4xx_hal_dma.o
 .text.HAL_GPIO_Init
                0x08003ebc      0x338 ./Drivers/STM32F4xx_HAL_Driver/Src/stm32f4xx_hal_gpio.o
                0x08003ebc                HAL_GPIO_Init
 .text.HAL_GPIO_WritePin
                0x080041f4       0x32 ./Drivers/STM32F4xx_HAL_Driver/Src/stm32f4xx_hal_gpio.o
                0x080041f4                HAL_GPIO_WritePin
 .text.HAL_GPIO_TogglePin
                0x08004226       0x34 ./Drivers/STM32F4xx_HAL_Driver/Src/stm32f4xx_hal_gpio.o
                0x08004226                HAL_GPIO_TogglePin
 *fill*         0x0800425a        0x2 
 .text.HAL_GPIO_EXTI_IRQHandler
                0x0800425c       0x30 ./Drivers/STM32F4xx_HAL_Driver/Src/stm32f4xx_hal_gpio.o
                0x0800425c                HAL_GPIO_EXTI_IRQHandler
 .text.HAL_HCD_Init
                0x0800428c       0xce ./Drivers/STM32F4xx_HAL_Driver/Src/stm32f4xx_hal_hcd.o
                0x0800428c                HAL_HCD_Init
 .text.HAL_HCD_HC_Init
                0x0800435a      0x170 ./Drivers/STM32F4xx_HAL_Driver/Src/stm32f4xx_hal_hcd.o
                0x0800435a                HAL_HCD_HC_Init
 .text.HAL_HCD_HC_Halt
                0x080044ca       0x46 ./Drivers/STM32F4xx_HAL_Driver/Src/stm32f4xx_hal_hcd.o
                0x080044ca                HAL_HCD_HC_Halt
 .text.HAL_HCD_HC_SubmitRequest
                0x08004510      0x33c ./Drivers/STM32F4xx_HAL_Driver/Src/stm32f4xx_hal_hcd.o
                0x08004510                HAL_HCD_HC_SubmitRequest
 .text.HAL_HCD_IRQHandler
                0x0800484c      0x220 ./Drivers/STM32F4xx_HAL_Driver/Src/stm32f4xx_hal_hcd.o
                0x0800484c                HAL_HCD_IRQHandler
 .text.HAL_HCD_Start
                0x08004a6c       0x46 ./Drivers/STM32F4xx_HAL_Driver/Src/stm32f4xx_hal_hcd.o
                0x08004a6c                HAL_HCD_Start
 .text.HAL_HCD_Stop
                0x08004ab2       0x3a ./Drivers/STM32F4xx_HAL_Driver/Src/stm32f4xx_hal_hcd.o
                0x08004ab2                HAL_HCD_Stop
 .text.HAL_HCD_ResetPort
                0x08004aec       0x1c ./Drivers/STM32F4xx_HAL_Driver/Src/stm32f4xx_hal_hcd.o
                0x08004aec                HAL_HCD_ResetPort
 .text.HAL_HCD_HC_GetURBState
                0x08004b08       0x2a ./Drivers/STM32F4xx_HAL_Driver/Src/stm32f4xx_hal_hcd.o
                0x08004b08                HAL_HCD_HC_GetURBState
 .text.HAL_HCD_HC_GetXferCount
                0x08004b32       0x2a ./Drivers/STM32F4xx_HAL_Driver/Src/stm32f4xx_hal_hcd.o
                0x08004b32                HAL_HCD_HC_GetXferCount
 .text.HAL_HCD_GetCurrentFrame
                0x08004b5c       0x1c ./Drivers/STM32F4xx_HAL_Driver/Src/stm32f4xx_hal_hcd.o
                0x08004b5c                HAL_HCD_GetCurrentFrame
 .text.HAL_HCD_GetCurrentSpeed
                0x08004b78       0x1c ./Drivers/STM32F4xx_HAL_Driver/Src/stm32f4xx_hal_hcd.o
                0x08004b78                HAL_HCD_GetCurrentSpeed
 .text.HAL_HCD_HC_ClearHubInfo
                0x08004b94       0x6a ./Drivers/STM32F4xx_HAL_Driver/Src/stm32f4xx_hal_hcd.o
                0x08004b94                HAL_HCD_HC_ClearHubInfo
 .text.HCD_HC_IN_IRQHandler
                0x08004bfe      0xcd2 ./Drivers/STM32F4xx_HAL_Driver/Src/stm32f4xx_hal_hcd.o
 .text.HCD_HC_OUT_IRQHandler
                0x080058d0      0x94a ./Drivers/STM32F4xx_HAL_Driver/Src/stm32f4xx_hal_hcd.o
 .text.HCD_RXQLVL_IRQHandler
                0x0800621a      0x1be ./Drivers/STM32F4xx_HAL_Driver/Src/stm32f4xx_hal_hcd.o
 .text.HCD_Port_IRQHandler
                0x080063d8       0xe6 ./Drivers/STM32F4xx_HAL_Driver/Src/stm32f4xx_hal_hcd.o
 *fill*         0x080064be        0x2 
 .text.HAL_I2C_Init
                0x080064c0      0x288 ./Drivers/STM32F4xx_HAL_Driver/Src/stm32f4xx_hal_i2c.o
                0x080064c0                HAL_I2C_Init
 .text.HAL_I2S_Init
                0x08006748      0x280 ./Drivers/STM32F4xx_HAL_Driver/Src/stm32f4xx_hal_i2s.o
                0x08006748                HAL_I2S_Init
 .text.HAL_I2S_TxCpltCallback
                0x080069c8       0x14 ./Drivers/STM32F4xx_HAL_Driver/Src/stm32f4xx_hal_i2s.o
                0x080069c8                HAL_I2S_TxCpltCallback
 .text.HAL_I2S_RxCpltCallback
                0x080069dc       0x14 ./Drivers/STM32F4xx_HAL_Driver/Src/stm32f4xx_hal_i2s.o
                0x080069dc                HAL_I2S_RxCpltCallback
 .text.HAL_I2S_ErrorCallback
                0x080069f0       0x14 ./Drivers/STM32F4xx_HAL_Driver/Src/stm32f4xx_hal_i2s.o
                0x080069f0                HAL_I2S_ErrorCallback
 .text.I2S_Transmit_IT
                0x08006a04       0x5c ./Drivers/STM32F4xx_HAL_Driver/Src/stm32f4xx_hal_i2s.o
 .text.I2S_Receive_IT
                0x08006a60       0x5e ./Drivers/STM32F4xx_HAL_Driver/Src/stm32f4xx_hal_i2s.o
 .text.I2S_IRQHandler
                0x08006abe      0x114 ./Drivers/STM32F4xx_HAL_Driver/Src/stm32f4xx_hal_i2s.o
 *fill*         0x08006bd2        0x2 
 .text.HAL_I2SEx_FullDuplex_IRQHandler
                0x08006bd4      0x2a8 ./Drivers/STM32F4xx_HAL_Driver/Src/stm32f4xx_hal_i2s_ex.o
                0x08006bd4                HAL_I2SEx_FullDuplex_IRQHandler
 .text.HAL_I2SEx_TxRxCpltCallback
                0x08006e7c       0x14 ./Drivers/STM32F4xx_HAL_Driver/Src/stm32f4xx_hal_i2s_ex.o
                0x08006e7c                HAL_I2SEx_TxRxCpltCallback
 .text.I2SEx_TxISR_I2S
                0x08006e90       0x62 ./Drivers/STM32F4xx_HAL_Driver/Src/stm32f4xx_hal_i2s_ex.o
 *fill*         0x08006ef2        0x2 
 .text.I2SEx_TxISR_I2SExt
                0x08006ef4       0x98 ./Drivers/STM32F4xx_HAL_Driver/Src/stm32f4xx_hal_i2s_ex.o
 .text.I2SEx_RxISR_I2S
                0x08006f8c       0x64 ./Drivers/STM32F4xx_HAL_Driver/Src/stm32f4xx_hal_i2s_ex.o
 .text.I2SEx_RxISR_I2SExt
                0x08006ff0       0x98 ./Drivers/STM32F4xx_HAL_Driver/Src/stm32f4xx_hal_i2s_ex.o
 .text.HAL_RCC_OscConfig
                0x08007088      0x4f0 ./Drivers/STM32F4xx_HAL_Driver/Src/stm32f4xx_hal_rcc.o
                0x08007088                HAL_RCC_OscConfig
 .text.HAL_RCC_ClockConfig
                0x08007578      0x1cc ./Drivers/STM32F4xx_HAL_Driver/Src/stm32f4xx_hal_rcc.o
                0x08007578                HAL_RCC_ClockConfig
 .text.HAL_RCC_GetSysClockFreq
                0x08007744      0x20c ./Drivers/STM32F4xx_HAL_Driver/Src/stm32f4xx_hal_rcc.o
                0x08007744                HAL_RCC_GetSysClockFreq
 .text.HAL_RCC_GetHCLKFreq
                0x08007950       0x18 ./Drivers/STM32F4xx_HAL_Driver/Src/stm32f4xx_hal_rcc.o
                0x08007950                HAL_RCC_GetHCLKFreq
 .text.HAL_RCC_GetPCLK1Freq
                0x08007968       0x28 ./Drivers/STM32F4xx_HAL_Driver/Src/stm32f4xx_hal_rcc.o
                0x08007968                HAL_RCC_GetPCLK1Freq
 .text.HAL_RCC_GetPCLK2Freq
                0x08007990       0x28 ./Drivers/STM32F4xx_HAL_Driver/Src/stm32f4xx_hal_rcc.o
                0x08007990                HAL_RCC_GetPCLK2Freq
 .text.HAL_RCC_GetClockConfig
                0x080079b8       0x64 ./Drivers/STM32F4xx_HAL_Driver/Src/stm32f4xx_hal_rcc.o
                0x080079b8                HAL_RCC_GetClockConfig
 .text.HAL_RCCEx_PeriphCLKConfig
                0x08007a1c      0x1c4 ./Drivers/STM32F4xx_HAL_Driver/Src/stm32f4xx_hal_rcc_ex.o
                0x08007a1c                HAL_RCCEx_PeriphCLKConfig
 .text.HAL_RCCEx_GetPeriphCLKFreq
                0x08007be0       0xc0 ./Drivers/STM32F4xx_HAL_Driver/Src/stm32f4xx_hal_rcc_ex.o
                0x08007be0                HAL_RCCEx_GetPeriphCLKFreq
 .text.HAL_RTC_Init
                0x08007ca0      0x106 ./Drivers/STM32F4xx_HAL_Driver/Src/stm32f4xx_hal_rtc.o
                0x08007ca0                HAL_RTC_Init
 .text.HAL_RTC_SetTime
                0x08007da6      0x134 ./Drivers/STM32F4xx_HAL_Driver/Src/stm32f4xx_hal_rtc.o
                0x08007da6                HAL_RTC_SetTime
 .text.HAL_RTC_GetTime
                0x08007eda       0xbc ./Drivers/STM32F4xx_HAL_Driver/Src/stm32f4xx_hal_rtc.o
                0x08007eda                HAL_RTC_GetTime
 .text.HAL_RTC_SetDate
                0x08007f96      0x108 ./Drivers/STM32F4xx_HAL_Driver/Src/stm32f4xx_hal_rtc.o
                0x08007f96                HAL_RTC_SetDate
 .text.HAL_RTC_GetDate
                0x0800809e       0x9e ./Drivers/STM32F4xx_HAL_Driver/Src/stm32f4xx_hal_rtc.o
                0x0800809e                HAL_RTC_GetDate
 .text.HAL_RTC_WaitForSynchro
                0x0800813c       0x4c ./Drivers/STM32F4xx_HAL_Driver/Src/stm32f4xx_hal_rtc.o
                0x0800813c                HAL_RTC_WaitForSynchro
 .text.RTC_EnterInitMode
                0x08008188       0x6e ./Drivers/STM32F4xx_HAL_Driver/Src/stm32f4xx_hal_rtc.o
                0x08008188                RTC_EnterInitMode
 .text.RTC_ExitInitMode
                0x080081f6       0x4a ./Drivers/STM32F4xx_HAL_Driver/Src/stm32f4xx_hal_rtc.o
                0x080081f6                RTC_ExitInitMode
 .text.RTC_ByteToBcd2
                0x08008240       0x3c ./Drivers/STM32F4xx_HAL_Driver/Src/stm32f4xx_hal_rtc.o
                0x08008240                RTC_ByteToBcd2
 .text.RTC_Bcd2ToByte
                0x0800827c       0x3c ./Drivers/STM32F4xx_HAL_Driver/Src/stm32f4xx_hal_rtc.o
                0x0800827c                RTC_Bcd2ToByte
 .text.HAL_SPI_Init
                0x080082b8      0x112 ./Drivers/STM32F4xx_HAL_Driver/Src/stm32f4xx_hal_spi.o
                0x080082b8                HAL_SPI_Init
 .text.HAL_SPI_Transmit
                0x080083ca      0x286 ./Drivers/STM32F4xx_HAL_Driver/Src/stm32f4xx_hal_spi.o
                0x080083ca                HAL_SPI_Transmit
 .text.HAL_SPI_Receive
                0x08008650      0x230 ./Drivers/STM32F4xx_HAL_Driver/Src/stm32f4xx_hal_spi.o
                0x08008650                HAL_SPI_Receive
 .text.HAL_SPI_TransmitReceive
                0x08008880      0x360 ./Drivers/STM32F4xx_HAL_Driver/Src/stm32f4xx_hal_spi.o
                0x08008880                HAL_SPI_TransmitReceive
 .text.SPI_WaitFlagStateUntilTimeout
                0x08008be0      0x110 ./Drivers/STM32F4xx_HAL_Driver/Src/stm32f4xx_hal_spi.o
 .text.SPI_EndRxTransaction
                0x08008cf0       0xca ./Drivers/STM32F4xx_HAL_Driver/Src/stm32f4xx_hal_spi.o
 *fill*         0x08008dba        0x2 
 .text.SPI_EndRxTxTransaction
                0x08008dbc       0xa8 ./Drivers/STM32F4xx_HAL_Driver/Src/stm32f4xx_hal_spi.o
 .text.HAL_TIM_Base_Init
                0x08008e64       0x9e ./Drivers/STM32F4xx_HAL_Driver/Src/stm32f4xx_hal_tim.o
                0x08008e64                HAL_TIM_Base_Init
 *fill*         0x08008f02        0x2 
 .text.HAL_TIM_Base_Start_IT
                0x08008f04       0xe0 ./Drivers/STM32F4xx_HAL_Driver/Src/stm32f4xx_hal_tim.o
                0x08008f04                HAL_TIM_Base_Start_IT
 .text.HAL_TIM_IRQHandler
                0x08008fe4      0x1e0 ./Drivers/STM32F4xx_HAL_Driver/Src/stm32f4xx_hal_tim.o
                0x08008fe4                HAL_TIM_IRQHandler
 .text.HAL_TIM_ConfigClockSource
                0x080091c4      0x18e ./Drivers/STM32F4xx_HAL_Driver/Src/stm32f4xx_hal_tim.o
                0x080091c4                HAL_TIM_ConfigClockSource
 .text.HAL_TIM_OC_DelayElapsedCallback
                0x08009352       0x14 ./Drivers/STM32F4xx_HAL_Driver/Src/stm32f4xx_hal_tim.o
                0x08009352                HAL_TIM_OC_DelayElapsedCallback
 .text.HAL_TIM_IC_CaptureCallback
                0x08009366       0x14 ./Drivers/STM32F4xx_HAL_Driver/Src/stm32f4xx_hal_tim.o
                0x08009366                HAL_TIM_IC_CaptureCallback
 .text.HAL_TIM_PWM_PulseFinishedCallback
                0x0800937a       0x14 ./Drivers/STM32F4xx_HAL_Driver/Src/stm32f4xx_hal_tim.o
                0x0800937a                HAL_TIM_PWM_PulseFinishedCallback
 .text.HAL_TIM_TriggerCallback
                0x0800938e       0x14 ./Drivers/STM32F4xx_HAL_Driver/Src/stm32f4xx_hal_tim.o
                0x0800938e                HAL_TIM_TriggerCallback
 *fill*         0x080093a2        0x2 
 .text.TIM_Base_SetConfig
                0x080093a4      0x158 ./Drivers/STM32F4xx_HAL_Driver/Src/stm32f4xx_hal_tim.o
                0x080093a4                TIM_Base_SetConfig
 .text.TIM_TI1_ConfigInputStage
                0x080094fc       0x5e ./Drivers/STM32F4xx_HAL_Driver/Src/stm32f4xx_hal_tim.o
 .text.TIM_TI2_ConfigInputStage
                0x0800955a       0x60 ./Drivers/STM32F4xx_HAL_Driver/Src/stm32f4xx_hal_tim.o
 .text.TIM_ITRx_SetConfig
                0x080095ba       0x36 ./Drivers/STM32F4xx_HAL_Driver/Src/stm32f4xx_hal_tim.o
 .text.TIM_ETR_SetConfig
                0x080095f0       0x40 ./Drivers/STM32F4xx_HAL_Driver/Src/stm32f4xx_hal_tim.o
                0x080095f0                TIM_ETR_SetConfig
 .text.HAL_TIMEx_MasterConfigSynchronization
                0x08009630       0xf8 ./Drivers/STM32F4xx_HAL_Driver/Src/stm32f4xx_hal_tim_ex.o
                0x08009630                HAL_TIMEx_MasterConfigSynchronization
 .text.HAL_TIMEx_CommutCallback
                0x08009728       0x14 ./Drivers/STM32F4xx_HAL_Driver/Src/stm32f4xx_hal_tim_ex.o
                0x08009728                HAL_TIMEx_CommutCallback
 .text.HAL_TIMEx_BreakCallback
                0x0800973c       0x14 ./Drivers/STM32F4xx_HAL_Driver/Src/stm32f4xx_hal_tim_ex.o
                0x0800973c                HAL_TIMEx_BreakCallback
 .text.HAL_UART_Init
                0x08009750       0xa0 ./Drivers/STM32F4xx_HAL_Driver/Src/stm32f4xx_hal_uart.o
                0x08009750                HAL_UART_Init
 .text.HAL_UART_Transmit
                0x080097f0      0x116 ./Drivers/STM32F4xx_HAL_Driver/Src/stm32f4xx_hal_uart.o
                0x080097f0                HAL_UART_Transmit
 .text.HAL_UARTEx_ReceiveToIdle_DMA
                0x08009906       0xba ./Drivers/STM32F4xx_HAL_Driver/Src/stm32f4xx_hal_uart.o
                0x08009906                HAL_UARTEx_ReceiveToIdle_DMA
 .text.HAL_UART_IRQHandler
                0x080099c0      0x524 ./Drivers/STM32F4xx_HAL_Driver/Src/stm32f4xx_hal_uart.o
                0x080099c0                HAL_UART_IRQHandler
 .text.HAL_UART_TxCpltCallback
                0x08009ee4       0x14 ./Drivers/STM32F4xx_HAL_Driver/Src/stm32f4xx_hal_uart.o
                0x08009ee4                HAL_UART_TxCpltCallback
 .text.HAL_UART_RxCpltCallback
                0x08009ef8       0x14 ./Drivers/STM32F4xx_HAL_Driver/Src/stm32f4xx_hal_uart.o
                0x08009ef8                HAL_UART_RxCpltCallback
 .text.HAL_UART_RxHalfCpltCallback
                0x08009f0c       0x14 ./Drivers/STM32F4xx_HAL_Driver/Src/stm32f4xx_hal_uart.o
                0x08009f0c                HAL_UART_RxHalfCpltCallback
 .text.HAL_UART_ErrorCallback
                0x08009f20       0x14 ./Drivers/STM32F4xx_HAL_Driver/Src/stm32f4xx_hal_uart.o
                0x08009f20                HAL_UART_ErrorCallback
 .text.UART_DMAReceiveCplt
                0x08009f34      0x12c ./Drivers/STM32F4xx_HAL_Driver/Src/stm32f4xx_hal_uart.o
 .text.UART_DMARxHalfCplt
                0x0800a060       0x3c ./Drivers/STM32F4xx_HAL_Driver/Src/stm32f4xx_hal_uart.o
 .text.UART_DMAError
                0x0800a09c       0x94 ./Drivers/STM32F4xx_HAL_Driver/Src/stm32f4xx_hal_uart.o
 .text.UART_WaitOnFlagUntilTimeout
                0x0800a130       0xb2 ./Drivers/STM32F4xx_HAL_Driver/Src/stm32f4xx_hal_uart.o
 *fill*         0x0800a1e2        0x2 
 .text.UART_Start_Receive_DMA
                0x0800a1e4      0x134 ./Drivers/STM32F4xx_HAL_Driver/Src/stm32f4xx_hal_uart.o
                0x0800a1e4                UART_Start_Receive_DMA
 .text.UART_EndTxTransfer
                0x0800a318       0x50 ./Drivers/STM32F4xx_HAL_Driver/Src/stm32f4xx_hal_uart.o
 .text.UART_EndRxTransfer
                0x0800a368       0xc6 ./Drivers/STM32F4xx_HAL_Driver/Src/stm32f4xx_hal_uart.o
 .text.UART_DMAAbortOnError
                0x0800a42e       0x28 ./Drivers/STM32F4xx_HAL_Driver/Src/stm32f4xx_hal_uart.o
 .text.UART_Transmit_IT
                0x0800a456       0xa0 ./Drivers/STM32F4xx_HAL_Driver/Src/stm32f4xx_hal_uart.o
 .text.UART_EndTransmit_IT
                0x0800a4f6       0x30 ./Drivers/STM32F4xx_HAL_Driver/Src/stm32f4xx_hal_uart.o
 .text.UART_Receive_IT
                0x0800a526      0x17c ./Drivers/STM32F4xx_HAL_Driver/Src/stm32f4xx_hal_uart.o
 *fill*         0x0800a6a2        0x2 
 .text.UART_SetConfig
                0x0800a6a4      0x4e8 ./Drivers/STM32F4xx_HAL_Driver/Src/stm32f4xx_hal_uart.o
 .text.USB_CoreInit
                0x0800ab8c       0xc8 ./Drivers/STM32F4xx_HAL_Driver/Src/stm32f4xx_ll_usb.o
                0x0800ab8c                USB_CoreInit
 .text.USB_EnableGlobalInt
                0x0800ac54       0x22 ./Drivers/STM32F4xx_HAL_Driver/Src/stm32f4xx_ll_usb.o
                0x0800ac54                USB_EnableGlobalInt
 .text.USB_DisableGlobalInt
                0x0800ac76       0x22 ./Drivers/STM32F4xx_HAL_Driver/Src/stm32f4xx_ll_usb.o
                0x0800ac76                USB_DisableGlobalInt
 .text.USB_SetCurrentMode
                0x0800ac98       0x98 ./Drivers/STM32F4xx_HAL_Driver/Src/stm32f4xx_ll_usb.o
                0x0800ac98                USB_SetCurrentMode
 .text.USB_FlushTxFifo
                0x0800ad30       0x64 ./Drivers/STM32F4xx_HAL_Driver/Src/stm32f4xx_ll_usb.o
                0x0800ad30                USB_FlushTxFifo
 .text.USB_FlushRxFifo
                0x0800ad94       0x5c ./Drivers/STM32F4xx_HAL_Driver/Src/stm32f4xx_ll_usb.o
                0x0800ad94                USB_FlushRxFifo
 .text.USB_WritePacket
                0x0800adf0       0x7c ./Drivers/STM32F4xx_HAL_Driver/Src/stm32f4xx_ll_usb.o
                0x0800adf0                USB_WritePacket
 .text.USB_ReadPacket
                0x0800ae6c       0xb0 ./Drivers/STM32F4xx_HAL_Driver/Src/stm32f4xx_ll_usb.o
                0x0800ae6c                USB_ReadPacket
 .text.USB_ReadInterrupts
                0x0800af1c       0x26 ./Drivers/STM32F4xx_HAL_Driver/Src/stm32f4xx_ll_usb.o
                0x0800af1c                USB_ReadInterrupts
 .text.USB_ReadChInterrupts
                0x0800af42       0x42 ./Drivers/STM32F4xx_HAL_Driver/Src/stm32f4xx_ll_usb.o
                0x0800af42                USB_ReadChInterrupts
 .text.USB_GetMode
                0x0800af84       0x1c ./Drivers/STM32F4xx_HAL_Driver/Src/stm32f4xx_ll_usb.o
                0x0800af84                USB_GetMode
 .text.USB_CoreReset
                0x0800afa0       0x62 ./Drivers/STM32F4xx_HAL_Driver/Src/stm32f4xx_ll_usb.o
 *fill*         0x0800b002        0x2 
 .text.USB_HostInit
                0x0800b004      0x188 ./Drivers/STM32F4xx_HAL_Driver/Src/stm32f4xx_ll_usb.o
                0x0800b004                USB_HostInit
 .text.USB_InitFSLSPClkSel
                0x0800b18c       0x7a ./Drivers/STM32F4xx_HAL_Driver/Src/stm32f4xx_ll_usb.o
                0x0800b18c                USB_InitFSLSPClkSel
 .text.USB_ResetPort
                0x0800b206       0x54 ./Drivers/STM32F4xx_HAL_Driver/Src/stm32f4xx_ll_usb.o
                0x0800b206                USB_ResetPort
 .text.USB_DriveVbus
                0x0800b25a       0x72 ./Drivers/STM32F4xx_HAL_Driver/Src/stm32f4xx_ll_usb.o
                0x0800b25a                USB_DriveVbus
 .text.USB_GetHostSpeed
                0x0800b2cc       0x2e ./Drivers/STM32F4xx_HAL_Driver/Src/stm32f4xx_ll_usb.o
                0x0800b2cc                USB_GetHostSpeed
 .text.USB_GetCurrentFrame
                0x0800b2fa       0x22 ./Drivers/STM32F4xx_HAL_Driver/Src/stm32f4xx_ll_usb.o
                0x0800b2fa                USB_GetCurrentFrame
 .text.USB_HC_Init
                0x0800b31c      0x258 ./Drivers/STM32F4xx_HAL_Driver/Src/stm32f4xx_ll_usb.o
                0x0800b31c                USB_HC_Init
 .text.USB_HC_StartXfer
                0x0800b574      0x4f4 ./Drivers/STM32F4xx_HAL_Driver/Src/stm32f4xx_ll_usb.o
                0x0800b574                USB_HC_StartXfer
 .text.USB_HC_ReadInterrupt
                0x0800ba68       0x22 ./Drivers/STM32F4xx_HAL_Driver/Src/stm32f4xx_ll_usb.o
                0x0800ba68                USB_HC_ReadInterrupt
 .text.USB_HC_Halt
                0x0800ba8a      0x240 ./Drivers/STM32F4xx_HAL_Driver/Src/stm32f4xx_ll_usb.o
                0x0800ba8a                USB_HC_Halt
 *fill*         0x0800bcca        0x2 
 .text.USB_DoPing
                0x0800bccc       0x78 ./Drivers/STM32F4xx_HAL_Driver/Src/stm32f4xx_ll_usb.o
                0x0800bccc                USB_DoPing
 .text.USB_StopHost
                0x0800bd44      0x124 ./Drivers/STM32F4xx_HAL_Driver/Src/stm32f4xx_ll_usb.o
                0x0800bd44                USB_StopHost
 .text.USBH_CDC_InterfaceInit
                0x0800be68      0x2ac ./Middlewares/ST/STM32_USB_Host_Library/Class/CDC/Src/usbh_cdc.o
 .text.USBH_CDC_InterfaceDeInit
                0x0800c114       0xb2 ./Middlewares/ST/STM32_USB_Host_Library/Class/CDC/Src/usbh_cdc.o
 .text.USBH_CDC_ClassRequest
                0x0800c1c6       0x3e ./Middlewares/ST/STM32_USB_Host_Library/Class/CDC/Src/usbh_cdc.o
 .text.USBH_CDC_Process
                0x0800c204      0x12c ./Middlewares/ST/STM32_USB_Host_Library/Class/CDC/Src/usbh_cdc.o
 .text.USBH_CDC_SOFProcess
                0x0800c330       0x16 ./Middlewares/ST/STM32_USB_Host_Library/Class/CDC/Src/usbh_cdc.o
 .text.GetLineCoding
                0x0800c346       0x3e ./Middlewares/ST/STM32_USB_Host_Library/Class/CDC/Src/usbh_cdc.o
 .text.SetLineCoding
                0x0800c384       0x3e ./Middlewares/ST/STM32_USB_Host_Library/Class/CDC/Src/usbh_cdc.o
 .text.CDC_ProcessTransmission
                0x0800c3c2      0x124 ./Middlewares/ST/STM32_USB_Host_Library/Class/CDC/Src/usbh_cdc.o
 .text.CDC_ProcessReception
                0x0800c4e6       0xd2 ./Middlewares/ST/STM32_USB_Host_Library/Class/CDC/Src/usbh_cdc.o
 .text.USBH_CDC_TransmitCallback
                0x0800c5b8       0x14 ./Middlewares/ST/STM32_USB_Host_Library/Class/CDC/Src/usbh_cdc.o
                0x0800c5b8                USBH_CDC_TransmitCallback
 .text.USBH_CDC_ReceiveCallback
                0x0800c5cc       0x14 ./Middlewares/ST/STM32_USB_Host_Library/Class/CDC/Src/usbh_cdc.o
                0x0800c5cc                USBH_CDC_ReceiveCallback
 .text.USBH_CDC_LineCodingChanged
                0x0800c5e0       0x14 ./Middlewares/ST/STM32_USB_Host_Library/Class/CDC/Src/usbh_cdc.o
                0x0800c5e0                USBH_CDC_LineCodingChanged
 .text.USBH_Init
                0x0800c5f4       0xb8 ./Middlewares/ST/STM32_USB_Host_Library/Core/Src/usbh_core.o
                0x0800c5f4                USBH_Init
 .text.DeInitStateMachine
                0x0800c6ac       0xe6 ./Middlewares/ST/STM32_USB_Host_Library/Core/Src/usbh_core.o
 .text.USBH_RegisterClass
                0x0800c792       0x54 ./Middlewares/ST/STM32_USB_Host_Library/Core/Src/usbh_core.o
                0x0800c792                USBH_RegisterClass
 .text.USBH_SelectInterface
                0x0800c7e6       0x38 ./Middlewares/ST/STM32_USB_Host_Library/Core/Src/usbh_core.o
                0x0800c7e6                USBH_SelectInterface
 .text.USBH_FindInterface
                0x0800c81e       0x8c ./Middlewares/ST/STM32_USB_Host_Library/Core/Src/usbh_core.o
                0x0800c81e                USBH_FindInterface
 .text.USBH_Start
                0x0800c8aa       0x20 ./Middlewares/ST/STM32_USB_Host_Library/Core/Src/usbh_core.o
                0x0800c8aa                USBH_Start
 *fill*         0x0800c8ca        0x2 
 .text.USBH_Process
                0x0800c8cc      0x4d4 ./Middlewares/ST/STM32_USB_Host_Library/Core/Src/usbh_core.o
                0x0800c8cc                USBH_Process
 .text.USBH_HandleEnum
                0x0800cda0      0x450 ./Middlewares/ST/STM32_USB_Host_Library/Core/Src/usbh_core.o
 .text.USBH_LL_SetTimer
                0x0800d1f0       0x1e ./Middlewares/ST/STM32_USB_Host_Library/Core/Src/usbh_core.o
                0x0800d1f0                USBH_LL_SetTimer
 .text.USBH_LL_IncTimer
                0x0800d20e       0x24 ./Middlewares/ST/STM32_USB_Host_Library/Core/Src/usbh_core.o
                0x0800d20e                USBH_LL_IncTimer
 .text.USBH_HandleSof
                0x0800d232       0x30 ./Middlewares/ST/STM32_USB_Host_Library/Core/Src/usbh_core.o
 .text.USBH_LL_PortEnabled
                0x0800d262       0x34 ./Middlewares/ST/STM32_USB_Host_Library/Core/Src/usbh_core.o
                0x0800d262                USBH_LL_PortEnabled
 .text.USBH_LL_PortDisabled
                0x0800d296       0x1c ./Middlewares/ST/STM32_USB_Host_Library/Core/Src/usbh_core.o
                0x0800d296                USBH_LL_PortDisabled
 .text.USBH_LL_Connect
                0x0800d2b2       0x46 ./Middlewares/ST/STM32_USB_Host_Library/Core/Src/usbh_core.o
                0x0800d2b2                USBH_LL_Connect
 .text.USBH_LL_Disconnect
                0x0800d2f8       0x64 ./Middlewares/ST/STM32_USB_Host_Library/Core/Src/usbh_core.o
                0x0800d2f8                USBH_LL_Disconnect
 .text.USBH_Process_OS
                0x0800d35c       0x2e ./Middlewares/ST/STM32_USB_Host_Library/Core/Src/usbh_core.o
 .text.USBH_LL_NotifyURBChange
                0x0800d38a       0x2e ./Middlewares/ST/STM32_USB_Host_Library/Core/Src/usbh_core.o
                0x0800d38a                USBH_LL_NotifyURBChange
 .text.USBH_Get_DevDesc
                0x0800d3b8       0x58 ./Middlewares/ST/STM32_USB_Host_Library/Core/Src/usbh_ctlreq.o
                0x0800d3b8                USBH_Get_DevDesc
 .text.USBH_Get_CfgDesc
                0x0800d410       0x54 ./Middlewares/ST/STM32_USB_Host_Library/Core/Src/usbh_ctlreq.o
                0x0800d410                USBH_Get_CfgDesc
 .text.USBH_Get_StringDesc
                0x0800d464       0x68 ./Middlewares/ST/STM32_USB_Host_Library/Core/Src/usbh_ctlreq.o
                0x0800d464                USBH_Get_StringDesc
 .text.USBH_GetDescriptor
                0x0800d4cc       0x6a ./Middlewares/ST/STM32_USB_Host_Library/Core/Src/usbh_ctlreq.o
                0x0800d4cc                USBH_GetDescriptor
 .text.USBH_SetAddress
                0x0800d536       0x48 ./Middlewares/ST/STM32_USB_Host_Library/Core/Src/usbh_ctlreq.o
                0x0800d536                USBH_SetAddress
 .text.USBH_SetCfg
                0x0800d57e       0x46 ./Middlewares/ST/STM32_USB_Host_Library/Core/Src/usbh_ctlreq.o
                0x0800d57e                USBH_SetCfg
 .text.USBH_SetFeature
                0x0800d5c4       0x48 ./Middlewares/ST/STM32_USB_Host_Library/Core/Src/usbh_ctlreq.o
                0x0800d5c4                USBH_SetFeature
 .text.USBH_ClrFeature
                0x0800d60c       0x48 ./Middlewares/ST/STM32_USB_Host_Library/Core/Src/usbh_ctlreq.o
                0x0800d60c                USBH_ClrFeature
 .text.USBH_ParseDevDesc
                0x0800d654      0x160 ./Middlewares/ST/STM32_USB_Host_Library/Core/Src/usbh_ctlreq.o
 .text.USBH_ParseCfgDesc
                0x0800d7b4      0x1f0 ./Middlewares/ST/STM32_USB_Host_Library/Core/Src/usbh_ctlreq.o
 .text.USBH_ParseInterfaceDesc
                0x0800d9a4       0x68 ./Middlewares/ST/STM32_USB_Host_Library/Core/Src/usbh_ctlreq.o
 .text.USBH_ParseEPDesc
                0x0800da0c      0x1d0 ./Middlewares/ST/STM32_USB_Host_Library/Core/Src/usbh_ctlreq.o
 .text.USBH_ParseStringDesc
                0x0800dbdc       0x66 ./Middlewares/ST/STM32_USB_Host_Library/Core/Src/usbh_ctlreq.o
 .text.USBH_GetNextDesc
                0x0800dc42       0x34 ./Middlewares/ST/STM32_USB_Host_Library/Core/Src/usbh_ctlreq.o
                0x0800dc42                USBH_GetNextDesc
 .text.USBH_CtlReq
                0x0800dc76       0xb2 ./Middlewares/ST/STM32_USB_Host_Library/Core/Src/usbh_ctlreq.o
                0x0800dc76                USBH_CtlReq
 .text.USBH_HandleControl
                0x0800dd28      0x490 ./Middlewares/ST/STM32_USB_Host_Library/Core/Src/usbh_ctlreq.o
 .text.USBH_CtlSendSetup
                0x0800e1b8       0x34 ./Middlewares/ST/STM32_USB_Host_Library/Core/Src/usbh_ioreq.o
                0x0800e1b8                USBH_CtlSendSetup
 .text.USBH_CtlSendData
                0x0800e1ec       0x4a ./Middlewares/ST/STM32_USB_Host_Library/Core/Src/usbh_ioreq.o
                0x0800e1ec                USBH_CtlSendData
 .text.USBH_CtlReceiveData
                0x0800e236       0x3c ./Middlewares/ST/STM32_USB_Host_Library/Core/Src/usbh_ioreq.o
                0x0800e236                USBH_CtlReceiveData
 .text.USBH_BulkSendData
                0x0800e272       0x4a ./Middlewares/ST/STM32_USB_Host_Library/Core/Src/usbh_ioreq.o
                0x0800e272                USBH_BulkSendData
 .text.USBH_BulkReceiveData
                0x0800e2bc       0x3c ./Middlewares/ST/STM32_USB_Host_Library/Core/Src/usbh_ioreq.o
                0x0800e2bc                USBH_BulkReceiveData
 .text.USBH_OpenPipe
                0x0800e2f8       0x3e ./Middlewares/ST/STM32_USB_Host_Library/Core/Src/usbh_pipes.o
                0x0800e2f8                USBH_OpenPipe
 .text.USBH_ClosePipe
                0x0800e336       0x20 ./Middlewares/ST/STM32_USB_Host_Library/Core/Src/usbh_pipes.o
                0x0800e336                USBH_ClosePipe
 .text.USBH_AllocPipe
                0x0800e356       0x42 ./Middlewares/ST/STM32_USB_Host_Library/Core/Src/usbh_pipes.o
                0x0800e356                USBH_AllocPipe
 .text.USBH_FreePipe
                0x0800e398       0x3c ./Middlewares/ST/STM32_USB_Host_Library/Core/Src/usbh_pipes.o
                0x0800e398                USBH_FreePipe
 .text.USBH_GetFreePipe
                0x0800e3d4       0x48 ./Middlewares/ST/STM32_USB_Host_Library/Core/Src/usbh_pipes.o
 .text.__NVIC_SetPriority
                0x0800e41c       0x54 ./Middlewares/Third_Party/FreeRTOS/Source/CMSIS_RTOS_V2/cmsis_os2.o
 .text.SysTick_Handler
                0x0800e470       0x20 ./Middlewares/Third_Party/FreeRTOS/Source/CMSIS_RTOS_V2/cmsis_os2.o
                0x0800e470                SysTick_Handler
 .text.SVC_Setup
                0x0800e490       0x12 ./Middlewares/Third_Party/FreeRTOS/Source/CMSIS_RTOS_V2/cmsis_os2.o
 *fill*         0x0800e4a2        0x2 
 .text.osKernelInitialize
                0x0800e4a4       0x48 ./Middlewares/Third_Party/FreeRTOS/Source/CMSIS_RTOS_V2/cmsis_os2.o
                0x0800e4a4                osKernelInitialize
 .text.osKernelStart
                0x0800e4ec       0x4c ./Middlewares/Third_Party/FreeRTOS/Source/CMSIS_RTOS_V2/cmsis_os2.o
                0x0800e4ec                osKernelStart
 .text.osThreadNew
                0x0800e538      0x124 ./Middlewares/Third_Party/FreeRTOS/Source/CMSIS_RTOS_V2/cmsis_os2.o
                0x0800e538                osThreadNew
 .text.osThreadFlagsSet
                0x0800e65c       0x9c ./Middlewares/Third_Party/FreeRTOS/Source/CMSIS_RTOS_V2/cmsis_os2.o
                0x0800e65c                osThreadFlagsSet
 .text.osThreadFlagsWait
                0x0800e6f8      0x102 ./Middlewares/Third_Party/FreeRTOS/Source/CMSIS_RTOS_V2/cmsis_os2.o
                0x0800e6f8                osThreadFlagsWait
 .text.osDelay  0x0800e7fa       0x36 ./Middlewares/Third_Party/FreeRTOS/Source/CMSIS_RTOS_V2/cmsis_os2.o
                0x0800e7fa                osDelay
 .text.osMessageQueueNew
                0x0800e830       0xe6 ./Middlewares/Third_Party/FreeRTOS/Source/CMSIS_RTOS_V2/cmsis_os2.o
                0x0800e830                osMessageQueueNew
 *fill*         0x0800e916        0x2 
 .text.osMessageQueuePut
                0x0800e918       0xc0 ./Middlewares/Third_Party/FreeRTOS/Source/CMSIS_RTOS_V2/cmsis_os2.o
                0x0800e918                osMessageQueuePut
 .text.osMessageQueueGet
                0x0800e9d8       0xbc ./Middlewares/Third_Party/FreeRTOS/Source/CMSIS_RTOS_V2/cmsis_os2.o
                0x0800e9d8                osMessageQueueGet
 .text.vApplicationGetIdleTaskMemory
                0x0800ea94       0x34 ./Middlewares/Third_Party/FreeRTOS/Source/CMSIS_RTOS_V2/cmsis_os2.o
                0x0800ea94                vApplicationGetIdleTaskMemory
 .text.vApplicationGetTimerTaskMemory
                0x0800eac8       0x34 ./Middlewares/Third_Party/FreeRTOS/Source/CMSIS_RTOS_V2/cmsis_os2.o
                0x0800eac8                vApplicationGetTimerTaskMemory
 .text.vListInitialise
                0x0800eafc       0x40 ./Middlewares/Third_Party/FreeRTOS/Source/list.o
                0x0800eafc                vListInitialise
 .text.vListInitialiseItem
                0x0800eb3c       0x1a ./Middlewares/Third_Party/FreeRTOS/Source/list.o
                0x0800eb3c                vListInitialiseItem
 .text.vListInsertEnd
                0x0800eb56       0x48 ./Middlewares/Third_Party/FreeRTOS/Source/list.o
                0x0800eb56                vListInsertEnd
 .text.vListInsert
                0x0800eb9e       0x72 ./Middlewares/Third_Party/FreeRTOS/Source/list.o
                0x0800eb9e                vListInsert
 .text.uxListRemove
                0x0800ec10       0x54 ./Middlewares/Third_Party/FreeRTOS/Source/list.o
                0x0800ec10                uxListRemove
 .text.xQueueGenericReset
                0x0800ec64       0xd4 ./Middlewares/Third_Party/FreeRTOS/Source/queue.o
                0x0800ec64                xQueueGenericReset
 .text.xQueueGenericCreateStatic
                0x0800ed38       0xfa ./Middlewares/Third_Party/FreeRTOS/Source/queue.o
                0x0800ed38                xQueueGenericCreateStatic
 .text.xQueueGenericCreate
                0x0800ee32       0x76 ./Middlewares/Third_Party/FreeRTOS/Source/queue.o
                0x0800ee32                xQueueGenericCreate
 .text.prvInitialiseNewQueue
                0x0800eea8       0x46 ./Middlewares/Third_Party/FreeRTOS/Source/queue.o
 *fill*         0x0800eeee        0x2 
 .text.xQueueGenericSend
                0x0800eef0      0x204 ./Middlewares/Third_Party/FreeRTOS/Source/queue.o
                0x0800eef0                xQueueGenericSend
 .text.xQueueGenericSendFromISR
                0x0800f0f4      0x13c ./Middlewares/Third_Party/FreeRTOS/Source/queue.o
                0x0800f0f4                xQueueGenericSendFromISR
 .text.xQueueReceive
                0x0800f230      0x1c4 ./Middlewares/Third_Party/FreeRTOS/Source/queue.o
                0x0800f230                xQueueReceive
 .text.xQueueReceiveFromISR
                0x0800f3f4      0x104 ./Middlewares/Third_Party/FreeRTOS/Source/queue.o
                0x0800f3f4                xQueueReceiveFromISR
 .text.prvCopyDataToQueue
                0x0800f4f8       0xd4 ./Middlewares/Third_Party/FreeRTOS/Source/queue.o
 .text.prvCopyDataFromQueue
                0x0800f5cc       0x4c ./Middlewares/Third_Party/FreeRTOS/Source/queue.o
 .text.prvUnlockQueue
                0x0800f618       0xa4 ./Middlewares/Third_Party/FreeRTOS/Source/queue.o
 .text.prvIsQueueEmpty
                0x0800f6bc       0x2c ./Middlewares/Third_Party/FreeRTOS/Source/queue.o
 .text.prvIsQueueFull
                0x0800f6e8       0x30 ./Middlewares/Third_Party/FreeRTOS/Source/queue.o
 .text.vQueueAddToRegistry
                0x0800f718       0x54 ./Middlewares/Third_Party/FreeRTOS/Source/queue.o
                0x0800f718                vQueueAddToRegistry
 .text.vQueueWaitForMessageRestricted
                0x0800f76c       0x68 ./Middlewares/Third_Party/FreeRTOS/Source/queue.o
                0x0800f76c                vQueueWaitForMessageRestricted
 .text.xTaskCreateStatic
                0x0800f7d4       0xc0 ./Middlewares/Third_Party/FreeRTOS/Source/tasks.o
                0x0800f7d4                xTaskCreateStatic
 .text.xTaskCreate
                0x0800f894       0x8a ./Middlewares/Third_Party/FreeRTOS/Source/tasks.o
                0x0800f894                xTaskCreate
 *fill*         0x0800f91e        0x2 
 .text.prvInitialiseNewTask
                0x0800f920      0x154 ./Middlewares/Third_Party/FreeRTOS/Source/tasks.o
 .text.prvAddNewTaskToReadyList
                0x0800fa74       0xe0 ./Middlewares/Third_Party/FreeRTOS/Source/tasks.o
 .text.vTaskDelay
                0x0800fb54       0x6c ./Middlewares/Third_Party/FreeRTOS/Source/tasks.o
                0x0800fb54                vTaskDelay
 .text.eTaskGetState
                0x0800fbc0       0xd0 ./Middlewares/Third_Party/FreeRTOS/Source/tasks.o
                0x0800fbc0                eTaskGetState
 .text.vTaskSuspend
                0x0800fc90       0xec ./Middlewares/Third_Party/FreeRTOS/Source/tasks.o
                0x0800fc90                vTaskSuspend
 .text.vTaskStartScheduler
                0x0800fd7c       0xec ./Middlewares/Third_Party/FreeRTOS/Source/tasks.o
                0x0800fd7c                vTaskStartScheduler
 .text.vTaskSuspendAll
                0x0800fe68       0x1c ./Middlewares/Third_Party/FreeRTOS/Source/tasks.o
                0x0800fe68                vTaskSuspendAll
 .text.xTaskResumeAll
                0x0800fe84      0x13c ./Middlewares/Third_Party/FreeRTOS/Source/tasks.o
                0x0800fe84                xTaskResumeAll
 .text.xTaskGetTickCount
                0x0800ffc0       0x20 ./Middlewares/Third_Party/FreeRTOS/Source/tasks.o
                0x0800ffc0                xTaskGetTickCount
 .text.uxTaskGetSystemState
                0x0800ffe0      0x120 ./Middlewares/Third_Party/FreeRTOS/Source/tasks.o
                0x0800ffe0                uxTaskGetSystemState
 .text.xTaskIncrementTick
                0x08010100      0x174 ./Middlewares/Third_Party/FreeRTOS/Source/tasks.o
                0x08010100                xTaskIncrementTick
 .text.vTaskSwitchContext
                0x08010274      0x108 ./Middlewares/Third_Party/FreeRTOS/Source/tasks.o
                0x08010274                vTaskSwitchContext
 .text.vTaskPlaceOnEventList
                0x0801037c       0x4c ./Middlewares/Third_Party/FreeRTOS/Source/tasks.o
                0x0801037c                vTaskPlaceOnEventList
 .text.vTaskPlaceOnEventListRestricted
                0x080103c8       0x58 ./Middlewares/Third_Party/FreeRTOS/Source/tasks.o
                0x080103c8                vTaskPlaceOnEventListRestricted
 .text.xTaskRemoveFromEventList
                0x08010420       0xc8 ./Middlewares/Third_Party/FreeRTOS/Source/tasks.o
                0x08010420                xTaskRemoveFromEventList
 .text.vTaskInternalSetTimeOutState
                0x080104e8       0x2c ./Middlewares/Third_Party/FreeRTOS/Source/tasks.o
                0x080104e8                vTaskInternalSetTimeOutState
 .text.xTaskCheckForTimeOut
                0x08010514       0xc8 ./Middlewares/Third_Party/FreeRTOS/Source/tasks.o
                0x08010514                xTaskCheckForTimeOut
 .text.vTaskMissedYield
                0x080105dc       0x18 ./Middlewares/Third_Party/FreeRTOS/Source/tasks.o
                0x080105dc                vTaskMissedYield
 .text.prvIdleTask
                0x080105f4       0x34 ./Middlewares/Third_Party/FreeRTOS/Source/tasks.o
 .text.prvInitialiseTaskLists
                0x08010628       0x80 ./Middlewares/Third_Party/FreeRTOS/Source/tasks.o
 .text.prvCheckTasksWaitingTermination
                0x080106a8       0x5c ./Middlewares/Third_Party/FreeRTOS/Source/tasks.o
 .text.vTaskGetInfo
                0x08010704       0xcc ./Middlewares/Third_Party/FreeRTOS/Source/tasks.o
                0x08010704                vTaskGetInfo
 .text.prvListTasksWithinSingleList
                0x080107d0       0xa4 ./Middlewares/Third_Party/FreeRTOS/Source/tasks.o
 .text.prvTaskCheckFreeStackSpace
                0x08010874       0x38 ./Middlewares/Third_Party/FreeRTOS/Source/tasks.o
 .text.prvDeleteTCB
                0x080108ac       0x6a ./Middlewares/Third_Party/FreeRTOS/Source/tasks.o
 *fill*         0x08010916        0x2 
 .text.prvResetNextTaskUnblockTime
                0x08010918       0x40 ./Middlewares/Third_Party/FreeRTOS/Source/tasks.o
 .text.xTaskGetSchedulerState
                0x08010958       0x3c ./Middlewares/Third_Party/FreeRTOS/Source/tasks.o
                0x08010958                xTaskGetSchedulerState
 .text.xTaskPriorityDisinherit
                0x08010994       0xe0 ./Middlewares/Third_Party/FreeRTOS/Source/tasks.o
                0x08010994                xTaskPriorityDisinherit
 .text.prvWriteNameToBuffer
                0x08010a74       0x4a ./Middlewares/Third_Party/FreeRTOS/Source/tasks.o
 *fill*         0x08010abe        0x2 
 .text.vTaskList
                0x08010ac0      0x12c ./Middlewares/Third_Party/FreeRTOS/Source/tasks.o
                0x08010ac0                vTaskList
 .text.vTaskGetRunTimeStats
                0x08010bec      0x108 ./Middlewares/Third_Party/FreeRTOS/Source/tasks.o
                0x08010bec                vTaskGetRunTimeStats
 .text.xTaskNotifyWait
                0x08010cf4       0xc0 ./Middlewares/Third_Party/FreeRTOS/Source/tasks.o
                0x08010cf4                xTaskNotifyWait
 .text.xTaskGenericNotify
                0x08010db4      0x184 ./Middlewares/Third_Party/FreeRTOS/Source/tasks.o
                0x08010db4                xTaskGenericNotify
 .text.xTaskGenericNotifyFromISR
                0x08010f38      0x1cc ./Middlewares/Third_Party/FreeRTOS/Source/tasks.o
                0x08010f38                xTaskGenericNotifyFromISR
 .text.prvAddCurrentTaskToDelayedList
                0x08011104       0xa8 ./Middlewares/Third_Party/FreeRTOS/Source/tasks.o
 .text.xTimerCreateTimerTask
                0x080111ac       0x94 ./Middlewares/Third_Party/FreeRTOS/Source/timers.o
                0x080111ac                xTimerCreateTimerTask
 .text.xTimerGenericCommand
                0x08011240       0x9c ./Middlewares/Third_Party/FreeRTOS/Source/timers.o
                0x08011240                xTimerGenericCommand
 .text.prvProcessExpiredTimer
                0x080112dc       0x9c ./Middlewares/Third_Party/FreeRTOS/Source/timers.o
 .text.prvTimerTask
                0x08011378       0x26 ./Middlewares/Third_Party/FreeRTOS/Source/timers.o
 *fill*         0x0801139e        0x2 
 .text.prvProcessTimerOrBlockTask
                0x080113a0       0x9c ./Middlewares/Third_Party/FreeRTOS/Source/timers.o
 .text.prvGetNextExpireTime
                0x0801143c       0x48 ./Middlewares/Third_Party/FreeRTOS/Source/timers.o
 .text.prvSampleTimeNow
                0x08011484       0x40 ./Middlewares/Third_Party/FreeRTOS/Source/timers.o
 .text.prvInsertTimerInActiveList
                0x080114c4       0x84 ./Middlewares/Third_Party/FreeRTOS/Source/timers.o
 .text.prvProcessReceivedCommands
                0x08011548      0x1cc ./Middlewares/Third_Party/FreeRTOS/Source/timers.o
 .text.prvSwitchTimerLists
                0x08011714       0xcc ./Middlewares/Third_Party/FreeRTOS/Source/timers.o
 .text.prvCheckForValidListAndQueue
                0x080117e0       0x80 ./Middlewares/Third_Party/FreeRTOS/Source/timers.o
 .text.pxPortInitialiseStack
                0x08011860       0x68 ./Middlewares/Third_Party/FreeRTOS/Source/portable/GCC/ARM_CM4F/port.o
                0x08011860                pxPortInitialiseStack
 .text.prvTaskExitError
                0x080118c8       0x5c ./Middlewares/Third_Party/FreeRTOS/Source/portable/GCC/ARM_CM4F/port.o
 *fill*         0x08011924        0xc 
 .text.SVC_Handler
                0x08011930       0x28 ./Middlewares/Third_Party/FreeRTOS/Source/portable/GCC/ARM_CM4F/port.o
                0x08011930                SVC_Handler
 .text.prvPortStartFirstTask
                0x08011958       0x28 ./Middlewares/Third_Party/FreeRTOS/Source/portable/GCC/ARM_CM4F/port.o
 .text.xPortStartScheduler
                0x08011980      0x148 ./Middlewares/Third_Party/FreeRTOS/Source/portable/GCC/ARM_CM4F/port.o
                0x08011980                xPortStartScheduler
 .text.vPortEnterCritical
                0x08011ac8       0x64 ./Middlewares/Third_Party/FreeRTOS/Source/portable/GCC/ARM_CM4F/port.o
                0x08011ac8                vPortEnterCritical
 .text.vPortExitCritical
                0x08011b2c       0x54 ./Middlewares/Third_Party/FreeRTOS/Source/portable/GCC/ARM_CM4F/port.o
                0x08011b2c                vPortExitCritical
 .text.PendSV_Handler
                0x08011b80       0x68 ./Middlewares/Third_Party/FreeRTOS/Source/portable/GCC/ARM_CM4F/port.o
                0x08011b80                PendSV_Handler
 .text.xPortSysTickHandler
                0x08011be8       0x44 ./Middlewares/Third_Party/FreeRTOS/Source/portable/GCC/ARM_CM4F/port.o
                0x08011be8                xPortSysTickHandler
 .text.vPortSetupTimerInterrupt
                0x08011c2c       0x48 ./Middlewares/Third_Party/FreeRTOS/Source/portable/GCC/ARM_CM4F/port.o
                0x08011c2c                vPortSetupTimerInterrupt
 .text.vPortEnableVFP
                0x08011c74       0x14 ./Middlewares/Third_Party/FreeRTOS/Source/portable/GCC/ARM_CM4F/port.o
 .text.vPortValidateInterruptPriority
                0x08011c88       0x84 ./Middlewares/Third_Party/FreeRTOS/Source/portable/GCC/ARM_CM4F/port.o
                0x08011c88                vPortValidateInterruptPriority
 .text.pvPortMalloc
                0x08011d0c      0x19c ./Middlewares/Third_Party/FreeRTOS/Source/portable/MemMang/heap_4.o
                0x08011d0c                pvPortMalloc
 .text.vPortFree
                0x08011ea8       0xc8 ./Middlewares/Third_Party/FreeRTOS/Source/portable/MemMang/heap_4.o
                0x08011ea8                vPortFree
 .text.xPortGetFreeHeapSize
                0x08011f70       0x18 ./Middlewares/Third_Party/FreeRTOS/Source/portable/MemMang/heap_4.o
                0x08011f70                xPortGetFreeHeapSize
 .text.prvHeapInit
                0x08011f88       0xc4 ./Middlewares/Third_Party/FreeRTOS/Source/portable/MemMang/heap_4.o
 .text.prvInsertBlockIntoFreeList
                0x0801204c       0xb4 ./Middlewares/Third_Party/FreeRTOS/Source/portable/MemMang/heap_4.o
 .text.MX_USB_HOST_Init
                0x08012100       0x4c ./USB_HOST/App/usb_host.o
                0x08012100                MX_USB_HOST_Init
 .text.USBH_UserProcess
                0x0801214c       0x5c ./USB_HOST/App/usb_host.o
 .text.HAL_HCD_MspInit
                0x080121a8       0xc4 ./USB_HOST/Target/usbh_conf.o
                0x080121a8                HAL_HCD_MspInit
 .text.HAL_HCD_SOF_Callback
                0x0801226c       0x1c ./USB_HOST/Target/usbh_conf.o
                0x0801226c                HAL_HCD_SOF_Callback
 .text.HAL_HCD_Connect_Callback
                0x08012288       0x1c ./USB_HOST/Target/usbh_conf.o
                0x08012288                HAL_HCD_Connect_Callback
 .text.HAL_HCD_Disconnect_Callback
                0x080122a4       0x1c ./USB_HOST/Target/usbh_conf.o
                0x080122a4                HAL_HCD_Disconnect_Callback
 .text.HAL_HCD_HC_NotifyURBChange_Callback
                0x080122c0       0x24 ./USB_HOST/Target/usbh_conf.o
                0x080122c0                HAL_HCD_HC_NotifyURBChange_Callback
 .text.HAL_HCD_PortEnabled_Callback
                0x080122e4       0x1c ./USB_HOST/Target/usbh_conf.o
                0x080122e4                HAL_HCD_PortEnabled_Callback
 .text.HAL_HCD_PortDisabled_Callback
                0x08012300       0x1c ./USB_HOST/Target/usbh_conf.o
                0x08012300                HAL_HCD_PortDisabled_Callback
 .text.USBH_LL_Init
                0x0801231c       0x78 ./USB_HOST/Target/usbh_conf.o
                0x0801231c                USBH_LL_Init
 .text.USBH_LL_Start
                0x08012394       0x36 ./USB_HOST/Target/usbh_conf.o
                0x08012394                USBH_LL_Start
 .text.USBH_LL_Stop
                0x080123ca       0x36 ./USB_HOST/Target/usbh_conf.o
                0x080123ca                USBH_LL_Stop
 .text.USBH_LL_GetSpeed
                0x08012400       0x4e ./USB_HOST/Target/usbh_conf.o
                0x08012400                USBH_LL_GetSpeed
 .text.USBH_LL_ResetPort
                0x0801244e       0x36 ./USB_HOST/Target/usbh_conf.o
                0x0801244e                USBH_LL_ResetPort
 .text.USBH_LL_GetLastXferSize
                0x08012484       0x26 ./USB_HOST/Target/usbh_conf.o
                0x08012484                USBH_LL_GetLastXferSize
 .text.USBH_LL_OpenPipe
                0x080124aa       0x5e ./USB_HOST/Target/usbh_conf.o
                0x080124aa                USBH_LL_OpenPipe
 .text.USBH_LL_ClosePipe
                0x08012508       0x3e ./USB_HOST/Target/usbh_conf.o
                0x08012508                USBH_LL_ClosePipe
 .text.USBH_LL_SubmitURB
                0x08012546       0x62 ./USB_HOST/Target/usbh_conf.o
                0x08012546                USBH_LL_SubmitURB
 .text.USBH_LL_GetURBState
                0x080125a8       0x26 ./USB_HOST/Target/usbh_conf.o
                0x080125a8                USBH_LL_GetURBState
 .text.USBH_LL_DriverVBUS
                0x080125ce       0x2e ./USB_HOST/Target/usbh_conf.o
                0x080125ce                USBH_LL_DriverVBUS
 .text.USBH_LL_SetToggle
                0x080125fc       0x66 ./USB_HOST/Target/usbh_conf.o
                0x080125fc                USBH_LL_SetToggle
 .text.USBH_Delay
                0x08012662       0x16 ./USB_HOST/Target/usbh_conf.o
                0x08012662                USBH_Delay
 .text.USBH_Get_USB_Status
                0x08012678       0x58 ./USB_HOST/Target/usbh_conf.o
                0x08012678                USBH_Get_USB_Status
 .text.MX_DriverVbusFS
                0x080126d0       0x38 ./USB_HOST/Target/usbh_platform.o
                0x080126d0                MX_DriverVbusFS
 .text.malloc   0x08012708       0x10 /opt/st/stm32cubeide_1.15.0/plugins/com.st.stm32cube.ide.mcu.externaltools.gnu-tools-for-stm32.12.3.rel1.linux64_1.0.100.202403111256/tools/bin/../lib/gcc/arm-none-eabi/12.3.1/../../../../arm-none-eabi/lib/thumb/v7e-m+fp/hard/libc_nano.a(libc_a-malloc.o)
                0x08012708                malloc
 .text.free     0x08012718       0x10 /opt/st/stm32cubeide_1.15.0/plugins/com.st.stm32cube.ide.mcu.externaltools.gnu-tools-for-stm32.12.3.rel1.linux64_1.0.100.202403111256/tools/bin/../lib/gcc/arm-none-eabi/12.3.1/../../../../arm-none-eabi/lib/thumb/v7e-m+fp/hard/libc_nano.a(libc_a-malloc.o)
                0x08012718                free
 .text.sbrk_aligned
                0x08012728       0x44 /opt/st/stm32cubeide_1.15.0/plugins/com.st.stm32cube.ide.mcu.externaltools.gnu-tools-for-stm32.12.3.rel1.linux64_1.0.100.202403111256/tools/bin/../lib/gcc/arm-none-eabi/12.3.1/../../../../arm-none-eabi/lib/thumb/v7e-m+fp/hard/libc_nano.a(libc_a-mallocr.o)
 .text._malloc_r
                0x0801276c      0x100 /opt/st/stm32cubeide_1.15.0/plugins/com.st.stm32cube.ide.mcu.externaltools.gnu-tools-for-stm32.12.3.rel1.linux64_1.0.100.202403111256/tools/bin/../lib/gcc/arm-none-eabi/12.3.1/../../../../arm-none-eabi/lib/thumb/v7e-m+fp/hard/libc_nano.a(libc_a-mallocr.o)
                0x0801276c                _malloc_r
 .text.__malloc_lock
                0x0801286c        0xc /opt/st/stm32cubeide_1.15.0/plugins/com.st.stm32cube.ide.mcu.externaltools.gnu-tools-for-stm32.12.3.rel1.linux64_1.0.100.202403111256/tools/bin/../lib/gcc/arm-none-eabi/12.3.1/../../../../arm-none-eabi/lib/thumb/v7e-m+fp/hard/libc_nano.a(libc_a-mlock.o)
                0x0801286c                __malloc_lock
 .text.__malloc_unlock
                0x08012878        0xc /opt/st/stm32cubeide_1.15.0/plugins/com.st.stm32cube.ide.mcu.externaltools.gnu-tools-for-stm32.12.3.rel1.linux64_1.0.100.202403111256/tools/bin/../lib/gcc/arm-none-eabi/12.3.1/../../../../arm-none-eabi/lib/thumb/v7e-m+fp/hard/libc_nano.a(libc_a-mlock.o)
                0x08012878                __malloc_unlock
 .text.__cvt    0x08012884       0xca /opt/st/stm32cubeide_1.15.0/plugins/com.st.stm32cube.ide.mcu.externaltools.gnu-tools-for-stm32.12.3.rel1.linux64_1.0.100.202403111256/tools/bin/../lib/gcc/arm-none-eabi/12.3.1/../../../../arm-none-eabi/lib/thumb/v7e-m+fp/hard/libc_nano.a(libc_a-nano-vfprintf_float.o)
                0x08012884                __cvt
 .text.__exponent
                0x0801294e       0x74 /opt/st/stm32cubeide_1.15.0/plugins/com.st.stm32cube.ide.mcu.externaltools.gnu-tools-for-stm32.12.3.rel1.linux64_1.0.100.202403111256/tools/bin/../lib/gcc/arm-none-eabi/12.3.1/../../../../arm-none-eabi/lib/thumb/v7e-m+fp/hard/libc_nano.a(libc_a-nano-vfprintf_float.o)
                0x0801294e                __exponent
 *fill*         0x080129c2        0x2 
 .text._printf_float
                0x080129c4      0x454 /opt/st/stm32cubeide_1.15.0/plugins/com.st.stm32cube.ide.mcu.externaltools.gnu-tools-for-stm32.12.3.rel1.linux64_1.0.100.202403111256/tools/bin/../lib/gcc/arm-none-eabi/12.3.1/../../../../arm-none-eabi/lib/thumb/v7e-m+fp/hard/libc_nano.a(libc_a-nano-vfprintf_float.o)
                0x080129c4                _printf_float
 .text._printf_common
                0x08012e18       0xda /opt/st/stm32cubeide_1.15.0/plugins/com.st.stm32cube.ide.mcu.externaltools.gnu-tools-for-stm32.12.3.rel1.linux64_1.0.100.202403111256/tools/bin/../lib/gcc/arm-none-eabi/12.3.1/../../../../arm-none-eabi/lib/thumb/v7e-m+fp/hard/libc_nano.a(libc_a-nano-vfprintf_i.o)
                0x08012e18                _printf_common
 *fill*         0x08012ef2        0x2 
 .text._printf_i
                0x08012ef4      0x240 /opt/st/stm32cubeide_1.15.0/plugins/com.st.stm32cube.ide.mcu.externaltools.gnu-tools-for-stm32.12.3.rel1.linux64_1.0.100.202403111256/tools/bin/../lib/gcc/arm-none-eabi/12.3.1/../../../../arm-none-eabi/lib/thumb/v7e-m+fp/hard/libc_nano.a(libc_a-nano-vfprintf_i.o)
                0x08012ef4                _printf_i
 .text.std      0x08013134       0x6c /opt/st/stm32cubeide_1.15.0/plugins/com.st.stm32cube.ide.mcu.externaltools.gnu-tools-for-stm32.12.3.rel1.linux64_1.0.100.202403111256/tools/bin/../lib/gcc/arm-none-eabi/12.3.1/../../../../arm-none-eabi/lib/thumb/v7e-m+fp/hard/libc_nano.a(libc_a-findfp.o)
 .text.stdio_exit_handler
                0x080131a0       0x18 /opt/st/stm32cubeide_1.15.0/plugins/com.st.stm32cube.ide.mcu.externaltools.gnu-tools-for-stm32.12.3.rel1.linux64_1.0.100.202403111256/tools/bin/../lib/gcc/arm-none-eabi/12.3.1/../../../../arm-none-eabi/lib/thumb/v7e-m+fp/hard/libc_nano.a(libc_a-findfp.o)
 .text.cleanup_stdio
                0x080131b8       0x40 /opt/st/stm32cubeide_1.15.0/plugins/com.st.stm32cube.ide.mcu.externaltools.gnu-tools-for-stm32.12.3.rel1.linux64_1.0.100.202403111256/tools/bin/../lib/gcc/arm-none-eabi/12.3.1/../../../../arm-none-eabi/lib/thumb/v7e-m+fp/hard/libc_nano.a(libc_a-findfp.o)
 .text.global_stdio_init.part.0
                0x080131f8       0x3c /opt/st/stm32cubeide_1.15.0/plugins/com.st.stm32cube.ide.mcu.externaltools.gnu-tools-for-stm32.12.3.rel1.linux64_1.0.100.202403111256/tools/bin/../lib/gcc/arm-none-eabi/12.3.1/../../../../arm-none-eabi/lib/thumb/v7e-m+fp/hard/libc_nano.a(libc_a-findfp.o)
 .text.__sfp_lock_acquire
                0x08013234        0xc /opt/st/stm32cubeide_1.15.0/plugins/com.st.stm32cube.ide.mcu.externaltools.gnu-tools-for-stm32.12.3.rel1.linux64_1.0.100.202403111256/tools/bin/../lib/gcc/arm-none-eabi/12.3.1/../../../../arm-none-eabi/lib/thumb/v7e-m+fp/hard/libc_nano.a(libc_a-findfp.o)
                0x08013234                __sfp_lock_acquire
 .text.__sfp_lock_release
                0x08013240        0xc /opt/st/stm32cubeide_1.15.0/plugins/com.st.stm32cube.ide.mcu.externaltools.gnu-tools-for-stm32.12.3.rel1.linux64_1.0.100.202403111256/tools/bin/../lib/gcc/arm-none-eabi/12.3.1/../../../../arm-none-eabi/lib/thumb/v7e-m+fp/hard/libc_nano.a(libc_a-findfp.o)
                0x08013240                __sfp_lock_release
 .text.__sinit  0x0801324c       0x30 /opt/st/stm32cubeide_1.15.0/plugins/com.st.stm32cube.ide.mcu.externaltools.gnu-tools-for-stm32.12.3.rel1.linux64_1.0.100.202403111256/tools/bin/../lib/gcc/arm-none-eabi/12.3.1/../../../../arm-none-eabi/lib/thumb/v7e-m+fp/hard/libc_nano.a(libc_a-findfp.o)
                0x0801324c                __sinit
 .text._fwalk_sglue
                0x0801327c       0x3c /opt/st/stm32cubeide_1.15.0/plugins/com.st.stm32cube.ide.mcu.externaltools.gnu-tools-for-stm32.12.3.rel1.linux64_1.0.100.202403111256/tools/bin/../lib/gcc/arm-none-eabi/12.3.1/../../../../arm-none-eabi/lib/thumb/v7e-m+fp/hard/libc_nano.a(libc_a-fwalk.o)
                0x0801327c                _fwalk_sglue
 .text.printf   0x080132b8       0x24 /opt/st/stm32cubeide_1.15.0/plugins/com.st.stm32cube.ide.mcu.externaltools.gnu-tools-for-stm32.12.3.rel1.linux64_1.0.100.202403111256/tools/bin/../lib/gcc/arm-none-eabi/12.3.1/../../../../arm-none-eabi/lib/thumb/v7e-m+fp/hard/libc_nano.a(libc_a-printf.o)
                0x080132b8                printf
                0x080132b8                iprintf
 .text.sprintf  0x080132dc       0x40 /opt/st/stm32cubeide_1.15.0/plugins/com.st.stm32cube.ide.mcu.externaltools.gnu-tools-for-stm32.12.3.rel1.linux64_1.0.100.202403111256/tools/bin/../lib/gcc/arm-none-eabi/12.3.1/../../../../arm-none-eabi/lib/thumb/v7e-m+fp/hard/libc_nano.a(libc_a-sprintf.o)
                0x080132dc                sprintf
                0x080132dc                siprintf
 .text.__sread  0x0801331c       0x22 /opt/st/stm32cubeide_1.15.0/plugins/com.st.stm32cube.ide.mcu.externaltools.gnu-tools-for-stm32.12.3.rel1.linux64_1.0.100.202403111256/tools/bin/../lib/gcc/arm-none-eabi/12.3.1/../../../../arm-none-eabi/lib/thumb/v7e-m+fp/hard/libc_nano.a(libc_a-stdio.o)
                0x0801331c                __sread
 .text.__swrite
                0x0801333e       0x38 /opt/st/stm32cubeide_1.15.0/plugins/com.st.stm32cube.ide.mcu.externaltools.gnu-tools-for-stm32.12.3.rel1.linux64_1.0.100.202403111256/tools/bin/../lib/gcc/arm-none-eabi/12.3.1/../../../../arm-none-eabi/lib/thumb/v7e-m+fp/hard/libc_nano.a(libc_a-stdio.o)
                0x0801333e                __swrite
 .text.__sseek  0x08013376       0x24 /opt/st/stm32cubeide_1.15.0/plugins/com.st.stm32cube.ide.mcu.externaltools.gnu-tools-for-stm32.12.3.rel1.linux64_1.0.100.202403111256/tools/bin/../lib/gcc/arm-none-eabi/12.3.1/../../../../arm-none-eabi/lib/thumb/v7e-m+fp/hard/libc_nano.a(libc_a-stdio.o)
                0x08013376                __sseek
 .text.__sclose
                0x0801339a        0x8 /opt/st/stm32cubeide_1.15.0/plugins/com.st.stm32cube.ide.mcu.externaltools.gnu-tools-for-stm32.12.3.rel1.linux64_1.0.100.202403111256/tools/bin/../lib/gcc/arm-none-eabi/12.3.1/../../../../arm-none-eabi/lib/thumb/v7e-m+fp/hard/libc_nano.a(libc_a-stdio.o)
                0x0801339a                __sclose
 .text.memset   0x080133a2       0x10 /opt/st/stm32cubeide_1.15.0/plugins/com.st.stm32cube.ide.mcu.externaltools.gnu-tools-for-stm32.12.3.rel1.linux64_1.0.100.202403111256/tools/bin/../lib/gcc/arm-none-eabi/12.3.1/../../../../arm-none-eabi/lib/thumb/v7e-m+fp/hard/libc_nano.a(libc_a-memset.o)
                0x080133a2                memset
 *fill*         0x080133b2        0x2 
 .text._localeconv_r
                0x080133b4        0x8 /opt/st/stm32cubeide_1.15.0/plugins/com.st.stm32cube.ide.mcu.externaltools.gnu-tools-for-stm32.12.3.rel1.linux64_1.0.100.202403111256/tools/bin/../lib/gcc/arm-none-eabi/12.3.1/../../../../arm-none-eabi/lib/thumb/v7e-m+fp/hard/libc_nano.a(libc_a-localeconv.o)
                0x080133b4                _localeconv_r
 .text._close_r
                0x080133bc       0x20 /opt/st/stm32cubeide_1.15.0/plugins/com.st.stm32cube.ide.mcu.externaltools.gnu-tools-for-stm32.12.3.rel1.linux64_1.0.100.202403111256/tools/bin/../lib/gcc/arm-none-eabi/12.3.1/../../../../arm-none-eabi/lib/thumb/v7e-m+fp/hard/libc_nano.a(libc_a-closer.o)
                0x080133bc                _close_r
 .text._reclaim_reent
                0x080133dc       0xac /opt/st/stm32cubeide_1.15.0/plugins/com.st.stm32cube.ide.mcu.externaltools.gnu-tools-for-stm32.12.3.rel1.linux64_1.0.100.202403111256/tools/bin/../lib/gcc/arm-none-eabi/12.3.1/../../../../arm-none-eabi/lib/thumb/v7e-m+fp/hard/libc_nano.a(libc_a-reent.o)
                0x080133dc                _reclaim_reent
 .text._lseek_r
                0x08013488       0x24 /opt/st/stm32cubeide_1.15.0/plugins/com.st.stm32cube.ide.mcu.externaltools.gnu-tools-for-stm32.12.3.rel1.linux64_1.0.100.202403111256/tools/bin/../lib/gcc/arm-none-eabi/12.3.1/../../../../arm-none-eabi/lib/thumb/v7e-m+fp/hard/libc_nano.a(libc_a-lseekr.o)
                0x08013488                _lseek_r
 .text._read_r  0x080134ac       0x24 /opt/st/stm32cubeide_1.15.0/plugins/com.st.stm32cube.ide.mcu.externaltools.gnu-tools-for-stm32.12.3.rel1.linux64_1.0.100.202403111256/tools/bin/../lib/gcc/arm-none-eabi/12.3.1/../../../../arm-none-eabi/lib/thumb/v7e-m+fp/hard/libc_nano.a(libc_a-readr.o)
                0x080134ac                _read_r
 .text._sbrk_r  0x080134d0       0x20 /opt/st/stm32cubeide_1.15.0/plugins/com.st.stm32cube.ide.mcu.externaltools.gnu-tools-for-stm32.12.3.rel1.linux64_1.0.100.202403111256/tools/bin/../lib/gcc/arm-none-eabi/12.3.1/../../../../arm-none-eabi/lib/thumb/v7e-m+fp/hard/libc_nano.a(libc_a-sbrkr.o)
                0x080134d0                _sbrk_r
 .text._write_r
                0x080134f0       0x24 /opt/st/stm32cubeide_1.15.0/plugins/com.st.stm32cube.ide.mcu.externaltools.gnu-tools-for-stm32.12.3.rel1.linux64_1.0.100.202403111256/tools/bin/../lib/gcc/arm-none-eabi/12.3.1/../../../../arm-none-eabi/lib/thumb/v7e-m+fp/hard/libc_nano.a(libc_a-writer.o)
                0x080134f0                _write_r
 .text.__errno  0x08013514        0xc /opt/st/stm32cubeide_1.15.0/plugins/com.st.stm32cube.ide.mcu.externaltools.gnu-tools-for-stm32.12.3.rel1.linux64_1.0.100.202403111256/tools/bin/../lib/gcc/arm-none-eabi/12.3.1/../../../../arm-none-eabi/lib/thumb/v7e-m+fp/hard/libc_nano.a(libc_a-errno.o)
                0x08013514                __errno
 .text.__libc_init_array
                0x08013520       0x48 /opt/st/stm32cubeide_1.15.0/plugins/com.st.stm32cube.ide.mcu.externaltools.gnu-tools-for-stm32.12.3.rel1.linux64_1.0.100.202403111256/tools/bin/../lib/gcc/arm-none-eabi/12.3.1/../../../../arm-none-eabi/lib/thumb/v7e-m+fp/hard/libc_nano.a(libc_a-init.o)
                0x08013520                __libc_init_array
 .text.__retarget_lock_init_recursive
                0x08013568        0x2 /opt/st/stm32cubeide_1.15.0/plugins/com.st.stm32cube.ide.mcu.externaltools.gnu-tools-for-stm32.12.3.rel1.linux64_1.0.100.202403111256/tools/bin/../lib/gcc/arm-none-eabi/12.3.1/../../../../arm-none-eabi/lib/thumb/v7e-m+fp/hard/libc_nano.a(libc_a-lock.o)
                0x08013568                __retarget_lock_init_recursive
 .text.__retarget_lock_acquire_recursive
                0x0801356a        0x2 /opt/st/stm32cubeide_1.15.0/plugins/com.st.stm32cube.ide.mcu.externaltools.gnu-tools-for-stm32.12.3.rel1.linux64_1.0.100.202403111256/tools/bin/../lib/gcc/arm-none-eabi/12.3.1/../../../../arm-none-eabi/lib/thumb/v7e-m+fp/hard/libc_nano.a(libc_a-lock.o)
                0x0801356a                __retarget_lock_acquire_recursive
 .text.__retarget_lock_release_recursive
                0x0801356c        0x2 /opt/st/stm32cubeide_1.15.0/plugins/com.st.stm32cube.ide.mcu.externaltools.gnu-tools-for-stm32.12.3.rel1.linux64_1.0.100.202403111256/tools/bin/../lib/gcc/arm-none-eabi/12.3.1/../../../../arm-none-eabi/lib/thumb/v7e-m+fp/hard/libc_nano.a(libc_a-lock.o)
                0x0801356c                __retarget_lock_release_recursive
 .text.strcpy   0x0801356e       0x10 /opt/st/stm32cubeide_1.15.0/plugins/com.st.stm32cube.ide.mcu.externaltools.gnu-tools-for-stm32.12.3.rel1.linux64_1.0.100.202403111256/tools/bin/../lib/gcc/arm-none-eabi/12.3.1/../../../../arm-none-eabi/lib/thumb/v7e-m+fp/hard/libc_nano.a(libc_a-strcpy.o)
                0x0801356e                strcpy
 .text.memcpy   0x0801357e       0x1c /opt/st/stm32cubeide_1.15.0/plugins/com.st.stm32cube.ide.mcu.externaltools.gnu-tools-for-stm32.12.3.rel1.linux64_1.0.100.202403111256/tools/bin/../lib/gcc/arm-none-eabi/12.3.1/../../../../arm-none-eabi/lib/thumb/v7e-m+fp/hard/libc_nano.a(libc_a-memcpy-stub.o)
                0x0801357e                memcpy
 .text.quorem   0x0801359a      0x110 /opt/st/stm32cubeide_1.15.0/plugins/com.st.stm32cube.ide.mcu.externaltools.gnu-tools-for-stm32.12.3.rel1.linux64_1.0.100.202403111256/tools/bin/../lib/gcc/arm-none-eabi/12.3.1/../../../../arm-none-eabi/lib/thumb/v7e-m+fp/hard/libc_nano.a(libc_a-dtoa.o)
 *fill*         0x080136aa        0x6 
 .text._dtoa_r  0x080136b0      0xb88 /opt/st/stm32cubeide_1.15.0/plugins/com.st.stm32cube.ide.mcu.externaltools.gnu-tools-for-stm32.12.3.rel1.linux64_1.0.100.202403111256/tools/bin/../lib/gcc/arm-none-eabi/12.3.1/../../../../arm-none-eabi/lib/thumb/v7e-m+fp/hard/libc_nano.a(libc_a-dtoa.o)
                0x080136b0                _dtoa_r