Archive member included to satisfy reference by file (symbol)

/opt/st/stm32cubeide_1.15.0/plugins/com.st.stm32cube.ide.mcu.externaltools.gnu-tools-for-stm32.12.3.rel1.linux64_1.0.100.202403111256/tools/bin/../lib/gcc/arm-none-eabi/12.3.1/../../../../arm-none-eabi/lib/thumb/v7e-m+fp/hard/libc_nano.a(libc_a-exit.o)
                              /opt/st/stm32cubeide_1.15.0/plugins/com.st.stm32cube.ide.mcu.externaltools.gnu-tools-for-stm32.12.3.rel1.linux64_1.0.100.202403111256/tools/bin/../lib/gcc/arm-none-eabi/12.3.1/../../../../arm-none-eabi/lib/thumb/v7e-m+fp/hard/crt0.o (exit)
/opt/st/stm32cubeide_1.15.0/plugins/com.st.stm32cube.ide.mcu.externaltools.gnu-tools-for-stm32.12.3.rel1.linux64_1.0.100.202403111256/tools/bin/../lib/gcc/arm-none-eabi/12.3.1/../../../../arm-none-eabi/lib/thumb/v7e-m+fp/hard/libc_nano.a(libc_a-malloc.o)
                              ./Middlewares/ST/STM32_USB_Host_Library/Class/CDC/Src/usbh_cdc.o (malloc)
/opt/st/stm32cubeide_1.15.0/plugins/com.st.stm32cube.ide.mcu.externaltools.gnu-tools-for-stm32.12.3.rel1.linux64_1.0.100.202403111256/tools/bin/../lib/gcc/arm-none-eabi/12.3.1/../../../../arm-none-eabi/lib/thumb/v7e-m+fp/hard/libc_nano.a(libc_a-mallocr.o)
                              /opt/st/stm32cubeide_1.15.0/plugins/com.st.stm32cube.ide.mcu.externaltools.gnu-tools-for-stm32.12.3.rel1.linux64_1.0.100.202403111256/tools/bin/../lib/gcc/arm-none-eabi/12.3.1/../../../../arm-none-eabi/lib/thumb/v7e-m+fp/hard/libc_nano.a(libc_a-malloc.o) (_malloc_r)
/opt/st/stm32cubeide_1.15.0/plugins/com.st.stm32cube.ide.mcu.externaltools.gnu-tools-for-stm32.12.3.rel1.linux64_1.0.100.202403111256/tools/bin/../lib/gcc/arm-none-eabi/12.3.1/../../../../arm-none-eabi/lib/thumb/v7e-m+fp/hard/libc_nano.a(libc_a-mlock.o)
                              /opt/st/stm32cubeide_1.15.0/plugins/com.st.stm32cube.ide.mcu.externaltools.gnu-tools-for-stm32.12.3.rel1.linux64_1.0.100.202403111256/tools/bin/../lib/gcc/arm-none-eabi/12.3.1/../../../../arm-none-eabi/lib/thumb/v7e-m+fp/hard/libc_nano.a(libc_a-mallocr.o) (__malloc_lock)
/opt/st/stm32cubeide_1.15.0/plugins/com.st.stm32cube.ide.mcu.externaltools.gnu-tools-for-stm32.12.3.rel1.linux64_1.0.100.202403111256/tools/bin/../lib/gcc/arm-none-eabi/12.3.1/../../../../arm-none-eabi/lib/thumb/v7e-m+fp/hard/libc_nano.a(libc_a-findfp.o)
                              ./Middlewares/Third_Party/FreeRTOS/Source/tasks.o (__sf)
/opt/st/stm32cubeide_1.15.0/plugins/com.st.stm32cube.ide.mcu.externaltools.gnu-tools-for-stm32.12.3.rel1.linux64_1.0.100.202403111256/tools/bin/../lib/gcc/arm-none-eabi/12.3.1/../../../../arm-none-eabi/lib/thumb/v7e-m+fp/hard/libc_nano.a(libc_a-fwalk.o)
                              /opt/st/stm32cubeide_1.15.0/plugins/com.st.stm32cube.ide.mcu.externaltools.gnu-tools-for-stm32.12.3.rel1.linux64_1.0.100.202403111256/tools/bin/../lib/gcc/arm-none-eabi/12.3.1/../../../../arm-none-eabi/lib/thumb/v7e-m+fp/hard/libc_nano.a(libc_a-findfp.o) (_fwalk_sglue)
/opt/st/stm32cubeide_1.15.0/plugins/com.st.stm32cube.ide.mcu.externaltools.gnu-tools-for-stm32.12.3.rel1.linux64_1.0.100.202403111256/tools/bin/../lib/gcc/arm-none-eabi/12.3.1/../../../../arm-none-eabi/lib/thumb/v7e-m+fp/hard/libc_nano.a(libc_a-printf.o)
                              ./Core/Src/main.o (printf)
/opt/st/stm32cubeide_1.15.0/plugins/com.st.stm32cube.ide.mcu.externaltools.gnu-tools-for-stm32.12.3.rel1.linux64_1.0.100.202403111256/tools/bin/../lib/gcc/arm-none-eabi/12.3.1/../../../../arm-none-eabi/lib/thumb/v7e-m+fp/hard/libc_nano.a(libc_a-putchar.o)
                              ./Core/Src/main.o (putchar)
/opt/st/stm32cubeide_1.15.0/plugins/com.st.stm32cube.ide.mcu.externaltools.gnu-tools-for-stm32.12.3.rel1.linux64_1.0.100.202403111256/tools/bin/../lib/gcc/arm-none-eabi/12.3.1/../../../../arm-none-eabi/lib/thumb/v7e-m+fp/hard/libc_nano.a(libc_a-sprintf.o)
                              ./Middlewares/Third_Party/FreeRTOS/Source/tasks.o (sprintf)
/opt/st/stm32cubeide_1.15.0/plugins/com.st.stm32cube.ide.mcu.externaltools.gnu-tools-for-stm32.12.3.rel1.linux64_1.0.100.202403111256/tools/bin/../lib/gcc/arm-none-eabi/12.3.1/../../../../arm-none-eabi/lib/thumb/v7e-m+fp/hard/libc_nano.a(libc_a-stdio.o)
                              /opt/st/stm32cubeide_1.15.0/plugins/com.st.stm32cube.ide.mcu.externaltools.gnu-tools-for-stm32.12.3.rel1.linux64_1.0.100.202403111256/tools/bin/../lib/gcc/arm-none-eabi/12.3.1/../../../../arm-none-eabi/lib/thumb/v7e-m+fp/hard/libc_nano.a(libc_a-findfp.o) (__sread)
/opt/st/stm32cubeide_1.15.0/plugins/com.st.stm32cube.ide.mcu.externaltools.gnu-tools-for-stm32.12.3.rel1.linux64_1.0.100.202403111256/tools/bin/../lib/gcc/arm-none-eabi/12.3.1/../../../../arm-none-eabi/lib/thumb/v7e-m+fp/hard/libc_nano.a(libc_a-memset.o)
                              /opt/st/stm32cubeide_1.15.0/plugins/com.st.stm32cube.ide.mcu.externaltools.gnu-tools-for-stm32.12.3.rel1.linux64_1.0.100.202403111256/tools/bin/../lib/gcc/arm-none-eabi/12.3.1/../../../../arm-none-eabi/lib/thumb/v7e-m+fp/hard/crt0.o (memset)
[...]
Memory Configuration

Name             Origin             Length             Attributes
CCMRAM           0x10000000         0x00010000         xrw
RAM              0x20000000         0x00020000         xrw
FLASH            0x08000000         0x00100000         xr
*default*        0x00000000         0xffffffff

Linker script and memory map

LOAD /opt/st/stm32cubeide_1.15.0/plugins/com.st.stm32cube.ide.mcu.externaltools.gnu-tools-for-stm32.12.3.rel1.linux64_1.0.100.202403111256/tools/bin/../lib/gcc/arm-none-eabi/12.3.1/thumb/v7e-m+fp/hard/crti.o
LOAD /opt/st/stm32cubeide_1.15.0/plugins/com.st.stm32cube.ide.mcu.externaltools.gnu-tools-for-stm32.12.3.rel1.linux64_1.0.100.202403111256/tools/bin/../lib/gcc/arm-none-eabi/12.3.1/thumb/v7e-m+fp/hard/crtbegin.o
LOAD /opt/st/stm32cubeide_1.15.0/plugins/com.st.stm32cube.ide.mcu.externaltools.gnu-tools-for-stm32.12.3.rel1.linux64_1.0.100.202403111256/tools/bin/../lib/gcc/arm-none-eabi/12.3.1/../../../../arm-none-eabi/lib/thumb/v7e-m+fp/hard/crt0.o
LOAD ./Core/Src/LIS3DSH.o
LOAD ./Core/Src/freertos.o
LOAD ./Core/Src/main.o
LOAD ./Core/Src/stm32f4xx_hal_msp.o
LOAD ./Core/Src/stm32f4xx_hal_timebase_tim.o
LOAD ./Core/Src/stm32f4xx_it.o
LOAD ./Core/Src/syscalls.o
LOAD ./Core/Src/sysmem.o
LOAD ./Core/Src/system_stm32f4xx.o
LOAD ./Core/Startup/startup_stm32f407vgtx.o
LOAD ./Drivers/STM32F4xx_HAL_Driver/Src/stm32f4xx_hal.o
LOAD ./Drivers/STM32F4xx_HAL_Driver/Src/stm32f4xx_hal_cortex.o
LOAD ./Drivers/STM32F4xx_HAL_Driver/Src/stm32f4xx_hal_dma.o
LOAD ./Drivers/STM32F4xx_HAL_Driver/Src/stm32f4xx_hal_dma_ex.o
LOAD ./Drivers/STM32F4xx_HAL_Driver/Src/stm32f4xx_hal_exti.o
LOAD ./Drivers/STM32F4xx_HAL_Driver/Src/stm32f4xx_hal_flash.o
LOAD ./Drivers/STM32F4xx_HAL_Driver/Src/stm32f4xx_hal_flash_ex.o
LOAD ./Drivers/STM32F4xx_HAL_Driver/Src/stm32f4xx_hal_flash_ramfunc.o
LOAD ./Drivers/STM32F4xx_HAL_Driver/Src/stm32f4xx_hal_gpio.o
LOAD ./Drivers/STM32F4xx_HAL_Driver/Src/stm32f4xx_hal_hcd.o
LOAD ./Drivers/STM32F4xx_HAL_Driver/Src/stm32f4xx_hal_i2c.o
LOAD ./Drivers/STM32F4xx_HAL_Driver/Src/stm32f4xx_hal_i2c_ex.o
LOAD ./Drivers/STM32F4xx_HAL_Driver/Src/stm32f4xx_hal_i2s.o
LOAD ./Drivers/STM32F4xx_HAL_Driver/Src/stm32f4xx_hal_i2s_ex.o
LOAD ./Drivers/STM32F4xx_HAL_Driver/Src/stm32f4xx_hal_pwr.o
LOAD ./Drivers/STM32F4xx_HAL_Driver/Src/stm32f4xx_hal_pwr_ex.o
LOAD ./Drivers/STM32F4xx_HAL_Driver/Src/stm32f4xx_hal_rcc.o
LOAD ./Drivers/STM32F4xx_HAL_Driver/Src/stm32f4xx_hal_rcc_ex.o
LOAD ./Drivers/STM32F4xx_HAL_Driver/Src/stm32f4xx_hal_rtc.o
LOAD ./Drivers/STM32F4xx_HAL_Driver/Src/stm32f4xx_hal_rtc_ex.o
LOAD ./Drivers/STM32F4xx_HAL_Driver/Src/stm32f4xx_hal_spi.o
LOAD ./Drivers/STM32F4xx_HAL_Driver/Src/stm32f4xx_hal_tim.o
LOAD ./Drivers/STM32F4xx_HAL_Driver/Src/stm32f4xx_hal_tim_ex.o
LOAD ./Drivers/STM32F4xx_HAL_Driver/Src/stm32f4xx_hal_uart.o
LOAD ./Drivers/STM32F4xx_HAL_Driver/Src/stm32f4xx_ll_usb.o
LOAD ./Middlewares/ST/STM32_USB_Host_Library/Class/CDC/Src/usbh_cdc.o
LOAD ./Middlewares/ST/STM32_USB_Host_Library/Core/Src/usbh_core.o
LOAD ./Middlewares/ST/STM32_USB_Host_Library/Core/Src/usbh_ctlreq.o
LOAD ./Middlewares/ST/STM32_USB_Host_Library/Core/Src/usbh_ioreq.o
LOAD ./Middlewares/ST/STM32_USB_Host_Library/Core/Src/usbh_pipes.o
LOAD ./Middlewares/Third_Party/FreeRTOS/Source/CMSIS_RTOS_V2/cmsis_os2.o
LOAD ./Middlewares/Third_Party/FreeRTOS/Source/croutine.o
LOAD ./Middlewares/Third_Party/FreeRTOS/Source/event_groups.o
LOAD ./Middlewares/Third_Party/FreeRTOS/Source/list.o
LOAD ./Middlewares/Third_Party/FreeRTOS/Source/queue.o
LOAD ./Middlewares/Third_Party/FreeRTOS/Source/stream_buffer.o
LOAD ./Middlewares/Third_Party/FreeRTOS/Source/tasks.o
LOAD ./Middlewares/Third_Party/FreeRTOS/Source/timers.o
LOAD ./Middlewares/Third_Party/FreeRTOS/Source/portable/GCC/ARM_CM4F/port.o
LOAD ./Middlewares/Third_Party/FreeRTOS/Source/portable/MemMang/heap_4.o
LOAD ./USB_HOST/App/usb_host.o
LOAD ./USB_HOST/Target/usbh_conf.o
LOAD ./USB_HOST/Target/usbh_platform.o
START GROUP
LOAD /opt/st/stm32cubeide_1.15.0/plugins/com.st.stm32cube.ide.mcu.externaltools.gnu-tools-for-stm32.12.3.rel1.linux64_1.0.100.202403111256/tools/bin/../lib/gcc/arm-none-eabi/12.3.1/../../../../arm-none-eabi/lib/thumb/v7e-m+fp/hard/libc_nano.a
LOAD /opt/st/stm32cubeide_1.15.0/plugins/com.st.stm32cube.ide.mcu.externaltools.gnu-tools-for-stm32.12.3.rel1.linux64_1.0.100.202403111256/tools/bin/../lib/gcc/arm-none-eabi/12.3.1/../../../../arm-none-eabi/lib/thumb/v7e-m+fp/hard/libm.a
END GROUP
START GROUP
LOAD /opt/st/stm32cubeide_1.15.0/plugins/com.st.stm32cube.ide.mcu.externaltools.gnu-tools-for-stm32.12.3.rel1.linux64_1.0.100.202403111256/tools/bin/../lib/gcc/arm-none-eabi/12.3.1/thumb/v7e-m+fp/hard/libgcc.a
LOAD /opt/st/stm32cubeide_1.15.0/plugins/com.st.stm32cube.ide.mcu.externaltools.gnu-tools-for-stm32.12.3.rel1.linux64_1.0.100.202403111256/tools/bin/../lib/gcc/arm-none-eabi/12.3.1/../../../../arm-none-eabi/lib/thumb/v7e-m+fp/hard/libc_nano.a
END GROUP
START GROUP
LOAD /opt/st/stm32cubeide_1.15.0/plugins/com.st.stm32cube.ide.mcu.externaltools.gnu-tools-for-stm32.12.3.rel1.linux64_1.0.100.202403111256/tools/bin/../lib/gcc/arm-none-eabi/12.3.1/thumb/v7e-m+fp/hard/libgcc.a
LOAD /opt/st/stm32cubeide_1.15.0/plugins/com.st.stm32cube.ide.mcu.externaltools.gnu-tools-for-stm32.12.3.rel1.linux64_1.0.100.202403111256/tools/bin/../lib/gcc/arm-none-eabi/12.3.1/../../../../arm-none-eabi/lib/thumb/v7e-m+fp/hard/libc_nano.a
LOAD /opt/st/stm32cubeide_1.15.0/plugins/com.st.stm32cube.ide.mcu.externaltools.gnu-tools-for-stm32.12.3.rel1.linux64_1.0.100.202403111256/tools/bin/../lib/gcc/arm-none-eabi/12.3.1/../../../../arm-none-eabi/lib/thumb/v7e-m+fp/hard/libnosys.a
END GROUP
START GROUP
LOAD /opt/st/stm32cubeide_1.15.0/plugins/com.st.stm32cube.ide.mcu.externaltools.gnu-tools-for-stm32.12.3.rel1.linux64_1.0.100.202403111256/tools/bin/../lib/gcc/arm-none-eabi/12.3.1/thumb/v7e-m+fp/hard/libgcc.a
LOAD /opt/st/stm32cubeide_1.15.0/plugins/com.st.stm32cube.ide.mcu.externaltools.gnu-tools-for-stm32.12.3.rel1.linux64_1.0.100.202403111256/tools/bin/../lib/gcc/arm-none-eabi/12.3.1/../../../../arm-none-eabi/lib/thumb/v7e-m+fp/hard/libc_nano.a
LOAD /opt/st/stm32cubeide_1.15.0/plugins/com.st.stm32cube.ide.mcu.externaltools.gnu-tools-for-stm32.12.3.rel1.linux64_1.0.100.202403111256/tools/bin/../lib/gcc/arm-none-eabi/12.3.1/../../../../arm-none-eabi/lib/thumb/v7e-m+fp/hard/libnosys.a
END GROUP
LOAD /opt/st/stm32cubeide_1.15.0/plugins/com.st.stm32cube.ide.mcu.externaltools.gnu-tools-for-stm32.12.3.rel1.linux64_1.0.100.202403111256/tools/bin/../lib/gcc/arm-none-eabi/12.3.1/thumb/v7e-m+fp/hard/crtend.o
LOAD /opt/st/stm32cubeide_1.15.0/plugins/com.st.stm32cube.ide.mcu.externaltools.gnu-tools-for-stm32.12.3.rel1.linux64_1.0.100.202403111256/tools/bin/../lib/gcc/arm-none-eabi/12.3.1/thumb/v7e-m+fp/hard/crtn.o
                0x20020000                        _estack = (ORIGIN (RAM) + LENGTH (RAM))
                0x00000200                        _Min_Heap_Size = 0x200
                0x00000400                        _Min_Stack_Size = 0x400

.isr_vector     0x08000000      0x188
                0x08000000                        . = ALIGN (0x4)
 *(.isr_vector)
 .isr_vector    0x08000000      0x188 ./Core/Startup/startup_stm32f407vgtx.o
                0x08000000                g_pfnVectors
                0x08000188                        . = ALIGN (0x4)

.text           0x08000190    0x13250
                0x08000190                        . = ALIGN (0x4)
 *(.text)
 .text          0x08000190       0x40 /opt/st/stm32cubeide_1.15.0/plugins/com.st.stm32cube.ide.mcu.externaltools.gnu-tools-for-stm32.12.3.rel1.linux64_1.0.100.202403111256/tools/bin/../lib/gcc/arm-none-eabi/12.3.1/thumb/v7e-m+fp/hard/crtbegin.o
 .text          0x080001d0       0x10 /opt/st/stm32cubeide_1.15.0/plugins/com.st.stm32cube.ide.mcu.externaltools.gnu-tools-for-stm32.12.3.rel1.linux64_1.0.100.202403111256/tools/bin/../lib/gcc/arm-none-eabi/12.3.1/../../../../arm-none-eabi/lib/thumb/v7e-m+fp/hard/libc_nano.a(libc_a-strlen.o)
                0x080001d0                strlen
 .text          0x080001e0       0xa0 /opt/st/stm32cubeide_1.15.0/plugins/com.st.stm32cube.ide.mcu.externaltools.gnu-tools-for-stm32.12.3.rel1.linux64_1.0.100.202403111256/tools/bin/../lib/gcc/arm-none-eabi/12.3.1/../../../../arm-none-eabi/lib/thumb/v7e-m+fp/hard/libc_nano.a(libc_a-memchr.o)
                0x080001e0                memchr
 .text          0x08000280      0x378 /opt/st/stm32cubeide_1.15.0/plugins/com.st.stm32cube.ide.mcu.externaltools.gnu-tools-for-stm32.12.3.rel1.linux64_1.0.100.202403111256/tools/bin/../lib/gcc/arm-none-eabi/12.3.1/thumb/v7e-m+fp/hard/libgcc.a(_arm_addsubdf3.o)
                0x08000280                __aeabi_drsub
                0x08000288                __aeabi_dsub
                0x08000288                __subdf3
                0x0800028c                __adddf3
                0x0800028c                __aeabi_dadd
                0x08000504                __aeabi_ui2d
                0x08000504                __floatunsidf
                0x08000524                __floatsidf
                0x08000524                __aeabi_i2d
                0x08000548                __extendsfdf2
                0x08000548                __aeabi_f2d
                0x0800058c                __aeabi_ul2d
                0x0800058c                __floatundidf
                0x0800059c                __floatdidf
                0x0800059c                __aeabi_l2d
 .text          0x080005f8      0x424 /opt/st/stm32cubeide_1.15.0/plugins/com.st.stm32cube.ide.mcu.externaltools.gnu-tools-for-stm32.12.3.rel1.linux64_1.0.100.202403111256/tools/bin/../lib/gcc/arm-none-eabi/12.3.1/thumb/v7e-m+fp/hard/libgcc.a(_arm_muldivdf3.o)
                0x080005f8                __aeabi_dmul
                0x080005f8                __muldf3
                0x0800084c                __aeabi_ddiv
                0x0800084c                __divdf3
 .text          0x08000a1c      0x110 /opt/st/stm32cubeide_1.15.0/plugins/com.st.stm32cube.ide.mcu.externaltools.gnu-tools-for-stm32.12.3.rel1.linux64_1.0.100.202403111256/tools/bin/../lib/gcc/arm-none-eabi/12.3.1/thumb/v7e-m+fp/hard/libgcc.a(_arm_cmpdf2.o)
                0x08000a1c                __gtdf2
                0x08000a1c                __gedf2
                0x08000a24                __ltdf2
                0x08000a24                __ledf2
                0x08000a2c                __cmpdf2
                0x08000a2c                __eqdf2
                0x08000a2c                __nedf2
                0x08000aa8                __aeabi_cdrcmple
                0x08000ab8                __aeabi_cdcmple
                0x08000ab8                __aeabi_cdcmpeq
                0x08000ac8                __aeabi_dcmpeq
                0x08000adc                __aeabi_dcmplt
                0x08000af0                __aeabi_dcmple
                0x08000b04                __aeabi_dcmpge
                0x08000b18                __aeabi_dcmpgt
 .text          0x08000b2c       0x2c /opt/st/stm32cubeide_1.15.0/plugins/com.st.stm32cube.ide.mcu.externaltools.gnu-tools-for-stm32.12.3.rel1.linux64_1.0.100.202403111256/tools/bin/../lib/gcc/arm-none-eabi/12.3.1/thumb/v7e-m+fp/hard/libgcc.a(_arm_unorddf2.o)
                0x08000b2c                __aeabi_dcmpun
                0x08000b2c                __unorddf2
 .text          0x08000b58       0xa0 /opt/st/stm32cubeide_1.15.0/plugins/com.st.stm32cube.ide.mcu.externaltools.gnu-tools-for-stm32.12.3.rel1.linux64_1.0.100.202403111256/tools/bin/../lib/gcc/arm-none-eabi/12.3.1/thumb/v7e-m+fp/hard/libgcc.a(_arm_truncdfsf2.o)
                0x08000b58                __aeabi_d2f
                0x08000b58                __truncdfsf2
 .text          0x08000bf8       0x30 /opt/st/stm32cubeide_1.15.0/plugins/com.st.stm32cube.ide.mcu.externaltools.gnu-tools-for-stm32.12.3.rel1.linux64_1.0.100.202403111256/tools/bin/../lib/gcc/arm-none-eabi/12.3.1/thumb/v7e-m+fp/hard/libgcc.a(_aeabi_uldivmod.o)
                0x08000bf8                __aeabi_uldivmod
 .text          0x08000c28      0x2bc /opt/st/stm32cubeide_1.15.0/plugins/com.st.stm32cube.ide.mcu.externaltools.gnu-tools-for-stm32.12.3.rel1.linux64_1.0.100.202403111256/tools/bin/../lib/gcc/arm-none-eabi/12.3.1/thumb/v7e-m+fp/hard/libgcc.a(_udivmoddi4.o)
                0x08000c28                __udivmoddi4
 .text          0x08000ee4        0x4 /opt/st/stm32cubeide_1.15.0/plugins/com.st.stm32cube.ide.mcu.externaltools.gnu-tools-for-stm32.12.3.rel1.linux64_1.0.100.202403111256/tools/bin/../lib/gcc/arm-none-eabi/12.3.1/thumb/v7e-m+fp/hard/libgcc.a(_dvmd_tls.o)
                0x08000ee4                __aeabi_ldiv0
                0x08000ee4                __aeabi_idiv0
 *(.text*)
 .text.LIS3DSH_WriteIO
                0x08000ee8       0x54 ./Core/Src/LIS3DSH.o
                0x08000ee8                LIS3DSH_WriteIO
 .text.LIS3DSH_ReadIO
                0x08000f3c       0x88 ./Core/Src/LIS3DSH.o
                0x08000f3c                LIS3DSH_ReadIO
 .text.LIS3DSH_Init
                0x08000fc4      0x1a0 ./Core/Src/LIS3DSH.o
                0x08000fc4                LIS3DSH_Init
 .text.LIS3DSH_GetDataRaw
                0x08001164       0x7a ./Core/Src/LIS3DSH.o
                0x08001164                LIS3DSH_GetDataRaw
 *fill*         0x080011de        0x2 
 .text.LIS3DSH_GetDataScaled
                0x080011e0      0x104 ./Core/Src/LIS3DSH.o
                0x080011e0                LIS3DSH_GetDataScaled
 .text.vApplicationIdleHook
                0x080012e4        0xe ./Core/Src/freertos.o
                0x080012e4                vApplicationIdleHook
 .text.ITM_SendChar
                0x080012f2       0x4e ./Core/Src/main.o
 .text.main     0x08001340      0x190 ./Core/Src/main.o
                0x08001340                main
 .text.SystemClock_Config
                0x080014d0       0xd8 ./Core/Src/main.o
                0x080014d0                SystemClock_Config
 .text.MX_I2C1_Init
                0x080015a8       0x5c ./Core/Src/main.o
 .text.MX_I2S3_Init
                0x08001604       0x60 ./Core/Src/main.o
 .text.MX_RTC_Init
                0x08001664       0x4c ./Core/Src/main.o
 .text.MX_SPI1_Init
                0x080016b0       0x6c ./Core/Src/main.o
 .text.MX_TIM2_Init
                0x0800171c       0x9c ./Core/Src/main.o
 .text.MX_TIM3_Init
                0x080017b8       0x98 ./Core/Src/main.o
 .text.MX_TIM4_Init
                0x08001850       0x9c ./Core/Src/main.o
 .text.MX_USART2_UART_Init
                0x080018ec       0x54 ./Core/Src/main.o
 .text.MX_DMA_Init
                0x08001940       0x40 ./Core/Src/main.o
 .text.MX_GPIO_Init
                0x08001980      0x208 ./Core/Src/main.o
 .text.HAL_GPIO_EXTI_Callback
                0x08001b88       0x38 ./Core/Src/main.o
                0x08001b88                HAL_GPIO_EXTI_Callback
 .text.__io_putchar
                0x08001bc0       0x1a ./Core/Src/main.o
                0x08001bc0                __io_putchar
 *fill*         0x08001bda        0x2 
 .text.HAL_UARTEx_RxEventCallback
                0x08001bdc       0x88 ./Core/Src/main.o
                0x08001bdc                HAL_UARTEx_RxEventCallback
 *fill*         0x08001c64        0x4 
 .text.calculate_pitch_roll
                0x08001c68      0x164 ./Core/Src/main.o
                0x08001c68                calculate_pitch_roll
 .text.split_command
                0x08001dcc       0xbc ./Core/Src/main.o
                0x08001dcc                split_command
 .text.MY_User_Message
                0x08001e88       0x50 ./Core/Src/main.o
                0x08001e88                MY_User_Message
 .text.MY_RTC_Time
                0x08001ed8       0x50 ./Core/Src/main.o
                0x08001ed8                MY_RTC_Time
 .text.MY_Get_Acc_Data
                0x08001f28       0x80 ./Core/Src/main.o
                0x08001f28                MY_Get_Acc_Data
 .text.my_Int_Task
                0x08001fa8       0x10 ./Core/Src/main.o
                0x08001fa8                my_Int_Task
 .text.MY_freeRTOS_Task_Manager
                0x08001fb8       0x38 ./Core/Src/main.o
                0x08001fb8                MY_freeRTOS_Task_Manager
 .text.MY_Process_AccData
                0x08001ff0      0x1f8 ./Core/Src/main.o
                0x08001ff0                MY_Process_AccData
 .text.MY_Process_CMD
                0x080021e8       0x98 ./Core/Src/main.o
                0x080021e8                MY_Process_CMD
 .text.HAL_TIM_PeriodElapsedCallback
                0x08002280       0x68 ./Core/Src/main.o
                0x08002280                HAL_TIM_PeriodElapsedCallback
 .text.Error_Handler
                0x080022e8        0xc ./Core/Src/main.o
                0x080022e8                Error_Handler
 .text.HAL_MspInit
                0x080022f4       0x58 ./Core/Src/stm32f4xx_hal_msp.o
                0x080022f4                HAL_MspInit
 .text.HAL_I2C_MspInit
                0x0800234c       0x90 ./Core/Src/stm32f4xx_hal_msp.o
                0x0800234c                HAL_I2C_MspInit
 .text.HAL_I2S_MspInit
                0x080023dc      0x100 ./Core/Src/stm32f4xx_hal_msp.o
                0x080023dc                HAL_I2S_MspInit
 .text.HAL_RTC_MspInit
                0x080024dc       0x54 ./Core/Src/stm32f4xx_hal_msp.o
                0x080024dc                HAL_RTC_MspInit
 .text.HAL_SPI_MspInit
                0x08002530       0x90 ./Core/Src/stm32f4xx_hal_msp.o
                0x08002530                HAL_SPI_MspInit
 .text.HAL_TIM_Base_MspInit
                0x080025c0       0xb4 ./Core/Src/stm32f4xx_hal_msp.o
                0x080025c0                HAL_TIM_Base_MspInit
 .text.HAL_UART_MspInit
                0x08002674      0x104 ./Core/Src/stm32f4xx_hal_msp.o
                0x08002674                HAL_UART_MspInit
 .text.HAL_InitTick
                0x08002778       0xf8 ./Core/Src/stm32f4xx_hal_timebase_tim.o
                0x08002778                HAL_InitTick
 .text.NMI_Handler
                0x08002870        0x8 ./Core/Src/stm32f4xx_it.o
                0x08002870                NMI_Handler
 .text.HardFault_Handler
                0x08002878        0x8 ./Core/Src/stm32f4xx_it.o
                0x08002878                HardFault_Handler
 .text.MemManage_Handler
                0x08002880        0x8 ./Core/Src/stm32f4xx_it.o
                0x08002880                MemManage_Handler
 .text.BusFault_Handler
                0x08002888        0x8 ./Core/Src/stm32f4xx_it.o
                0x08002888                BusFault_Handler
 .text.UsageFault_Handler
                0x08002890        0x8 ./Core/Src/stm32f4xx_it.o
                0x08002890                UsageFault_Handler
 .text.DebugMon_Handler
                0x08002898        0xe ./Core/Src/stm32f4xx_it.o
                0x08002898                DebugMon_Handler
 .text.EXTI0_IRQHandler
                0x080028a6        0xe ./Core/Src/stm32f4xx_it.o
                0x080028a6                EXTI0_IRQHandler
 .text.DMA1_Stream5_IRQHandler
                0x080028b4       0x14 ./Core/Src/stm32f4xx_it.o
                0x080028b4                DMA1_Stream5_IRQHandler
 .text.TIM2_IRQHandler
                0x080028c8       0x14 ./Core/Src/stm32f4xx_it.o
                0x080028c8                TIM2_IRQHandler
 .text.TIM3_IRQHandler
                0x080028dc       0x14 ./Core/Src/stm32f4xx_it.o
                0x080028dc                TIM3_IRQHandler
 .text.USART2_IRQHandler
                0x080028f0       0x14 ./Core/Src/stm32f4xx_it.o
                0x080028f0                USART2_IRQHandler
 .text.TIM6_DAC_IRQHandler
                0x08002904       0x14 ./Core/Src/stm32f4xx_it.o
                0x08002904                TIM6_DAC_IRQHandler
 .text.OTG_FS_IRQHandler
                0x08002918       0x14 ./Core/Src/stm32f4xx_it.o
                0x08002918                OTG_FS_IRQHandler
 .text._read    0x0800292c       0x3a ./Core/Src/syscalls.o
                0x0800292c                _read
 .text._write   0x08002966       0x38 ./Core/Src/syscalls.o
                0x08002966                _write
 .text._close   0x0800299e       0x18 ./Core/Src/syscalls.o
                0x0800299e                _close
 .text._fstat   0x080029b6       0x20 ./Core/Src/syscalls.o
                0x080029b6                _fstat
 .text._isatty  0x080029d6       0x16 ./Core/Src/syscalls.o
                0x080029d6                _isatty
 .text._lseek   0x080029ec       0x1a ./Core/Src/syscalls.o
                0x080029ec                _lseek
 *fill*         0x08002a06        0x2 
 .text._sbrk    0x08002a08       0x6c ./Core/Src/sysmem.o
                0x08002a08                _sbrk
 .text.SystemInit
                0x08002a74       0x24 ./Core/Src/system_stm32f4xx.o
                0x08002a74                SystemInit
 .text.Reset_Handler
                0x08002a98       0x50 ./Core/Startup/startup_stm32f407vgtx.o
                0x08002a98                Reset_Handler
 .text.Default_Handler
                0x08002ae8        0x2 ./Core/Startup/startup_stm32f407vgtx.o
                0x08002ae8                RTC_Alarm_IRQHandler
                0x08002ae8                HASH_RNG_IRQHandler
                0x08002ae8                EXTI2_IRQHandler
                0x08002ae8                TIM8_CC_IRQHandler
                0x08002ae8                TIM1_CC_IRQHandler
                0x08002ae8                DMA2_Stream5_IRQHandler
                0x08002ae8                PVD_IRQHandler
                0x08002ae8                SDIO_IRQHandler
                0x08002ae8                TAMP_STAMP_IRQHandler
                0x08002ae8                CAN2_RX1_IRQHandler
                0x08002ae8                EXTI3_IRQHandler
                0x08002ae8                TIM8_TRG_COM_TIM14_IRQHandler
                0x08002ae8                TIM1_UP_TIM10_IRQHandler
                0x08002ae8                TIM8_UP_TIM13_IRQHandler
                0x08002ae8                I2C3_ER_IRQHandler
                0x08002ae8                I2C2_EV_IRQHandler
                0x08002ae8                DMA1_Stream2_IRQHandler
                0x08002ae8                CAN1_RX0_IRQHandler
                0x08002ae8                FPU_IRQHandler
                0x08002ae8                OTG_HS_WKUP_IRQHandler
                0x08002ae8                CAN2_SCE_IRQHandler
                0x08002ae8                DMA2_Stream2_IRQHandler
                0x08002ae8                SPI1_IRQHandler
                0x08002ae8                TIM1_BRK_TIM9_IRQHandler
                0x08002ae8                DCMI_IRQHandler
                0x08002ae8                CAN2_RX0_IRQHandler
                0x08002ae8                DMA2_Stream3_IRQHandler
                0x08002ae8                USART6_IRQHandler
                0x08002ae8                USART3_IRQHandler
                0x08002ae8                CAN1_RX1_IRQHandler
                0x08002ae8                UART5_IRQHandler
                0x08002ae8                DMA2_Stream0_IRQHandler
                0x08002ae8                TIM4_IRQHandler
                0x08002ae8                I2C1_EV_IRQHandler
                0x08002ae8                DMA1_Stream6_IRQHandler
                0x08002ae8                DMA1_Stream1_IRQHandler
                0x08002ae8                UART4_IRQHandler
                0x08002ae8                RCC_IRQHandler
                0x08002ae8                TIM8_BRK_TIM12_IRQHandler
                0x08002ae8                Default_Handler
                0x08002ae8                EXTI15_10_IRQHandler
                0x08002ae8                ADC_IRQHandler
                0x08002ae8                DMA1_Stream7_IRQHandler
                0x08002ae8                TIM7_IRQHandler
                0x08002ae8                CAN2_TX_IRQHandler
                0x08002ae8                TIM5_IRQHandler
                0x08002ae8                DMA2_Stream7_IRQHandler
                0x08002ae8                I2C3_EV_IRQHandler
                0x08002ae8                EXTI9_5_IRQHandler
                0x08002ae8                RTC_WKUP_IRQHandler
                0x08002ae8                ETH_WKUP_IRQHandler
                0x08002ae8                SPI2_IRQHandler
                0x08002ae8                OTG_HS_EP1_IN_IRQHandler
                0x08002ae8                DMA1_Stream0_IRQHandler
                0x08002ae8                CAN1_TX_IRQHandler
                0x08002ae8                EXTI4_IRQHandler
                0x08002ae8                FSMC_IRQHandler
                0x08002ae8                ETH_IRQHandler
                0x08002ae8                OTG_HS_EP1_OUT_IRQHandler
                0x08002ae8                WWDG_IRQHandler
                0x08002ae8                OTG_FS_WKUP_IRQHandler
                0x08002ae8                TIM1_TRG_COM_TIM11_IRQHandler
                0x08002ae8                OTG_HS_IRQHandler
                0x08002ae8                EXTI1_IRQHandler
                0x08002ae8                I2C2_ER_IRQHandler
                0x08002ae8                DMA2_Stream1_IRQHandler
                0x08002ae8                CAN1_SCE_IRQHandler
                0x08002ae8                FLASH_IRQHandler
                0x08002ae8                DMA2_Stream4_IRQHandler
                0x08002ae8                USART1_IRQHandler
                0x08002ae8                SPI3_IRQHandler
                0x08002ae8                DMA1_Stream4_IRQHandler
                0x08002ae8                I2C1_ER_IRQHandler
                0x08002ae8                DMA2_Stream6_IRQHandler
                0x08002ae8                DMA1_Stream3_IRQHandler
 *fill*         0x08002aea        0x2 
 .text.HAL_Init
                0x08002aec       0x44 ./Drivers/STM32F4xx_HAL_Driver/Src/stm32f4xx_hal.o
                0x08002aec                HAL_Init
 .text.HAL_IncTick
                0x08002b30       0x28 ./Drivers/STM32F4xx_HAL_Driver/Src/stm32f4xx_hal.o
                0x08002b30                HAL_IncTick
 .text.HAL_GetTick
                0x08002b58       0x18 ./Drivers/STM32F4xx_HAL_Driver/Src/stm32f4xx_hal.o
                0x08002b58                HAL_GetTick
 .text.HAL_Delay
                0x08002b70       0x48 ./Drivers/STM32F4xx_HAL_Driver/Src/stm32f4xx_hal.o
                0x08002b70                HAL_Delay
 .text.__NVIC_SetPriorityGrouping
                0x08002bb8       0x48 ./Drivers/STM32F4xx_HAL_Driver/Src/stm32f4xx_hal_cortex.o
 .text.__NVIC_GetPriorityGrouping
                0x08002c00       0x1c ./Drivers/STM32F4xx_HAL_Driver/Src/stm32f4xx_hal_cortex.o
 .text.__NVIC_EnableIRQ
                0x08002c1c       0x3c ./Drivers/STM32F4xx_HAL_Driver/Src/stm32f4xx_hal_cortex.o
 .text.__NVIC_SetPriority
                0x08002c58       0x54 ./Drivers/STM32F4xx_HAL_Driver/Src/stm32f4xx_hal_cortex.o
 .text.NVIC_EncodePriority
                0x08002cac       0x66 ./Drivers/STM32F4xx_HAL_Driver/Src/stm32f4xx_hal_cortex.o
 .text.HAL_NVIC_SetPriorityGrouping
                0x08002d12       0x16 ./Drivers/STM32F4xx_HAL_Driver/Src/stm32f4xx_hal_cortex.o
                0x08002d12                HAL_NVIC_SetPriorityGrouping
 .text.HAL_NVIC_SetPriority
                0x08002d28       0x38 ./Drivers/STM32F4xx_HAL_Driver/Src/stm32f4xx_hal_cortex.o
                0x08002d28                HAL_NVIC_SetPriority
 .text.HAL_NVIC_EnableIRQ
                0x08002d60       0x1c ./Drivers/STM32F4xx_HAL_Driver/Src/stm32f4xx_hal_cortex.o
                0x08002d60                HAL_NVIC_EnableIRQ
 .text.HAL_DMA_Init
                0x08002d7c      0x15c ./Drivers/STM32F4xx_HAL_Driver/Src/stm32f4xx_hal_dma.o
                0x08002d7c                HAL_DMA_Init
 .text.HAL_DMA_Start_IT
                0x08002ed8       0xb0 ./Drivers/STM32F4xx_HAL_Driver/Src/stm32f4xx_hal_dma.o
                0x08002ed8                HAL_DMA_Start_IT
 .text.HAL_DMA_Abort
                0x08002f88       0xe0 ./Drivers/STM32F4xx_HAL_Driver/Src/stm32f4xx_hal_dma.o
                0x08002f88                HAL_DMA_Abort
 .text.HAL_DMA_Abort_IT
                0x08003068       0x44 ./Drivers/STM32F4xx_HAL_Driver/Src/stm32f4xx_hal_dma.o
                0x08003068                HAL_DMA_Abort_IT
 .text.HAL_DMA_IRQHandler
                0x080030ac      0x314 ./Drivers/STM32F4xx_HAL_Driver/Src/stm32f4xx_hal_dma.o
                0x080030ac                HAL_DMA_IRQHandler
 .text.DMA_SetConfig
                0x080033c0       0x5c ./Drivers/STM32F4xx_HAL_Driver/Src/stm32f4xx_hal_dma.o
 .text.DMA_CalcBaseAndBitshift
                0x0800341c       0x6c ./Drivers/STM32F4xx_HAL_Driver/Src/stm32f4xx_hal_dma.o
 .text.DMA_CheckFifoParam
                0x08003488       0xf8 ./Drivers/STM32F4xx_HAL_Driver/Src/stm32f4xx_hal_dma.o
 .text.HAL_GPIO_Init
                0x08003580      0x338 ./Drivers/STM32F4xx_HAL_Driver/Src/stm32f4xx_hal_gpio.o
                0x08003580                HAL_GPIO_Init
 .text.HAL_GPIO_WritePin
                0x080038b8       0x32 ./Drivers/STM32F4xx_HAL_Driver/Src/stm32f4xx_hal_gpio.o
                0x080038b8                HAL_GPIO_WritePin
 .text.HAL_GPIO_TogglePin
                0x080038ea       0x34 ./Drivers/STM32F4xx_HAL_Driver/Src/stm32f4xx_hal_gpio.o
                0x080038ea                HAL_GPIO_TogglePin
 *fill*         0x0800391e        0x2 
 .text.HAL_GPIO_EXTI_IRQHandler
                0x08003920       0x30 ./Drivers/STM32F4xx_HAL_Driver/Src/stm32f4xx_hal_gpio.o
                0x08003920                HAL_GPIO_EXTI_IRQHandler
 .text.HAL_HCD_Init
                0x08003950       0xce ./Drivers/STM32F4xx_HAL_Driver/Src/stm32f4xx_hal_hcd.o
                0x08003950                HAL_HCD_Init
 .text.HAL_HCD_HC_Init
                0x08003a1e      0x170 ./Drivers/STM32F4xx_HAL_Driver/Src/stm32f4xx_hal_hcd.o
                0x08003a1e                HAL_HCD_HC_Init
 .text.HAL_HCD_HC_Halt
                0x08003b8e       0x46 ./Drivers/STM32F4xx_HAL_Driver/Src/stm32f4xx_hal_hcd.o
                0x08003b8e                HAL_HCD_HC_Halt
 .text.HAL_HCD_HC_SubmitRequest
                0x08003bd4      0x33c ./Drivers/STM32F4xx_HAL_Driver/Src/stm32f4xx_hal_hcd.o
                0x08003bd4                HAL_HCD_HC_SubmitRequest
 .text.HAL_HCD_IRQHandler
                0x08003f10      0x220 ./Drivers/STM32F4xx_HAL_Driver/Src/stm32f4xx_hal_hcd.o
                0x08003f10                HAL_HCD_IRQHandler
 .text.HAL_HCD_Start
                0x08004130       0x46 ./Drivers/STM32F4xx_HAL_Driver/Src/stm32f4xx_hal_hcd.o
                0x08004130                HAL_HCD_Start
 .text.HAL_HCD_Stop
                0x08004176       0x3a ./Drivers/STM32F4xx_HAL_Driver/Src/stm32f4xx_hal_hcd.o
                0x08004176                HAL_HCD_Stop
 .text.HAL_HCD_ResetPort
                0x080041b0       0x1c ./Drivers/STM32F4xx_HAL_Driver/Src/stm32f4xx_hal_hcd.o
                0x080041b0                HAL_HCD_ResetPort
 .text.HAL_HCD_HC_GetURBState
                0x080041cc       0x2a ./Drivers/STM32F4xx_HAL_Driver/Src/stm32f4xx_hal_hcd.o
                0x080041cc                HAL_HCD_HC_GetURBState
 .text.HAL_HCD_HC_GetXferCount
                0x080041f6       0x2a ./Drivers/STM32F4xx_HAL_Driver/Src/stm32f4xx_hal_hcd.o
                0x080041f6                HAL_HCD_HC_GetXferCount
 .text.HAL_HCD_GetCurrentFrame
                0x08004220       0x1c ./Drivers/STM32F4xx_HAL_Driver/Src/stm32f4xx_hal_hcd.o
                0x08004220                HAL_HCD_GetCurrentFrame
 .text.HAL_HCD_GetCurrentSpeed
                0x0800423c       0x1c ./Drivers/STM32F4xx_HAL_Driver/Src/stm32f4xx_hal_hcd.o
                0x0800423c                HAL_HCD_GetCurrentSpeed
 .text.HAL_HCD_HC_ClearHubInfo
                0x08004258       0x6a ./Drivers/STM32F4xx_HAL_Driver/Src/stm32f4xx_hal_hcd.o
                0x08004258                HAL_HCD_HC_ClearHubInfo
 .text.HCD_HC_IN_IRQHandler
                0x080042c2      0xcd2 ./Drivers/STM32F4xx_HAL_Driver/Src/stm32f4xx_hal_hcd.o
 .text.HCD_HC_OUT_IRQHandler
                0x08004f94      0x94a ./Drivers/STM32F4xx_HAL_Driver/Src/stm32f4xx_hal_hcd.o
 .text.HCD_RXQLVL_IRQHandler
                0x080058de      0x1be ./Drivers/STM32F4xx_HAL_Driver/Src/stm32f4xx_hal_hcd.o
 .text.HCD_Port_IRQHandler
                0x08005a9c       0xe6 ./Drivers/STM32F4xx_HAL_Driver/Src/stm32f4xx_hal_hcd.o
 *fill*         0x08005b82        0x2 
 .text.HAL_I2C_Init
                0x08005b84      0x288 ./Drivers/STM32F4xx_HAL_Driver/Src/stm32f4xx_hal_i2c.o
                0x08005b84                HAL_I2C_Init
 .text.HAL_I2S_Init
                0x08005e0c      0x280 ./Drivers/STM32F4xx_HAL_Driver/Src/stm32f4xx_hal_i2s.o
                0x08005e0c                HAL_I2S_Init
 .text.HAL_I2S_TxCpltCallback
                0x0800608c       0x14 ./Drivers/STM32F4xx_HAL_Driver/Src/stm32f4xx_hal_i2s.o
                0x0800608c                HAL_I2S_TxCpltCallback
 .text.HAL_I2S_RxCpltCallback
                0x080060a0       0x14 ./Drivers/STM32F4xx_HAL_Driver/Src/stm32f4xx_hal_i2s.o
                0x080060a0                HAL_I2S_RxCpltCallback
 .text.HAL_I2S_ErrorCallback
                0x080060b4       0x14 ./Drivers/STM32F4xx_HAL_Driver/Src/stm32f4xx_hal_i2s.o
                0x080060b4                HAL_I2S_ErrorCallback
 .text.I2S_Transmit_IT
                0x080060c8       0x5c ./Drivers/STM32F4xx_HAL_Driver/Src/stm32f4xx_hal_i2s.o
 .text.I2S_Receive_IT
                0x08006124       0x5e ./Drivers/STM32F4xx_HAL_Driver/Src/stm32f4xx_hal_i2s.o
 .text.I2S_IRQHandler
                0x08006182      0x114 ./Drivers/STM32F4xx_HAL_Driver/Src/stm32f4xx_hal_i2s.o
 *fill*         0x08006296        0x2 
 .text.HAL_I2SEx_FullDuplex_IRQHandler
                0x08006298      0x2a8 ./Drivers/STM32F4xx_HAL_Driver/Src/stm32f4xx_hal_i2s_ex.o
                0x08006298                HAL_I2SEx_FullDuplex_IRQHandler
 .text.HAL_I2SEx_TxRxCpltCallback
                0x08006540       0x14 ./Drivers/STM32F4xx_HAL_Driver/Src/stm32f4xx_hal_i2s_ex.o
                0x08006540                HAL_I2SEx_TxRxCpltCallback
 .text.I2SEx_TxISR_I2S
                0x08006554       0x62 ./Drivers/STM32F4xx_HAL_Driver/Src/stm32f4xx_hal_i2s_ex.o
 *fill*         0x080065b6        0x2 
 .text.I2SEx_TxISR_I2SExt
                0x080065b8       0x98 ./Drivers/STM32F4xx_HAL_Driver/Src/stm32f4xx_hal_i2s_ex.o
 .text.I2SEx_RxISR_I2S
                0x08006650       0x64 ./Drivers/STM32F4xx_HAL_Driver/Src/stm32f4xx_hal_i2s_ex.o
 .text.I2SEx_RxISR_I2SExt
                0x080066b4       0x98 ./Drivers/STM32F4xx_HAL_Driver/Src/stm32f4xx_hal_i2s_ex.o
 .text.HAL_RCC_OscConfig
                0x0800674c      0x4f0 ./Drivers/STM32F4xx_HAL_Driver/Src/stm32f4xx_hal_rcc.o
                0x0800674c                HAL_RCC_OscConfig
 .text.HAL_RCC_ClockConfig
                0x08006c3c      0x1cc ./Drivers/STM32F4xx_HAL_Driver/Src/stm32f4xx_hal_rcc.o
                0x08006c3c                HAL_RCC_ClockConfig
 .text.HAL_RCC_GetSysClockFreq
                0x08006e08      0x20c ./Drivers/STM32F4xx_HAL_Driver/Src/stm32f4xx_hal_rcc.o
                0x08006e08                HAL_RCC_GetSysClockFreq
 .text.HAL_RCC_GetHCLKFreq
                0x08007014       0x18 ./Drivers/STM32F4xx_HAL_Driver/Src/stm32f4xx_hal_rcc.o
                0x08007014                HAL_RCC_GetHCLKFreq
 .text.HAL_RCC_GetPCLK1Freq
                0x0800702c       0x28 ./Drivers/STM32F4xx_HAL_Driver/Src/stm32f4xx_hal_rcc.o
                0x0800702c                HAL_RCC_GetPCLK1Freq
 .text.HAL_RCC_GetPCLK2Freq
                0x08007054       0x28 ./Drivers/STM32F4xx_HAL_Driver/Src/stm32f4xx_hal_rcc.o
                0x08007054                HAL_RCC_GetPCLK2Freq
 .text.HAL_RCC_GetClockConfig
                0x0800707c       0x64 ./Drivers/STM32F4xx_HAL_Driver/Src/stm32f4xx_hal_rcc.o
                0x0800707c                HAL_RCC_GetClockConfig
 .text.HAL_RCCEx_PeriphCLKConfig
                0x080070e0      0x1c4 ./Drivers/STM32F4xx_HAL_Driver/Src/stm32f4xx_hal_rcc_ex.o
                0x080070e0                HAL_RCCEx_PeriphCLKConfig
 .text.HAL_RCCEx_GetPeriphCLKFreq
                0x080072a4       0xc0 ./Drivers/STM32F4xx_HAL_Driver/Src/stm32f4xx_hal_rcc_ex.o
                0x080072a4                HAL_RCCEx_GetPeriphCLKFreq
 .text.HAL_RTC_Init
                0x08007364      0x106 ./Drivers/STM32F4xx_HAL_Driver/Src/stm32f4xx_hal_rtc.o
                0x08007364                HAL_RTC_Init
 .text.HAL_RTC_GetTime
                0x0800746a       0xbc ./Drivers/STM32F4xx_HAL_Driver/Src/stm32f4xx_hal_rtc.o
                0x0800746a                HAL_RTC_GetTime
 .text.HAL_RTC_GetDate
                0x08007526       0x9e ./Drivers/STM32F4xx_HAL_Driver/Src/stm32f4xx_hal_rtc.o
                0x08007526                HAL_RTC_GetDate
 .text.HAL_RTC_WaitForSynchro
                0x080075c4       0x4c ./Drivers/STM32F4xx_HAL_Driver/Src/stm32f4xx_hal_rtc.o
                0x080075c4                HAL_RTC_WaitForSynchro
 .text.RTC_EnterInitMode
                0x08007610       0x6e ./Drivers/STM32F4xx_HAL_Driver/Src/stm32f4xx_hal_rtc.o
                0x08007610                RTC_EnterInitMode
 .text.RTC_ExitInitMode
                0x0800767e       0x4a ./Drivers/STM32F4xx_HAL_Driver/Src/stm32f4xx_hal_rtc.o
                0x0800767e                RTC_ExitInitMode
 .text.RTC_Bcd2ToByte
                0x080076c8       0x3c ./Drivers/STM32F4xx_HAL_Driver/Src/stm32f4xx_hal_rtc.o
                0x080076c8                RTC_Bcd2ToByte
 .text.HAL_SPI_Init
                0x08007704      0x112 ./Drivers/STM32F4xx_HAL_Driver/Src/stm32f4xx_hal_spi.o
                0x08007704                HAL_SPI_Init
 .text.HAL_SPI_Transmit
                0x08007816      0x286 ./Drivers/STM32F4xx_HAL_Driver/Src/stm32f4xx_hal_spi.o
                0x08007816                HAL_SPI_Transmit
 .text.HAL_SPI_Receive
                0x08007a9c      0x230 ./Drivers/STM32F4xx_HAL_Driver/Src/stm32f4xx_hal_spi.o
                0x08007a9c                HAL_SPI_Receive
 .text.HAL_SPI_TransmitReceive
                0x08007ccc      0x360 ./Drivers/STM32F4xx_HAL_Driver/Src/stm32f4xx_hal_spi.o
                0x08007ccc                HAL_SPI_TransmitReceive
 .text.SPI_WaitFlagStateUntilTimeout
                0x0800802c      0x110 ./Drivers/STM32F4xx_HAL_Driver/Src/stm32f4xx_hal_spi.o
 .text.SPI_EndRxTransaction
                0x0800813c       0xca ./Drivers/STM32F4xx_HAL_Driver/Src/stm32f4xx_hal_spi.o
 *fill*         0x08008206        0x2 
 .text.SPI_EndRxTxTransaction
                0x08008208       0xa8 ./Drivers/STM32F4xx_HAL_Driver/Src/stm32f4xx_hal_spi.o
 .text.HAL_TIM_Base_Init
                0x080082b0       0x9e ./Drivers/STM32F4xx_HAL_Driver/Src/stm32f4xx_hal_tim.o
                0x080082b0                HAL_TIM_Base_Init
 *fill*         0x0800834e        0x2 
 .text.HAL_TIM_Base_Start_IT
                0x08008350       0xe0 ./Drivers/STM32F4xx_HAL_Driver/Src/stm32f4xx_hal_tim.o
                0x08008350                HAL_TIM_Base_Start_IT
 .text.HAL_TIM_IRQHandler
                0x08008430      0x1e0 ./Drivers/STM32F4xx_HAL_Driver/Src/stm32f4xx_hal_tim.o
                0x08008430                HAL_TIM_IRQHandler
 .text.HAL_TIM_ConfigClockSource
                0x08008610      0x18e ./Drivers/STM32F4xx_HAL_Driver/Src/stm32f4xx_hal_tim.o
                0x08008610                HAL_TIM_ConfigClockSource
 .text.HAL_TIM_OC_DelayElapsedCallback
                0x0800879e       0x14 ./Drivers/STM32F4xx_HAL_Driver/Src/stm32f4xx_hal_tim.o
                0x0800879e                HAL_TIM_OC_DelayElapsedCallback
 .text.HAL_TIM_IC_CaptureCallback
                0x080087b2       0x14 ./Drivers/STM32F4xx_HAL_Driver/Src/stm32f4xx_hal_tim.o
                0x080087b2                HAL_TIM_IC_CaptureCallback
 .text.HAL_TIM_PWM_PulseFinishedCallback
                0x080087c6       0x14 ./Drivers/STM32F4xx_HAL_Driver/Src/stm32f4xx_hal_tim.o
                0x080087c6                HAL_TIM_PWM_PulseFinishedCallback
 .text.HAL_TIM_TriggerCallback
                0x080087da       0x14 ./Drivers/STM32F4xx_HAL_Driver/Src/stm32f4xx_hal_tim.o
                0x080087da                HAL_TIM_TriggerCallback
 *fill*         0x080087ee        0x2 
 .text.TIM_Base_SetConfig
                0x080087f0      0x158 ./Drivers/STM32F4xx_HAL_Driver/Src/stm32f4xx_hal_tim.o
                0x080087f0                TIM_Base_SetConfig
 .text.TIM_TI1_ConfigInputStage
                0x08008948       0x5e ./Drivers/STM32F4xx_HAL_Driver/Src/stm32f4xx_hal_tim.o
 .text.TIM_TI2_ConfigInputStage
                0x080089a6       0x60 ./Drivers/STM32F4xx_HAL_Driver/Src/stm32f4xx_hal_tim.o
 .text.TIM_ITRx_SetConfig
                0x08008a06       0x36 ./Drivers/STM32F4xx_HAL_Driver/Src/stm32f4xx_hal_tim.o
 .text.TIM_ETR_SetConfig
                0x08008a3c       0x40 ./Drivers/STM32F4xx_HAL_Driver/Src/stm32f4xx_hal_tim.o
                0x08008a3c                TIM_ETR_SetConfig
 .text.HAL_TIMEx_MasterConfigSynchronization
                0x08008a7c       0xf8 ./Drivers/STM32F4xx_HAL_Driver/Src/stm32f4xx_hal_tim_ex.o
                0x08008a7c                HAL_TIMEx_MasterConfigSynchronization
 .text.HAL_TIMEx_CommutCallback
                0x08008b74       0x14 ./Drivers/STM32F4xx_HAL_Driver/Src/stm32f4xx_hal_tim_ex.o
                0x08008b74                HAL_TIMEx_CommutCallback
 .text.HAL_TIMEx_BreakCallback
                0x08008b88       0x14 ./Drivers/STM32F4xx_HAL_Driver/Src/stm32f4xx_hal_tim_ex.o
                0x08008b88                HAL_TIMEx_BreakCallback
 .text.HAL_UART_Init
                0x08008b9c       0xa0 ./Drivers/STM32F4xx_HAL_Driver/Src/stm32f4xx_hal_uart.o
                0x08008b9c                HAL_UART_Init
 .text.HAL_UARTEx_ReceiveToIdle_DMA
                0x08008c3c       0xba ./Drivers/STM32F4xx_HAL_Driver/Src/stm32f4xx_hal_uart.o
                0x08008c3c                HAL_UARTEx_ReceiveToIdle_DMA
 *fill*         0x08008cf6        0x2 
 .text.HAL_UART_IRQHandler
                0x08008cf8      0x524 ./Drivers/STM32F4xx_HAL_Driver/Src/stm32f4xx_hal_uart.o
                0x08008cf8                HAL_UART_IRQHandler
 .text.HAL_UART_TxCpltCallback
                0x0800921c       0x14 ./Drivers/STM32F4xx_HAL_Driver/Src/stm32f4xx_hal_uart.o
                0x0800921c                HAL_UART_TxCpltCallback
 .text.HAL_UART_RxCpltCallback
                0x08009230       0x14 ./Drivers/STM32F4xx_HAL_Driver/Src/stm32f4xx_hal_uart.o
                0x08009230                HAL_UART_RxCpltCallback
 .text.HAL_UART_RxHalfCpltCallback
                0x08009244       0x14 ./Drivers/STM32F4xx_HAL_Driver/Src/stm32f4xx_hal_uart.o
                0x08009244                HAL_UART_RxHalfCpltCallback
 .text.HAL_UART_ErrorCallback
                0x08009258       0x14 ./Drivers/STM32F4xx_HAL_Driver/Src/stm32f4xx_hal_uart.o
                0x08009258                HAL_UART_ErrorCallback
 .text.UART_DMAReceiveCplt
                0x0800926c      0x12c ./Drivers/STM32F4xx_HAL_Driver/Src/stm32f4xx_hal_uart.o
 .text.UART_DMARxHalfCplt
                0x08009398       0x3c ./Drivers/STM32F4xx_HAL_Driver/Src/stm32f4xx_hal_uart.o
 .text.UART_DMAError
                0x080093d4       0x94 ./Drivers/STM32F4xx_HAL_Driver/Src/stm32f4xx_hal_uart.o
 .text.UART_Start_Receive_DMA
                0x08009468      0x134 ./Drivers/STM32F4xx_HAL_Driver/Src/stm32f4xx_hal_uart.o
                0x08009468                UART_Start_Receive_DMA
 .text.UART_EndTxTransfer
                0x0800959c       0x50 ./Drivers/STM32F4xx_HAL_Driver/Src/stm32f4xx_hal_uart.o
 .text.UART_EndRxTransfer
                0x080095ec       0xc6 ./Drivers/STM32F4xx_HAL_Driver/Src/stm32f4xx_hal_uart.o
 .text.UART_DMAAbortOnError
                0x080096b2       0x28 ./Drivers/STM32F4xx_HAL_Driver/Src/stm32f4xx_hal_uart.o
 .text.UART_Transmit_IT
                0x080096da       0xa0 ./Drivers/STM32F4xx_HAL_Driver/Src/stm32f4xx_hal_uart.o
 .text.UART_EndTransmit_IT
                0x0800977a       0x30 ./Drivers/STM32F4xx_HAL_Driver/Src/stm32f4xx_hal_uart.o
 .text.UART_Receive_IT
                0x080097aa      0x17c ./Drivers/STM32F4xx_HAL_Driver/Src/stm32f4xx_hal_uart.o
 *fill*         0x08009926        0x2 
 .text.UART_SetConfig
                0x08009928      0x4e8 ./Drivers/STM32F4xx_HAL_Driver/Src/stm32f4xx_hal_uart.o
 .text.USB_CoreInit
                0x08009e10       0xc8 ./Drivers/STM32F4xx_HAL_Driver/Src/stm32f4xx_ll_usb.o
                0x08009e10                USB_CoreInit
 .text.USB_EnableGlobalInt
                0x08009ed8       0x22 ./Drivers/STM32F4xx_HAL_Driver/Src/stm32f4xx_ll_usb.o
                0x08009ed8                USB_EnableGlobalInt
 .text.USB_DisableGlobalInt
                0x08009efa       0x22 ./Drivers/STM32F4xx_HAL_Driver/Src/stm32f4xx_ll_usb.o
                0x08009efa                USB_DisableGlobalInt
 .text.USB_SetCurrentMode
                0x08009f1c       0x98 ./Drivers/STM32F4xx_HAL_Driver/Src/stm32f4xx_ll_usb.o
                0x08009f1c                USB_SetCurrentMode
 .text.USB_FlushTxFifo
                0x08009fb4       0x64 ./Drivers/STM32F4xx_HAL_Driver/Src/stm32f4xx_ll_usb.o
                0x08009fb4                USB_FlushTxFifo
 .text.USB_FlushRxFifo
                0x0800a018       0x5c ./Drivers/STM32F4xx_HAL_Driver/Src/stm32f4xx_ll_usb.o
                0x0800a018                USB_FlushRxFifo
 .text.USB_WritePacket
                0x0800a074       0x7c ./Drivers/STM32F4xx_HAL_Driver/Src/stm32f4xx_ll_usb.o
                0x0800a074                USB_WritePacket
 .text.USB_ReadPacket
                0x0800a0f0       0xb0 ./Drivers/STM32F4xx_HAL_Driver/Src/stm32f4xx_ll_usb.o
                0x0800a0f0                USB_ReadPacket
 .text.USB_ReadInterrupts
                0x0800a1a0       0x26 ./Drivers/STM32F4xx_HAL_Driver/Src/stm32f4xx_ll_usb.o
                0x0800a1a0                USB_ReadInterrupts
 .text.USB_ReadChInterrupts
                0x0800a1c6       0x42 ./Drivers/STM32F4xx_HAL_Driver/Src/stm32f4xx_ll_usb.o
                0x0800a1c6                USB_ReadChInterrupts
 .text.USB_GetMode
                0x0800a208       0x1c ./Drivers/STM32F4xx_HAL_Driver/Src/stm32f4xx_ll_usb.o
                0x0800a208                USB_GetMode
 .text.USB_CoreReset
                0x0800a224       0x62 ./Drivers/STM32F4xx_HAL_Driver/Src/stm32f4xx_ll_usb.o
 *fill*         0x0800a286        0x2 
 .text.USB_HostInit
                0x0800a288      0x188 ./Drivers/STM32F4xx_HAL_Driver/Src/stm32f4xx_ll_usb.o
                0x0800a288                USB_HostInit
 .text.USB_InitFSLSPClkSel
                0x0800a410       0x7a ./Drivers/STM32F4xx_HAL_Driver/Src/stm32f4xx_ll_usb.o
                0x0800a410                USB_InitFSLSPClkSel
 .text.USB_ResetPort
                0x0800a48a       0x54 ./Drivers/STM32F4xx_HAL_Driver/Src/stm32f4xx_ll_usb.o
                0x0800a48a                USB_ResetPort
 .text.USB_DriveVbus
                0x0800a4de       0x72 ./Drivers/STM32F4xx_HAL_Driver/Src/stm32f4xx_ll_usb.o
                0x0800a4de                USB_DriveVbus
 .text.USB_GetHostSpeed
                0x0800a550       0x2e ./Drivers/STM32F4xx_HAL_Driver/Src/stm32f4xx_ll_usb.o
                0x0800a550                USB_GetHostSpeed
 .text.USB_GetCurrentFrame
                0x0800a57e       0x22 ./Drivers/STM32F4xx_HAL_Driver/Src/stm32f4xx_ll_usb.o
                0x0800a57e                USB_GetCurrentFrame
 .text.USB_HC_Init
                0x0800a5a0      0x258 ./Drivers/STM32F4xx_HAL_Driver/Src/stm32f4xx_ll_usb.o
                0x0800a5a0                USB_HC_Init
 .text.USB_HC_StartXfer
                0x0800a7f8      0x4f4 ./Drivers/STM32F4xx_HAL_Driver/Src/stm32f4xx_ll_usb.o
                0x0800a7f8                USB_HC_StartXfer
 .text.USB_HC_ReadInterrupt
                0x0800acec       0x22 ./Drivers/STM32F4xx_HAL_Driver/Src/stm32f4xx_ll_usb.o
                0x0800acec                USB_HC_ReadInterrupt
 .text.USB_HC_Halt
                0x0800ad0e      0x240 ./Drivers/STM32F4xx_HAL_Driver/Src/stm32f4xx_ll_usb.o
                0x0800ad0e                USB_HC_Halt
 *fill*         0x0800af4e        0x2 
 .text.USB_DoPing
                0x0800af50       0x78 ./Drivers/STM32F4xx_HAL_Driver/Src/stm32f4xx_ll_usb.o
                0x0800af50                USB_DoPing
 .text.USB_StopHost
                0x0800afc8      0x124 ./Drivers/STM32F4xx_HAL_Driver/Src/stm32f4xx_ll_usb.o
                0x0800afc8                USB_StopHost
 .text.USBH_CDC_InterfaceInit
                0x0800b0ec      0x2ac ./Middlewares/ST/STM32_USB_Host_Library/Class/CDC/Src/usbh_cdc.o
 .text.USBH_CDC_InterfaceDeInit
                0x0800b398       0xb2 ./Middlewares/ST/STM32_USB_Host_Library/Class/CDC/Src/usbh_cdc.o
 .text.USBH_CDC_ClassRequest
                0x0800b44a       0x3e ./Middlewares/ST/STM32_USB_Host_Library/Class/CDC/Src/usbh_cdc.o
 .text.USBH_CDC_Process
                0x0800b488      0x12c ./Middlewares/ST/STM32_USB_Host_Library/Class/CDC/Src/usbh_cdc.o
 .text.USBH_CDC_SOFProcess
                0x0800b5b4       0x16 ./Middlewares/ST/STM32_USB_Host_Library/Class/CDC/Src/usbh_cdc.o
 .text.GetLineCoding
                0x0800b5ca       0x3e ./Middlewares/ST/STM32_USB_Host_Library/Class/CDC/Src/usbh_cdc.o
 .text.SetLineCoding
                0x0800b608       0x3e ./Middlewares/ST/STM32_USB_Host_Library/Class/CDC/Src/usbh_cdc.o
 .text.CDC_ProcessTransmission
                0x0800b646      0x124 ./Middlewares/ST/STM32_USB_Host_Library/Class/CDC/Src/usbh_cdc.o
 .text.CDC_ProcessReception
                0x0800b76a       0xd2 ./Middlewares/ST/STM32_USB_Host_Library/Class/CDC/Src/usbh_cdc.o
 .text.USBH_CDC_TransmitCallback
                0x0800b83c       0x14 ./Middlewares/ST/STM32_USB_Host_Library/Class/CDC/Src/usbh_cdc.o
                0x0800b83c                USBH_CDC_TransmitCallback
 .text.USBH_CDC_ReceiveCallback
                0x0800b850       0x14 ./Middlewares/ST/STM32_USB_Host_Library/Class/CDC/Src/usbh_cdc.o
                0x0800b850                USBH_CDC_ReceiveCallback
 .text.USBH_CDC_LineCodingChanged
                0x0800b864       0x14 ./Middlewares/ST/STM32_USB_Host_Library/Class/CDC/Src/usbh_cdc.o
                0x0800b864                USBH_CDC_LineCodingChanged
 .text.USBH_Init
                0x0800b878       0xb8 ./Middlewares/ST/STM32_USB_Host_Library/Core/Src/usbh_core.o
                0x0800b878                USBH_Init
 .text.DeInitStateMachine
                0x0800b930       0xe6 ./Middlewares/ST/STM32_USB_Host_Library/Core/Src/usbh_core.o
 .text.USBH_RegisterClass
                0x0800ba16       0x54 ./Middlewares/ST/STM32_USB_Host_Library/Core/Src/usbh_core.o
                0x0800ba16                USBH_RegisterClass
 .text.USBH_SelectInterface
                0x0800ba6a       0x38 ./Middlewares/ST/STM32_USB_Host_Library/Core/Src/usbh_core.o
                0x0800ba6a                USBH_SelectInterface
 .text.USBH_FindInterface
                0x0800baa2       0x8c ./Middlewares/ST/STM32_USB_Host_Library/Core/Src/usbh_core.o
                0x0800baa2                USBH_FindInterface
 .text.USBH_Start
                0x0800bb2e       0x20 ./Middlewares/ST/STM32_USB_Host_Library/Core/Src/usbh_core.o
                0x0800bb2e                USBH_Start
 *fill*         0x0800bb4e        0x2 
 .text.USBH_Process
                0x0800bb50      0x4d4 ./Middlewares/ST/STM32_USB_Host_Library/Core/Src/usbh_core.o
                0x0800bb50                USBH_Process
 .text.USBH_HandleEnum
                0x0800c024      0x450 ./Middlewares/ST/STM32_USB_Host_Library/Core/Src/usbh_core.o
 .text.USBH_LL_SetTimer
                0x0800c474       0x1e ./Middlewares/ST/STM32_USB_Host_Library/Core/Src/usbh_core.o
                0x0800c474                USBH_LL_SetTimer
 .text.USBH_LL_IncTimer
                0x0800c492       0x24 ./Middlewares/ST/STM32_USB_Host_Library/Core/Src/usbh_core.o
                0x0800c492                USBH_LL_IncTimer
 .text.USBH_HandleSof
                0x0800c4b6       0x30 ./Middlewares/ST/STM32_USB_Host_Library/Core/Src/usbh_core.o
 .text.USBH_LL_PortEnabled
                0x0800c4e6       0x34 ./Middlewares/ST/STM32_USB_Host_Library/Core/Src/usbh_core.o
                0x0800c4e6                USBH_LL_PortEnabled
 .text.USBH_LL_PortDisabled
                0x0800c51a       0x1c ./Middlewares/ST/STM32_USB_Host_Library/Core/Src/usbh_core.o
                0x0800c51a                USBH_LL_PortDisabled
 .text.USBH_LL_Connect
                0x0800c536       0x46 ./Middlewares/ST/STM32_USB_Host_Library/Core/Src/usbh_core.o
                0x0800c536                USBH_LL_Connect
 .text.USBH_LL_Disconnect
                0x0800c57c       0x64 ./Middlewares/ST/STM32_USB_Host_Library/Core/Src/usbh_core.o
                0x0800c57c                USBH_LL_Disconnect
 .text.USBH_Process_OS
                0x0800c5e0       0x2e ./Middlewares/ST/STM32_USB_Host_Library/Core/Src/usbh_core.o
 .text.USBH_LL_NotifyURBChange
                0x0800c60e       0x2e ./Middlewares/ST/STM32_USB_Host_Library/Core/Src/usbh_core.o
                0x0800c60e                USBH_LL_NotifyURBChange
 .text.USBH_Get_DevDesc
                0x0800c63c       0x58 ./Middlewares/ST/STM32_USB_Host_Library/Core/Src/usbh_ctlreq.o
                0x0800c63c                USBH_Get_DevDesc
 .text.USBH_Get_CfgDesc
                0x0800c694       0x54 ./Middlewares/ST/STM32_USB_Host_Library/Core/Src/usbh_ctlreq.o
                0x0800c694                USBH_Get_CfgDesc
 .text.USBH_Get_StringDesc
                0x0800c6e8       0x68 ./Middlewares/ST/STM32_USB_Host_Library/Core/Src/usbh_ctlreq.o
                0x0800c6e8                USBH_Get_StringDesc
 .text.USBH_GetDescriptor
                0x0800c750       0x6a ./Middlewares/ST/STM32_USB_Host_Library/Core/Src/usbh_ctlreq.o
                0x0800c750                USBH_GetDescriptor
 .text.USBH_SetAddress
                0x0800c7ba       0x48 ./Middlewares/ST/STM32_USB_Host_Library/Core/Src/usbh_ctlreq.o
                0x0800c7ba                USBH_SetAddress
 .text.USBH_SetCfg
                0x0800c802       0x46 ./Middlewares/ST/STM32_USB_Host_Library/Core/Src/usbh_ctlreq.o
                0x0800c802                USBH_SetCfg
 .text.USBH_SetFeature
                0x0800c848       0x48 ./Middlewares/ST/STM32_USB_Host_Library/Core/Src/usbh_ctlreq.o
                0x0800c848                USBH_SetFeature
 .text.USBH_ClrFeature
                0x0800c890       0x48 ./Middlewares/ST/STM32_USB_Host_Library/Core/Src/usbh_ctlreq.o
                0x0800c890                USBH_ClrFeature
 .text.USBH_ParseDevDesc
                0x0800c8d8      0x160 ./Middlewares/ST/STM32_USB_Host_Library/Core/Src/usbh_ctlreq.o
 .text.USBH_ParseCfgDesc
                0x0800ca38      0x1f0 ./Middlewares/ST/STM32_USB_Host_Library/Core/Src/usbh_ctlreq.o
 .text.USBH_ParseInterfaceDesc
                0x0800cc28       0x68 ./Middlewares/ST/STM32_USB_Host_Library/Core/Src/usbh_ctlreq.o
 .text.USBH_ParseEPDesc
                0x0800cc90      0x1d0 ./Middlewares/ST/STM32_USB_Host_Library/Core/Src/usbh_ctlreq.o
 .text.USBH_ParseStringDesc
                0x0800ce60       0x66 ./Middlewares/ST/STM32_USB_Host_Library/Core/Src/usbh_ctlreq.o
 .text.USBH_GetNextDesc
                0x0800cec6       0x34 ./Middlewares/ST/STM32_USB_Host_Library/Core/Src/usbh_ctlreq.o
                0x0800cec6                USBH_GetNextDesc
 .text.USBH_CtlReq
                0x0800cefa       0xb2 ./Middlewares/ST/STM32_USB_Host_Library/Core/Src/usbh_ctlreq.o
                0x0800cefa                USBH_CtlReq
 .text.USBH_HandleControl
                0x0800cfac      0x490 ./Middlewares/ST/STM32_USB_Host_Library/Core/Src/usbh_ctlreq.o
 .text.USBH_CtlSendSetup
                0x0800d43c       0x34 ./Middlewares/ST/STM32_USB_Host_Library/Core/Src/usbh_ioreq.o
                0x0800d43c                USBH_CtlSendSetup
 .text.USBH_CtlSendData
                0x0800d470       0x4a ./Middlewares/ST/STM32_USB_Host_Library/Core/Src/usbh_ioreq.o
                0x0800d470                USBH_CtlSendData
 .text.USBH_CtlReceiveData
                0x0800d4ba       0x3c ./Middlewares/ST/STM32_USB_Host_Library/Core/Src/usbh_ioreq.o
                0x0800d4ba                USBH_CtlReceiveData
 .text.USBH_BulkSendData
                0x0800d4f6       0x4a ./Middlewares/ST/STM32_USB_Host_Library/Core/Src/usbh_ioreq.o
                0x0800d4f6                USBH_BulkSendData
 .text.USBH_BulkReceiveData
                0x0800d540       0x3c ./Middlewares/ST/STM32_USB_Host_Library/Core/Src/usbh_ioreq.o
                0x0800d540                USBH_BulkReceiveData
 .text.USBH_OpenPipe
                0x0800d57c       0x3e ./Middlewares/ST/STM32_USB_Host_Library/Core/Src/usbh_pipes.o
                0x0800d57c                USBH_OpenPipe
 .text.USBH_ClosePipe
                0x0800d5ba       0x20 ./Middlewares/ST/STM32_USB_Host_Library/Core/Src/usbh_pipes.o
                0x0800d5ba                USBH_ClosePipe
 .text.USBH_AllocPipe
                0x0800d5da       0x42 ./Middlewares/ST/STM32_USB_Host_Library/Core/Src/usbh_pipes.o
                0x0800d5da                USBH_AllocPipe
 .text.USBH_FreePipe
                0x0800d61c       0x3c ./Middlewares/ST/STM32_USB_Host_Library/Core/Src/usbh_pipes.o
                0x0800d61c                USBH_FreePipe
 .text.USBH_GetFreePipe
                0x0800d658       0x48 ./Middlewares/ST/STM32_USB_Host_Library/Core/Src/usbh_pipes.o
 .text.__NVIC_SetPriority
                0x0800d6a0       0x54 ./Middlewares/Third_Party/FreeRTOS/Source/CMSIS_RTOS_V2/cmsis_os2.o
 .text.SysTick_Handler
                0x0800d6f4       0x20 ./Middlewares/Third_Party/FreeRTOS/Source/CMSIS_RTOS_V2/cmsis_os2.o
                0x0800d6f4                SysTick_Handler
 .text.SVC_Setup
                0x0800d714       0x12 ./Middlewares/Third_Party/FreeRTOS/Source/CMSIS_RTOS_V2/cmsis_os2.o
 *fill*         0x0800d726        0x2 
 .text.osKernelInitialize
                0x0800d728       0x48 ./Middlewares/Third_Party/FreeRTOS/Source/CMSIS_RTOS_V2/cmsis_os2.o
                0x0800d728                osKernelInitialize
 .text.osKernelStart
                0x0800d770       0x4c ./Middlewares/Third_Party/FreeRTOS/Source/CMSIS_RTOS_V2/cmsis_os2.o
                0x0800d770                osKernelStart
 .text.osThreadNew
                0x0800d7bc      0x124 ./Middlewares/Third_Party/FreeRTOS/Source/CMSIS_RTOS_V2/cmsis_os2.o
                0x0800d7bc                osThreadNew
 .text.osThreadFlagsSet
                0x0800d8e0       0x9c ./Middlewares/Third_Party/FreeRTOS/Source/CMSIS_RTOS_V2/cmsis_os2.o
                0x0800d8e0                osThreadFlagsSet
 .text.osThreadFlagsWait
                0x0800d97c      0x102 ./Middlewares/Third_Party/FreeRTOS/Source/CMSIS_RTOS_V2/cmsis_os2.o
                0x0800d97c                osThreadFlagsWait
 .text.osDelay  0x0800da7e       0x36 ./Middlewares/Third_Party/FreeRTOS/Source/CMSIS_RTOS_V2/cmsis_os2.o
                0x0800da7e                osDelay
 .text.osMessageQueueNew
                0x0800dab4       0xe6 ./Middlewares/Third_Party/FreeRTOS/Source/CMSIS_RTOS_V2/cmsis_os2.o
                0x0800dab4                osMessageQueueNew
 *fill*         0x0800db9a        0x2 
 .text.osMessageQueuePut
                0x0800db9c       0xc0 ./Middlewares/Third_Party/FreeRTOS/Source/CMSIS_RTOS_V2/cmsis_os2.o
                0x0800db9c                osMessageQueuePut
 .text.osMessageQueueGet
                0x0800dc5c       0xbc ./Middlewares/Third_Party/FreeRTOS/Source/CMSIS_RTOS_V2/cmsis_os2.o
                0x0800dc5c                osMessageQueueGet
 .text.vApplicationGetIdleTaskMemory
                0x0800dd18       0x34 ./Middlewares/Third_Party/FreeRTOS/Source/CMSIS_RTOS_V2/cmsis_os2.o
                0x0800dd18                vApplicationGetIdleTaskMemory
 .text.vApplicationGetTimerTaskMemory
                0x0800dd4c       0x34 ./Middlewares/Third_Party/FreeRTOS/Source/CMSIS_RTOS_V2/cmsis_os2.o
                0x0800dd4c                vApplicationGetTimerTaskMemory
 .text.vListInitialise
                0x0800dd80       0x40 ./Middlewares/Third_Party/FreeRTOS/Source/list.o
                0x0800dd80                vListInitialise
 .text.vListInitialiseItem
                0x0800ddc0       0x1a ./Middlewares/Third_Party/FreeRTOS/Source/list.o
                0x0800ddc0                vListInitialiseItem
 .text.vListInsertEnd
                0x0800ddda       0x48 ./Middlewares/Third_Party/FreeRTOS/Source/list.o
                0x0800ddda                vListInsertEnd
 .text.vListInsert
                0x0800de22       0x72 ./Middlewares/Third_Party/FreeRTOS/Source/list.o
                0x0800de22                vListInsert
 .text.uxListRemove
                0x0800de94       0x54 ./Middlewares/Third_Party/FreeRTOS/Source/list.o
                0x0800de94                uxListRemove
 .text.xQueueGenericReset
                0x0800dee8       0xd4 ./Middlewares/Third_Party/FreeRTOS/Source/queue.o
                0x0800dee8                xQueueGenericReset
 .text.xQueueGenericCreateStatic
                0x0800dfbc       0xfa ./Middlewares/Third_Party/FreeRTOS/Source/queue.o
                0x0800dfbc                xQueueGenericCreateStatic
 .text.xQueueGenericCreate
                0x0800e0b6       0x76 ./Middlewares/Third_Party/FreeRTOS/Source/queue.o
                0x0800e0b6                xQueueGenericCreate
 .text.prvInitialiseNewQueue
                0x0800e12c       0x46 ./Middlewares/Third_Party/FreeRTOS/Source/queue.o
 *fill*         0x0800e172        0x2 
 .text.xQueueGenericSend
                0x0800e174      0x204 ./Middlewares/Third_Party/FreeRTOS/Source/queue.o
                0x0800e174                xQueueGenericSend
 .text.xQueueGenericSendFromISR
                0x0800e378      0x13c ./Middlewares/Third_Party/FreeRTOS/Source/queue.o
                0x0800e378                xQueueGenericSendFromISR
 .text.xQueueReceive
                0x0800e4b4      0x1c4 ./Middlewares/Third_Party/FreeRTOS/Source/queue.o
                0x0800e4b4                xQueueReceive
 .text.xQueueReceiveFromISR
                0x0800e678      0x104 ./Middlewares/Third_Party/FreeRTOS/Source/queue.o
                0x0800e678                xQueueReceiveFromISR
 .text.prvCopyDataToQueue
                0x0800e77c       0xd4 ./Middlewares/Third_Party/FreeRTOS/Source/queue.o
 .text.prvCopyDataFromQueue
                0x0800e850       0x4c ./Middlewares/Third_Party/FreeRTOS/Source/queue.o
 .text.prvUnlockQueue
                0x0800e89c       0xa4 ./Middlewares/Third_Party/FreeRTOS/Source/queue.o
 .text.prvIsQueueEmpty
                0x0800e940       0x2c ./Middlewares/Third_Party/FreeRTOS/Source/queue.o
 .text.prvIsQueueFull
                0x0800e96c       0x30 ./Middlewares/Third_Party/FreeRTOS/Source/queue.o
 .text.vQueueAddToRegistry
                0x0800e99c       0x54 ./Middlewares/Third_Party/FreeRTOS/Source/queue.o
                0x0800e99c                vQueueAddToRegistry
 .text.vQueueWaitForMessageRestricted
                0x0800e9f0       0x68 ./Middlewares/Third_Party/FreeRTOS/Source/queue.o
                0x0800e9f0                vQueueWaitForMessageRestricted
 .text.xTaskCreateStatic
                0x0800ea58       0xc0 ./Middlewares/Third_Party/FreeRTOS/Source/tasks.o
                0x0800ea58                xTaskCreateStatic
 .text.xTaskCreate
                0x0800eb18       0x8a ./Middlewares/Third_Party/FreeRTOS/Source/tasks.o
                0x0800eb18                xTaskCreate
 *fill*         0x0800eba2        0x2 
 .text.prvInitialiseNewTask
                0x0800eba4      0x154 ./Middlewares/Third_Party/FreeRTOS/Source/tasks.o
 .text.prvAddNewTaskToReadyList
                0x0800ecf8       0xe0 ./Middlewares/Third_Party/FreeRTOS/Source/tasks.o
 .text.vTaskDelay
                0x0800edd8       0x6c ./Middlewares/Third_Party/FreeRTOS/Source/tasks.o
                0x0800edd8                vTaskDelay
 .text.eTaskGetState
                0x0800ee44       0xd0 ./Middlewares/Third_Party/FreeRTOS/Source/tasks.o
                0x0800ee44                eTaskGetState
 .text.vTaskSuspend
                0x0800ef14       0xec ./Middlewares/Third_Party/FreeRTOS/Source/tasks.o
                0x0800ef14                vTaskSuspend
 .text.vTaskStartScheduler
                0x0800f000       0xec ./Middlewares/Third_Party/FreeRTOS/Source/tasks.o
                0x0800f000                vTaskStartScheduler
 .text.vTaskSuspendAll
                0x0800f0ec       0x1c ./Middlewares/Third_Party/FreeRTOS/Source/tasks.o
                0x0800f0ec                vTaskSuspendAll
 .text.xTaskResumeAll
                0x0800f108      0x13c ./Middlewares/Third_Party/FreeRTOS/Source/tasks.o
                0x0800f108                xTaskResumeAll
 .text.xTaskGetTickCount
                0x0800f244       0x20 ./Middlewares/Third_Party/FreeRTOS/Source/tasks.o
                0x0800f244                xTaskGetTickCount
 .text.uxTaskGetSystemState
                0x0800f264      0x120 ./Middlewares/Third_Party/FreeRTOS/Source/tasks.o
                0x0800f264                uxTaskGetSystemState
 .text.xTaskIncrementTick
                0x0800f384      0x174 ./Middlewares/Third_Party/FreeRTOS/Source/tasks.o
                0x0800f384                xTaskIncrementTick
 .text.vTaskSwitchContext
                0x0800f4f8      0x108 ./Middlewares/Third_Party/FreeRTOS/Source/tasks.o
                0x0800f4f8                vTaskSwitchContext
 .text.vTaskPlaceOnEventList
                0x0800f600       0x4c ./Middlewares/Third_Party/FreeRTOS/Source/tasks.o
                0x0800f600                vTaskPlaceOnEventList
 .text.vTaskPlaceOnEventListRestricted
                0x0800f64c       0x58 ./Middlewares/Third_Party/FreeRTOS/Source/tasks.o
                0x0800f64c                vTaskPlaceOnEventListRestricted
 .text.xTaskRemoveFromEventList
                0x0800f6a4       0xc8 ./Middlewares/Third_Party/FreeRTOS/Source/tasks.o
                0x0800f6a4                xTaskRemoveFromEventList
 .text.vTaskInternalSetTimeOutState
                0x0800f76c       0x2c ./Middlewares/Third_Party/FreeRTOS/Source/tasks.o
                0x0800f76c                vTaskInternalSetTimeOutState
 .text.xTaskCheckForTimeOut
                0x0800f798       0xc8 ./Middlewares/Third_Party/FreeRTOS/Source/tasks.o
                0x0800f798                xTaskCheckForTimeOut
 .text.vTaskMissedYield
                0x0800f860       0x18 ./Middlewares/Third_Party/FreeRTOS/Source/tasks.o
                0x0800f860                vTaskMissedYield
 .text.prvIdleTask
                0x0800f878       0x34 ./Middlewares/Third_Party/FreeRTOS/Source/tasks.o
 .text.prvInitialiseTaskLists
                0x0800f8ac       0x80 ./Middlewares/Third_Party/FreeRTOS/Source/tasks.o
 .text.prvCheckTasksWaitingTermination
                0x0800f92c       0x5c ./Middlewares/Third_Party/FreeRTOS/Source/tasks.o
 .text.vTaskGetInfo
                0x0800f988       0xcc ./Middlewares/Third_Party/FreeRTOS/Source/tasks.o
                0x0800f988                vTaskGetInfo
 .text.prvListTasksWithinSingleList
                0x0800fa54       0xa4 ./Middlewares/Third_Party/FreeRTOS/Source/tasks.o
 .text.prvTaskCheckFreeStackSpace
                0x0800faf8       0x38 ./Middlewares/Third_Party/FreeRTOS/Source/tasks.o
 .text.prvDeleteTCB
                0x0800fb30       0x6a ./Middlewares/Third_Party/FreeRTOS/Source/tasks.o
 *fill*         0x0800fb9a        0x2 
 .text.prvResetNextTaskUnblockTime
                0x0800fb9c       0x40 ./Middlewares/Third_Party/FreeRTOS/Source/tasks.o
 .text.xTaskGetSchedulerState
                0x0800fbdc       0x3c ./Middlewares/Third_Party/FreeRTOS/Source/tasks.o
                0x0800fbdc                xTaskGetSchedulerState
 .text.xTaskPriorityDisinherit
                0x0800fc18       0xe0 ./Middlewares/Third_Party/FreeRTOS/Source/tasks.o
                0x0800fc18                xTaskPriorityDisinherit
 .text.prvWriteNameToBuffer
                0x0800fcf8       0x4a ./Middlewares/Third_Party/FreeRTOS/Source/tasks.o
 *fill*         0x0800fd42        0x2 
 .text.vTaskList
                0x0800fd44      0x12c ./Middlewares/Third_Party/FreeRTOS/Source/tasks.o
                0x0800fd44                vTaskList
 .text.vTaskGetRunTimeStats
                0x0800fe70      0x108 ./Middlewares/Third_Party/FreeRTOS/Source/tasks.o
                0x0800fe70                vTaskGetRunTimeStats
 .text.xTaskNotifyWait
                0x0800ff78       0xc0 ./Middlewares/Third_Party/FreeRTOS/Source/tasks.o
                0x0800ff78                xTaskNotifyWait
 .text.xTaskGenericNotify
                0x08010038      0x184 ./Middlewares/Third_Party/FreeRTOS/Source/tasks.o
                0x08010038                xTaskGenericNotify
 .text.xTaskGenericNotifyFromISR
                0x080101bc      0x1cc ./Middlewares/Third_Party/FreeRTOS/Source/tasks.o
                0x080101bc                xTaskGenericNotifyFromISR
 .text.prvAddCurrentTaskToDelayedList
                0x08010388       0xa8 ./Middlewares/Third_Party/FreeRTOS/Source/tasks.o
 .text.xTimerCreateTimerTask
                0x08010430       0x94 ./Middlewares/Third_Party/FreeRTOS/Source/timers.o
                0x08010430                xTimerCreateTimerTask
 .text.xTimerGenericCommand
                0x080104c4       0x9c ./Middlewares/Third_Party/FreeRTOS/Source/timers.o
                0x080104c4                xTimerGenericCommand
 .text.prvProcessExpiredTimer
                0x08010560       0x9c ./Middlewares/Third_Party/FreeRTOS/Source/timers.o
 .text.prvTimerTask
                0x080105fc       0x26 ./Middlewares/Third_Party/FreeRTOS/Source/timers.o
 *fill*         0x08010622        0x2 
 .text.prvProcessTimerOrBlockTask
                0x08010624       0x9c ./Middlewares/Third_Party/FreeRTOS/Source/timers.o
 .text.prvGetNextExpireTime
                0x080106c0       0x48 ./Middlewares/Third_Party/FreeRTOS/Source/timers.o
 .text.prvSampleTimeNow
                0x08010708       0x40 ./Middlewares/Third_Party/FreeRTOS/Source/timers.o
 .text.prvInsertTimerInActiveList
                0x08010748       0x84 ./Middlewares/Third_Party/FreeRTOS/Source/timers.o
 .text.prvProcessReceivedCommands
                0x080107cc      0x1cc ./Middlewares/Third_Party/FreeRTOS/Source/timers.o
 .text.prvSwitchTimerLists
                0x08010998       0xcc ./Middlewares/Third_Party/FreeRTOS/Source/timers.o
 .text.prvCheckForValidListAndQueue
                0x08010a64       0x80 ./Middlewares/Third_Party/FreeRTOS/Source/timers.o
 .text.pxPortInitialiseStack
                0x08010ae4       0x68 ./Middlewares/Third_Party/FreeRTOS/Source/portable/GCC/ARM_CM4F/port.o
                0x08010ae4                pxPortInitialiseStack
 .text.prvTaskExitError
                0x08010b4c       0x5c ./Middlewares/Third_Party/FreeRTOS/Source/portable/GCC/ARM_CM4F/port.o
 *fill*         0x08010ba8        0x8 
 .text.SVC_Handler
                0x08010bb0       0x28 ./Middlewares/Third_Party/FreeRTOS/Source/portable/GCC/ARM_CM4F/port.o
                0x08010bb0                SVC_Handler
 .text.prvPortStartFirstTask
                0x08010bd8       0x28 ./Middlewares/Third_Party/FreeRTOS/Source/portable/GCC/ARM_CM4F/port.o
 .text.xPortStartScheduler
                0x08010c00      0x148 ./Middlewares/Third_Party/FreeRTOS/Source/portable/GCC/ARM_CM4F/port.o
                0x08010c00                xPortStartScheduler
 .text.vPortEnterCritical
                0x08010d48       0x64 ./Middlewares/Third_Party/FreeRTOS/Source/portable/GCC/ARM_CM4F/port.o
                0x08010d48                vPortEnterCritical
 .text.vPortExitCritical
                0x08010dac       0x54 ./Middlewares/Third_Party/FreeRTOS/Source/portable/GCC/ARM_CM4F/port.o
                0x08010dac                vPortExitCritical
 .text.PendSV_Handler
                0x08010e00       0x68 ./Middlewares/Third_Party/FreeRTOS/Source/portable/GCC/ARM_CM4F/port.o
                0x08010e00                PendSV_Handler
 .text.xPortSysTickHandler
                0x08010e68       0x44 ./Middlewares/Third_Party/FreeRTOS/Source/portable/GCC/ARM_CM4F/port.o
                0x08010e68                xPortSysTickHandler
 .text.vPortSetupTimerInterrupt
                0x08010eac       0x48 ./Middlewares/Third_Party/FreeRTOS/Source/portable/GCC/ARM_CM4F/port.o
                0x08010eac                vPortSetupTimerInterrupt
 .text.vPortEnableVFP
                0x08010ef4       0x14 ./Middlewares/Third_Party/FreeRTOS/Source/portable/GCC/ARM_CM4F/port.o
 .text.vPortValidateInterruptPriority
                0x08010f08       0x84 ./Middlewares/Third_Party/FreeRTOS/Source/portable/GCC/ARM_CM4F/port.o
                0x08010f08                vPortValidateInterruptPriority
 .text.pvPortMalloc
                0x08010f8c      0x19c ./Middlewares/Third_Party/FreeRTOS/Source/portable/MemMang/heap_4.o
                0x08010f8c                pvPortMalloc
 .text.vPortFree
                0x08011128       0xc8 ./Middlewares/Third_Party/FreeRTOS/Source/portable/MemMang/heap_4.o
                0x08011128                vPortFree
 .text.xPortGetFreeHeapSize
                0x080111f0       0x18 ./Middlewares/Third_Party/FreeRTOS/Source/portable/MemMang/heap_4.o
                0x080111f0                xPortGetFreeHeapSize
 .text.prvHeapInit
                0x08011208       0xc4 ./Middlewares/Third_Party/FreeRTOS/Source/portable/MemMang/heap_4.o
 .text.prvInsertBlockIntoFreeList
                0x080112cc       0xb4 ./Middlewares/Third_Party/FreeRTOS/Source/portable/MemMang/heap_4.o
 .text.MX_USB_HOST_Init
                0x08011380       0x4c ./USB_HOST/App/usb_host.o
                0x08011380                MX_USB_HOST_Init
 .text.USBH_UserProcess
                0x080113cc       0x5c ./USB_HOST/App/usb_host.o
 .text.HAL_HCD_MspInit
                0x08011428       0xc4 ./USB_HOST/Target/usbh_conf.o
                0x08011428                HAL_HCD_MspInit
 .text.HAL_HCD_SOF_Callback
                0x080114ec       0x1c ./USB_HOST/Target/usbh_conf.o
                0x080114ec                HAL_HCD_SOF_Callback
 .text.HAL_HCD_Connect_Callback
                0x08011508       0x1c ./USB_HOST/Target/usbh_conf.o
                0x08011508                HAL_HCD_Connect_Callback
 .text.HAL_HCD_Disconnect_Callback
                0x08011524       0x1c ./USB_HOST/Target/usbh_conf.o
                0x08011524                HAL_HCD_Disconnect_Callback
 .text.HAL_HCD_HC_NotifyURBChange_Callback
                0x08011540       0x24 ./USB_HOST/Target/usbh_conf.o
                0x08011540                HAL_HCD_HC_NotifyURBChange_Callback
 .text.HAL_HCD_PortEnabled_Callback
                0x08011564       0x1c ./USB_HOST/Target/usbh_conf.o
                0x08011564                HAL_HCD_PortEnabled_Callback
 .text.HAL_HCD_PortDisabled_Callback
                0x08011580       0x1c ./USB_HOST/Target/usbh_conf.o
                0x08011580                HAL_HCD_PortDisabled_Callback
 .text.USBH_LL_Init
                0x0801159c       0x78 ./USB_HOST/Target/usbh_conf.o
                0x0801159c                USBH_LL_Init
 .text.USBH_LL_Start
                0x08011614       0x36 ./USB_HOST/Target/usbh_conf.o
                0x08011614                USBH_LL_Start
 .text.USBH_LL_Stop
                0x0801164a       0x36 ./USB_HOST/Target/usbh_conf.o
                0x0801164a                USBH_LL_Stop
 .text.USBH_LL_GetSpeed
                0x08011680       0x4e ./USB_HOST/Target/usbh_conf.o
                0x08011680                USBH_LL_GetSpeed
 .text.USBH_LL_ResetPort
                0x080116ce       0x36 ./USB_HOST/Target/usbh_conf.o
                0x080116ce                USBH_LL_ResetPort
 .text.USBH_LL_GetLastXferSize
                0x08011704       0x26 ./USB_HOST/Target/usbh_conf.o
                0x08011704                USBH_LL_GetLastXferSize
 .text.USBH_LL_OpenPipe
                0x0801172a       0x5e ./USB_HOST/Target/usbh_conf.o
                0x0801172a                USBH_LL_OpenPipe
 .text.USBH_LL_ClosePipe
                0x08011788       0x3e ./USB_HOST/Target/usbh_conf.o
                0x08011788                USBH_LL_ClosePipe
 .text.USBH_LL_SubmitURB
                0x080117c6       0x62 ./USB_HOST/Target/usbh_conf.o
                0x080117c6                USBH_LL_SubmitURB
 .text.USBH_LL_GetURBState
                0x08011828       0x26 ./USB_HOST/Target/usbh_conf.o
                0x08011828                USBH_LL_GetURBState
 .text.USBH_LL_DriverVBUS
                0x0801184e       0x2e ./USB_HOST/Target/usbh_conf.o
                0x0801184e                USBH_LL_DriverVBUS
 .text.USBH_LL_SetToggle
                0x0801187c       0x66 ./USB_HOST/Target/usbh_conf.o
                0x0801187c                USBH_LL_SetToggle
 .text.USBH_Delay
                0x080118e2       0x16 ./USB_HOST/Target/usbh_conf.o
                0x080118e2                USBH_Delay
 .text.USBH_Get_USB_Status
                0x080118f8       0x58 ./USB_HOST/Target/usbh_conf.o
                0x080118f8                USBH_Get_USB_Status
 .text.MX_DriverVbusFS
                0x08011950       0x38 ./USB_HOST/Target/usbh_platform.o
                0x08011950                MX_DriverVbusFS
 .text.malloc   0x08011988       0x10 /opt/st/stm32cubeide_1.15.0/plugins/com.st.stm32cube.ide.mcu.externaltools.gnu-tools-for-stm32.12.3.rel1.linux64_1.0.100.202403111256/tools/bin/../lib/gcc/arm-none-eabi/12.3.1/../../../../arm-none-eabi/lib/thumb/v7e-m+fp/hard/libc_nano.a(libc_a-malloc.o)
                0x08011988                malloc
 .text.free     0x08011998       0x10 /opt/st/stm32cubeide_1.15.0/plugins/com.st.stm32cube.ide.mcu.externaltools.gnu-tools-for-stm32.12.3.rel1.linux64_1.0.100.202403111256/tools/bin/../lib/gcc/arm-none-eabi/12.3.1/../../../../arm-none-eabi/lib/thumb/v7e-m+fp/hard/libc_nano.a(libc_a-malloc.o)
                0x08011998                free
 .text.sbrk_aligned
                0x080119a8       0x44 /opt/st/stm32cubeide_1.15.0/plugins/com.st.stm32cube.ide.mcu.externaltools.gnu-tools-for-stm32.12.3.rel1.linux64_1.0.100.202403111256/tools/bin/../lib/gcc/arm-none-eabi/12.3.1/../../../../arm-none-eabi/lib/thumb/v7e-m+fp/hard/libc_nano.a(libc_a-mallocr.o)
 .text._malloc_r
                0x080119ec      0x100 /opt/st/stm32cubeide_1.15.0/plugins/com.st.stm32cube.ide.mcu.externaltools.gnu-tools-for-stm32.12.3.rel1.linux64_1.0.100.202403111256/tools/bin/../lib/gcc/arm-none-eabi/12.3.1/../../../../arm-none-eabi/lib/thumb/v7e-m+fp/hard/libc_nano.a(libc_a-mallocr.o)
                0x080119ec                _malloc_r
 .text.__malloc_lock
                0x08011aec        0xc /opt/st/stm32cubeide_1.15.0/plugins/com.st.stm32cube.ide.mcu.externaltools.gnu-tools-for-stm32.12.3.rel1.linux64_1.0.100.202403111256/tools/bin/../lib/gcc/arm-none-eabi/12.3.1/../../../../arm-none-eabi/lib/thumb/v7e-m+fp/hard/libc_nano.a(libc_a-mlock.o)
                0x08011aec                __malloc_lock
 .text.__malloc_unlock
                0x08011af8        0xc /opt/st/stm32cubeide_1.15.0/plugins/com.st.stm32cube.ide.mcu.externaltools.gnu-tools-for-stm32.12.3.rel1.linux64_1.0.100.202403111256/tools/bin/../lib/gcc/arm-none-eabi/12.3.1/../../../../arm-none-eabi/lib/thumb/v7e-m+fp/hard/libc_nano.a(libc_a-mlock.o)
                0x08011af8                __malloc_unlock
 .text.std      0x08011b04       0x6c /opt/st/stm32cubeide_1.15.0/plugins/com.st.stm32cube.ide.mcu.externaltools.gnu-tools-for-stm32.12.3.rel1.linux64_1.0.100.202403111256/tools/bin/../lib/gcc/arm-none-eabi/12.3.1/../../../../arm-none-eabi/lib/thumb/v7e-m+fp/hard/libc_nano.a(libc_a-findfp.o)
 .text.stdio_exit_handler
                0x08011b70       0x18 /opt/st/stm32cubeide_1.15.0/plugins/com.st.stm32cube.ide.mcu.externaltools.gnu-tools-for-stm32.12.3.rel1.linux64_1.0.100.202403111256/tools/bin/../lib/gcc/arm-none-eabi/12.3.1/../../../../arm-none-eabi/lib/thumb/v7e-m+fp/hard/libc_nano.a(libc_a-findfp.o)
 .text.cleanup_stdio
                0x08011b88       0x40 /opt/st/stm32cubeide_1.15.0/plugins/com.st.stm32cube.ide.mcu.externaltools.gnu-tools-for-stm32.12.3.rel1.linux64_1.0.100.202403111256/tools/bin/../lib/gcc/arm-none-eabi/12.3.1/../../../../arm-none-eabi/lib/thumb/v7e-m+fp/hard/libc_nano.a(libc_a-findfp.o)
 .text.global_stdio_init.part.0
                0x08011bc8       0x3c /opt/st/stm32cubeide_1.15.0/plugins/com.st.stm32cube.ide.mcu.externaltools.gnu-tools-for-stm32.12.3.rel1.linux64_1.0.100.202403111256/tools/bin/../lib/gcc/arm-none-eabi/12.3.1/../../../../arm-none-eabi/lib/thumb/v7e-m+fp/hard/libc_nano.a(libc_a-findfp.o)
 .text.__sfp_lock_acquire
                0x08011c04        0xc /opt/st/stm32cubeide_1.15.0/plugins/com.st.stm32cube.ide.mcu.externaltools.gnu-tools-for-stm32.12.3.rel1.linux64_1.0.100.202403111256/tools/bin/../lib/gcc/arm-none-eabi/12.3.1/../../../../arm-none-eabi/lib/thumb/v7e-m+fp/hard/libc_nano.a(libc_a-findfp.o)
                0x08011c04                __sfp_lock_acquire
 .text.__sfp_lock_release
                0x08011c10        0xc /opt/st/stm32cubeide_1.15.0/plugins/com.st.stm32cube.ide.mcu.externaltools.gnu-tools-for-stm32.12.3.rel1.linux64_1.0.100.202403111256/tools/bin/../lib/gcc/arm-none-eabi/12.3.1/../../../../arm-none-eabi/lib/thumb/v7e-m+fp/hard/libc_nano.a(libc_a-findfp.o)
                0x08011c10                __sfp_lock_release
 .text.__sinit  0x08011c1c       0x30 /opt/st/stm32cubeide_1.15.0/plugins/com.st.stm32cube.ide.mcu.externaltools.gnu-tools-for-stm32.12.3.rel1.linux64_1.0.100.202403111256/tools/bin/../lib/gcc/arm-none-eabi/12.3.1/../../../../arm-none-eabi/lib/thumb/v7e-m+fp/hard/libc_nano.a(libc_a-findfp.o)
                0x08011c1c                __sinit
 .text._fwalk_sglue
                0x08011c4c       0x3c /opt/st/stm32cubeide_1.15.0/plugins/com.st.stm32cube.ide.mcu.externaltools.gnu-tools-for-stm32.12.3.rel1.linux64_1.0.100.202403111256/tools/bin/../lib/gcc/arm-none-eabi/12.3.1/../../../../arm-none-eabi/lib/thumb/v7e-m+fp/hard/libc_nano.a(libc_a-fwalk.o)
                0x08011c4c                _fwalk_sglue
 .text.printf   0x08011c88       0x24 /opt/st/stm32cubeide_1.15.0/plugins/com.st.stm32cube.ide.mcu.externaltools.gnu-tools-for-stm32.12.3.rel1.linux64_1.0.100.202403111256/tools/bin/../lib/gcc/arm-none-eabi/12.3.1/../../../../arm-none-eabi/lib/thumb/v7e-m+fp/hard/libc_nano.a(libc_a-printf.o)
                0x08011c88                printf
                0x08011c88                iprintf
 .text.putchar  0x08011cac       0x10 /opt/st/stm32cubeide_1.15.0/plugins/com.st.stm32cube.ide.mcu.externaltools.gnu-tools-for-stm32.12.3.rel1.linux64_1.0.100.202403111256/tools/bin/../lib/gcc/arm-none-eabi/12.3.1/../../../../arm-none-eabi/lib/thumb/v7e-m+fp/hard/libc_nano.a(libc_a-putchar.o)
                0x08011cac                putchar
 .text.sprintf  0x08011cbc       0x40 /opt/st/stm32cubeide_1.15.0/plugins/com.st.stm32cube.ide.mcu.externaltools.gnu-tools-for-stm32.12.3.rel1.linux64_1.0.100.202403111256/tools/bin/../lib/gcc/arm-none-eabi/12.3.1/../../../../arm-none-eabi/lib/thumb/v7e-m+fp/hard/libc_nano.a(libc_a-sprintf.o)
                0x08011cbc                sprintf
                0x08011cbc                siprintf
 .text.__sread  0x08011cfc       0x22 /opt/st/stm32cubeide_1.15.0/plugins/com.st.stm32cube.ide.mcu.externaltools.gnu-tools-for-stm32.12.3.rel1.linux64_1.0.100.202403111256/tools/bin/../lib/gcc/arm-none-eabi/12.3.1/../../../../arm-none-eabi/lib/thumb/v7e-m+fp/hard/libc_nano.a(libc_a-stdio.o)
                0x08011cfc                __sread
 .text.__swrite
                0x08011d1e       0x38 /opt/st/stm32cubeide_1.15.0/plugins/com.st.stm32cube.ide.mcu.externaltools.gnu-tools-for-stm32.12.3.rel1.linux64_1.0.100.202403111256/tools/bin/../lib/gcc/arm-none-eabi/12.3.1/../../../../arm-none-eabi/lib/thumb/v7e-m+fp/hard/libc_nano.a(libc_a-stdio.o)
                0x08011d1e                __swrite
 .text.__sseek  0x08011d56       0x24 /opt/st/stm32cubeide_1.15.0/plugins/com.st.stm32cube.ide.mcu.externaltools.gnu-tools-for-stm32.12.3.rel1.linux64_1.0.100.202403111256/tools/bin/../lib/gcc/arm-none-eabi/12.3.1/../../../../arm-none-eabi/lib/thumb/v7e-m+fp/hard/libc_nano.a(libc_a-stdio.o)
                0x08011d56                __sseek
 .text.__sclose
                0x08011d7a        0x8 /opt/st/stm32cubeide_1.15.0/plugins/com.st.stm32cube.ide.mcu.externaltools.gnu-tools-for-stm32.12.3.rel1.linux64_1.0.100.202403111256/tools/bin/../lib/gcc/arm-none-eabi/12.3.1/../../../../arm-none-eabi/lib/thumb/v7e-m+fp/hard/libc_nano.a(libc_a-stdio.o)
                0x08011d7a                __sclose
 .text.memset   0x08011d82       0x10 /opt/st/stm32cubeide_1.15.0/plugins/com.st.stm32cube.ide.mcu.externaltools.gnu-tools-for-stm32.12.3.rel1.linux64_1.0.100.202403111256/tools/bin/../lib/gcc/arm-none-eabi/12.3.1/../../../../arm-none-eabi/lib/thumb/v7e-m+fp/hard/libc_nano.a(libc_a-memset.o)
                0x08011d82                memset
 *fill*         0x08011d92        0x2 
 .text._close_r
                0x08011d94       0x20 /opt/st/stm32cubeide_1.15.0/plugins/com.st.stm32cube.ide.mcu.externaltools.gnu-tools-for-stm32.12.3.rel1.linux64_1.0.100.202403111256/tools/bin/../lib/gcc/arm-none-eabi/12.3.1/../../../../arm-none-eabi/lib/thumb/v7e-m+fp/hard/libc_nano.a(libc_a-closer.o)
                0x08011d94                _close_r
 .text._reclaim_reent
                0x08011db4       0xac /opt/st/stm32cubeide_1.15.0/plugins/com.st.stm32cube.ide.mcu.externaltools.gnu-tools-for-stm32.12.3.rel1.linux64_1.0.100.202403111256/tools/bin/../lib/gcc/arm-none-eabi/12.3.1/../../../../arm-none-eabi/lib/thumb/v7e-m+fp/hard/libc_nano.a(libc_a-reent.o)
                0x08011db4                _reclaim_reent
 .text._lseek_r
                0x08011e60       0x24 /opt/st/stm32cubeide_1.15.0/plugins/com.st.stm32cube.ide.mcu.externaltools.gnu-tools-for-stm32.12.3.rel1.linux64_1.0.100.202403111256/tools/bin/../lib/gcc/arm-none-eabi/12.3.1/../../../../arm-none-eabi/lib/thumb/v7e-m+fp/hard/libc_nano.a(libc_a-lseekr.o)
                0x08011e60                _lseek_r
 .text._read_r  0x08011e84       0x24 /opt/st/stm32cubeide_1.15.0/plugins/com.st.stm32cube.ide.mcu.externaltools.gnu-tools-for-stm32.12.3.rel1.linux64_1.0.100.202403111256/tools/bin/../lib/gcc/arm-none-eabi/12.3.1/../../../../arm-none-eabi/lib/thumb/v7e-m+fp/hard/libc_nano.a(libc_a-readr.o)
                0x08011e84                _read_r
 .text._sbrk_r  0x08011ea8       0x20 /opt/st/stm32cubeide_1.15.0/plugins/com.st.stm32cube.ide.mcu.externaltools.gnu-tools-for-stm32.12.3.rel1.linux64_1.0.100.202403111256/tools/bin/../lib/gcc/arm-none-eabi/12.3.1/../../../../arm-none-eabi/lib/thumb/v7e-m+fp/hard/libc_nano.a(libc_a-sbrkr.o)
                0x08011ea8                _sbrk_r
 .text._write_r
                0x08011ec8       0x24 /opt/st/stm32cubeide_1.15.0/plugins/com.st.stm32cube.ide.mcu.externaltools.gnu-tools-for-stm32.12.3.rel1.linux64_1.0.100.202403111256/tools/bin/../lib/gcc/arm-none-eabi/12.3.1/../../../../arm-none-eabi/lib/thumb/v7e-m+fp/hard/libc_nano.a(libc_a-writer.o)
                0x08011ec8                _write_r
 .text.__errno  0x08011eec        0xc /opt/st/stm32cubeide_1.15.0/plugins/com.st.stm32cube.ide.mcu.externaltools.gnu-tools-for-stm32.12.3.rel1.linux64_1.0.100.202403111256/tools/bin/../lib/gcc/arm-none-eabi/12.3.1/../../../../arm-none-eabi/lib/thumb/v7e-m+fp/hard/libc_nano.a(libc_a-errno.o)
                0x08011eec                __errno
 .text.__libc_init_array
                0x08011ef8       0x48 /opt/st/stm32cubeide_1.15.0/plugins/com.st.stm32cube.ide.mcu.externaltools.gnu-tools-for-stm32.12.3.rel1.linux64_1.0.100.202403111256/tools/bin/../lib/gcc/arm-none-eabi/12.3.1/../../../../arm-none-eabi/lib/thumb/v7e-m+fp/hard/libc_nano.a(libc_a-init.o)
                0x08011ef8                __libc_init_array
 .text.__retarget_lock_init_recursive
                0x08011f40        0x2 /opt/st/stm32cubeide_1.15.0/plugins/com.st.stm32cube.ide.mcu.externaltools.gnu-tools-for-stm32.12.3.rel1.linux64_1.0.100.202403111256/tools/bin/../lib/gcc/arm-none-eabi/12.3.1/../../../../arm-none-eabi/lib/thumb/v7e-m+fp/hard/libc_nano.a(libc_a-lock.o)
                0x08011f40                __retarget_lock_init_recursive
 .text.__retarget_lock_acquire_recursive
                0x08011f42        0x2 /opt/st/stm32cubeide_1.15.0/plugins/com.st.stm32cube.ide.mcu.externaltools.gnu-tools-for-stm32.12.3.rel1.linux64_1.0.100.202403111256/tools/bin/../lib/gcc/arm-none-eabi/12.3.1/../../../../arm-none-eabi/lib/thumb/v7e-m+fp/hard/libc_nano.a(libc_a-lock.o)
                0x08011f42                __retarget_lock_acquire_recursive
 .text.__retarget_lock_release_recursive
                0x08011f44        0x2 /opt/st/stm32cubeide_1.15.0/plugins/com.st.stm32cube.ide.mcu.externaltools.gnu-tools-for-stm32.12.3.rel1.linux64_1.0.100.202403111256/tools/bin/../lib/gcc/arm-none-eabi/12.3.1/../../../../arm-none-eabi/lib/thumb/v7e-m+fp/hard/libc_nano.a(libc_a-lock.o)
                0x08011f44                __retarget_lock_release_recursive
 .text.strcpy   0x08011f46       0x10 /opt/st/stm32cubeide_1.15.0/plugins/com.st.stm32cube.ide.mcu.externaltools.gnu-tools-for-stm32.12.3.rel1.linux64_1.0.100.202403111256/tools/bin/../lib/gcc/arm-none-eabi/12.3.1/../../../../arm-none-eabi/lib/thumb/v7e-m+fp/hard/libc_nano.a(libc_a-strcpy.o)
                0x08011f46                strcpy
 .text.memcpy   0x08011f56       0x1c /opt/st/stm32cubeide_1.15.0/plugins/com.st.stm32cube.ide.mcu.externaltools.gnu-tools-for-stm32.12.3.rel1.linux64_1.0.100.202403111256/tools/bin/../lib/gcc/arm-none-eabi/12.3.1/../../../../arm-none-eabi/lib/thumb/v7e-m+fp/hard/libc_nano.a(libc_a-memcpy-stub.o)
                0x08011f56                memcpy
 *fill*         0x08011f72        0x2 
 .text._free_r  0x08011f74       0x94 /opt/st/stm32cubeide_1.15.0/plugins/com.st.stm32cube.ide.mcu.externaltools.gnu-tools-for-stm32.12.3.rel1.linux64_1.0.100.202403111256/tools/bin/../lib/gcc/arm-none-eabi/12.3.1/../../../../arm-none-eabi/lib/thumb/v7e-m+fp/hard/libc_nano.a(libc_a-freer.o)
                0x08011f74                _free_r
 .text.__ssputs_r
                0x08012008       0xb6 /opt/st/stm32cubeide_1.15.0/plugins/com.st.stm32cube.ide.mcu.externaltools.gnu-tools-for-stm32.12.3.rel1.linux64_1.0.100.202403111256/tools/bin/../lib/gcc/arm-none-eabi/12.3.1/../../../../arm-none-eabi/lib/thumb/v7e-m+fp/hard/libc_nano.a(libc_a-nano-svfprintf.o)
                0x08012008                __ssputs_r
 *fill*         0x080120be        0x2 
 .text._svfprintf_r
                0x080120c0      0x1f8 /opt/st/stm32cubeide_1.15.0/plugins/com.st.stm32cube.ide.mcu.externaltools.gnu-tools-for-stm32.12.3.rel1.linux64_1.0.100.202403111256/tools/bin/../lib/gcc/arm-none-eabi/12.3.1/../../../../arm-none-eabi/lib/thumb/v7e-m+fp/hard/libc_nano.a(libc_a-nano-svfprintf.o)
                0x080120c0                _svfprintf_r
                0x080120c0                _svfiprintf_r
 .text.__sfputc_r
                0x080122b8       0x2e /opt/st/stm32cubeide_1.15.0/plugins/com.st.stm32cube.ide.mcu.externaltools.gnu-tools-for-stm32.12.3.rel1.linux64_1.0.100.202403111256/tools/bin/../lib/gcc/arm-none-eabi/12.3.1/../../../../arm-none-eabi/lib/thumb/v7e-m+fp/hard/libc_nano.a(libc_a-nano-vfprintf.o)
 .text.__sfputs_r
                0x080122e6       0x24 /opt/st/stm32cubeide_1.15.0/plugins/com.st.stm32cube.ide.mcu.externaltools.gnu-tools-for-stm32.12.3.rel1.linux64_1.0.100.202403111256/tools/bin/../lib/gcc/arm-none-eabi/12.3.1/../../../../arm-none-eabi/lib/thumb/v7e-m+fp/hard/libc_nano.a(libc_a-nano-vfprintf.o)
                0x080122e6                __sfputs_r
 *fill*         0x0801230a        0x2 
 .text._vfprintf_r
                0x0801230c      0x230 /opt/st/stm32cubeide_1.15.0/plugins/com.st.stm32cube.ide.mcu.externaltools.gnu-tools-for-stm32.12.3.rel1.linux64_1.0.100.202403111256/tools/bin/../lib/gcc/arm-none-eabi/12.3.1/../../../../arm-none-eabi/lib/thumb/v7e-m+fp/hard/libc_nano.a(libc_a-nano-vfprintf.o)
                0x0801230c                _vfiprintf_r
                0x0801230c                _vfprintf_r
 .text._printf_common
                0x0801253c       0xda /opt/st/stm32cubeide_1.15.0/plugins/com.st.stm32cube.ide.mcu.externaltools.gnu-tools-for-stm32.12.3.rel1.linux64_1.0.100.202403111256/tools/bin/../lib/gcc/arm-none-eabi/12.3.1/../../../../arm-none-eabi/lib/thumb/v7e-m+fp/hard/libc_nano.a(libc_a-nano-vfprintf_i.o)
                0x0801253c                _printf_common
 *fill*         0x08012616        0x2 
 .text._printf_i
                0x08012618      0x240 /opt/st/stm32cubeide_1.15.0/plugins/com.st.stm32cube.ide.mcu.externaltools.gnu-tools-for-stm32.12.3.rel1.linux64_1.0.100.202403111256/tools/bin/../lib/gcc/arm-none-eabi/12.3.1/../../../../arm-none-eabi/lib/thumb/v7e-m+fp/hard/libc_nano.a(libc_a-nano-vfprintf_i.o)
                0x08012618                _printf_i
 .text.__sflush_r
                0x08012858      0x108 /opt/st/stm32cubeide_1.15.0/plugins/com.st.stm32cube.ide.mcu.externaltools.gnu-tools-for-stm32.12.3.rel1.linux64_1.0.100.202403111256/tools/bin/../lib/gcc/arm-none-eabi/12.3.1/../../../../arm-none-eabi/lib/thumb/v7e-m+fp/hard/libc_nano.a(libc_a-fflush.o)
                0x08012858                __sflush_r
 .text._fflush_r
                0x08012960       0x50 /opt/st/stm32cubeide_1.15.0/plugins/com.st.stm32cube.ide.mcu.externaltools.gnu-tools-for-stm32.12.3.rel1.linux64_1.0.100.202403111256/tools/bin/../lib/gcc/arm-none-eabi/12.3.1/../../../../arm-none-eabi/lib/thumb/v7e-m+fp/hard/libc_nano.a(libc_a-fflush.o)
                0x08012960                _fflush_r
 .text._putc_r  0x080129b0       0x68 /opt/st/stm32cubeide_1.15.0/plugins/com.st.stm32cube.ide.mcu.externaltools.gnu-tools-for-stm32.12.3.rel1.linux64_1.0.100.202403111256/tools/bin/../lib/gcc/arm-none-eabi/12.3.1/../../../../arm-none-eabi/lib/thumb/v7e-m+fp/hard/libc_nano.a(libc_a-putc.o)
                0x080129b0                _putc_r
 .text.__swbuf_r
                0x08012a18       0x7c /opt/st/stm32cubeide_1.15.0/plugins/com.st.stm32cube.ide.mcu.externaltools.gnu-tools-for-stm32.12.3.rel1.linux64_1.0.100.202403111256/tools/bin/../lib/gcc/arm-none-eabi/12.3.1/../../../../arm-none-eabi/lib/thumb/v7e-m+fp/hard/libc_nano.a(libc_a-wbuf.o)
                0x08012a18                __swbuf_r
 .text.__swsetup_r